Component: ARM Compiler 6.11 Tool: armlink [5d3b3900]

==============================================================================

Section Cross References

    startup_stm32f745xx.o(RESET) refers to startup_stm32f745xx.o(STACK) for __initial_sp
    startup_stm32f745xx.o(RESET) refers to startup_stm32f745xx.o(.text) for Reset_Handler
    startup_stm32f745xx.o(RESET) refers to stm32f7xx_it.o(.text.NMI_Handler) for NMI_Handler
    startup_stm32f745xx.o(RESET) refers to stm32f7xx_it.o(.text.HardFault_Handler) for HardFault_Handler
    startup_stm32f745xx.o(RESET) refers to stm32f7xx_it.o(.text.MemManage_Handler) for MemManage_Handler
    startup_stm32f745xx.o(RESET) refers to stm32f7xx_it.o(.text.BusFault_Handler) for BusFault_Handler
    startup_stm32f745xx.o(RESET) refers to stm32f7xx_it.o(.text.UsageFault_Handler) for UsageFault_Handler
    startup_stm32f745xx.o(RESET) refers to stm32f7xx_it.o(.text.SVC_Handler) for SVC_Handler
    startup_stm32f745xx.o(RESET) refers to stm32f7xx_it.o(.text.DebugMon_Handler) for DebugMon_Handler
    startup_stm32f745xx.o(RESET) refers to stm32f7xx_it.o(.text.PendSV_Handler) for PendSV_Handler
    startup_stm32f745xx.o(RESET) refers to stm32f7xx_it.o(.text.SysTick_Handler) for SysTick_Handler
    startup_stm32f745xx.o(RESET) refers to stm32f7xx_it.o(.text.CAN1_TX_IRQHandler) for CAN1_TX_IRQHandler
    startup_stm32f745xx.o(RESET) refers to stm32f7xx_it.o(.text.CAN1_RX0_IRQHandler) for CAN1_RX0_IRQHandler
    startup_stm32f745xx.o(RESET) refers to stm32f7xx_it.o(.text.USART1_IRQHandler) for USART1_IRQHandler
    startup_stm32f745xx.o(RESET) refers to stm32f7xx_it.o(.text.DMA2_Stream2_IRQHandler) for DMA2_Stream2_IRQHandler
    startup_stm32f745xx.o(RESET) refers to stm32f7xx_it.o(.text.OTG_FS_IRQHandler) for OTG_FS_IRQHandler
    startup_stm32f745xx.o(RESET) refers to stm32f7xx_it.o(.text.DMA2_Stream7_IRQHandler) for DMA2_Stream7_IRQHandler
    startup_stm32f745xx.o(.text) refers to system_stm32f7xx.o(.text.SystemInit) for SystemInit
    startup_stm32f745xx.o(.text) refers to entry.o(.ARM.Collect$$$$00000000) for __main
    usb_device.o(.text.MX_USB_DEVICE_Init) refers to usbd_core.o(.text.USBD_Init) for USBD_Init
    usb_device.o(.text.MX_USB_DEVICE_Init) refers to usbd_core.o(.text.USBD_RegisterClass) for USBD_RegisterClass
    usb_device.o(.text.MX_USB_DEVICE_Init) refers to usbd_cdc.o(.text.USBD_CDC_RegisterInterface) for USBD_CDC_RegisterInterface
    usb_device.o(.text.MX_USB_DEVICE_Init) refers to usbd_core.o(.text.USBD_Start) for USBD_Start
    usb_device.o(.text.MX_USB_DEVICE_Init) refers to usb_device.o(.bss.hUsbDeviceFS) for hUsbDeviceFS
    usb_device.o(.text.MX_USB_DEVICE_Init) refers to usbd_desc.o(.data.FS_Desc) for FS_Desc
    usb_device.o(.text.MX_USB_DEVICE_Init) refers to usbd_cdc.o(.data.USBD_CDC) for USBD_CDC
    usb_device.o(.text.MX_USB_DEVICE_Init) refers to usbd_cdc_if.o(.data.USBD_Interface_fops_FS) for USBD_Interface_fops_FS
    usb_device.o(.ARM.exidx.text.MX_USB_DEVICE_Init) refers to usb_device.o(.text.MX_USB_DEVICE_Init) for [Anonymous Symbol]
    usbd_conf.o(.text.HAL_PCD_MspInit) refers to stm32f7xx_hal_gpio.o(.text.HAL_GPIO_Init) for HAL_GPIO_Init
    usbd_conf.o(.text.HAL_PCD_MspInit) refers to stm32f7xx_hal_cortex.o(.text.HAL_NVIC_SetPriority) for HAL_NVIC_SetPriority
    usbd_conf.o(.text.HAL_PCD_MspInit) refers to stm32f7xx_hal_cortex.o(.text.HAL_NVIC_EnableIRQ) for HAL_NVIC_EnableIRQ
    usbd_conf.o(.ARM.exidx.text.HAL_PCD_MspInit) refers to usbd_conf.o(.text.HAL_PCD_MspInit) for [Anonymous Symbol]
    usbd_conf.o(.text.HAL_PCD_MspDeInit) refers to stm32f7xx_hal_gpio.o(.text.HAL_GPIO_DeInit) for HAL_GPIO_DeInit
    usbd_conf.o(.text.HAL_PCD_MspDeInit) refers to stm32f7xx_hal_cortex.o(.text.HAL_NVIC_DisableIRQ) for HAL_NVIC_DisableIRQ
    usbd_conf.o(.ARM.exidx.text.HAL_PCD_MspDeInit) refers to usbd_conf.o(.text.HAL_PCD_MspDeInit) for [Anonymous Symbol]
    usbd_conf.o(.text.HAL_PCD_SetupStageCallback) refers to usbd_core.o(.text.USBD_LL_SetupStage) for USBD_LL_SetupStage
    usbd_conf.o(.ARM.exidx.text.HAL_PCD_SetupStageCallback) refers to usbd_conf.o(.text.HAL_PCD_SetupStageCallback) for [Anonymous Symbol]
    usbd_conf.o(.text.HAL_PCD_DataOutStageCallback) refers to usbd_core.o(.text.USBD_LL_DataOutStage) for USBD_LL_DataOutStage
    usbd_conf.o(.ARM.exidx.text.HAL_PCD_DataOutStageCallback) refers to usbd_conf.o(.text.HAL_PCD_DataOutStageCallback) for [Anonymous Symbol]
    usbd_conf.o(.text.HAL_PCD_DataInStageCallback) refers to usbd_core.o(.text.USBD_LL_DataInStage) for USBD_LL_DataInStage
    usbd_conf.o(.ARM.exidx.text.HAL_PCD_DataInStageCallback) refers to usbd_conf.o(.text.HAL_PCD_DataInStageCallback) for [Anonymous Symbol]
    usbd_conf.o(.text.HAL_PCD_SOFCallback) refers to usbd_core.o(.text.USBD_LL_SOF) for USBD_LL_SOF
    usbd_conf.o(.ARM.exidx.text.HAL_PCD_SOFCallback) refers to usbd_conf.o(.text.HAL_PCD_SOFCallback) for [Anonymous Symbol]
[...]
    [Anonymous Symbol]                       0x08003ac0   Section        0  usbd_ctlreq.o(.text.USBD_CtlError)
    [Anonymous Symbol]                       0x08003ad6   Section        0  usbd_ioreq.o(.text.USBD_CtlPrepareRx)
    [Anonymous Symbol]                       0x08003af4   Section        0  usbd_ioreq.o(.text.USBD_CtlReceiveStatus)
    [Anonymous Symbol]                       0x08003b0a   Section        0  usbd_ioreq.o(.text.USBD_CtlSendData)
    [Anonymous Symbol]                       0x08003b24   Section        0  usbd_ioreq.o(.text.USBD_CtlSendStatus)
    [Anonymous Symbol]                       0x08003b3c   Section        0  usbd_desc.o(.text.USBD_FS_ConfigStrDescriptor)
    [Anonymous Symbol]                       0x08003b5c   Section        0  usbd_desc.o(.text.USBD_FS_DeviceDescriptor)
    __arm_cp.0_0                             0x08003b64   Number         4  usbd_desc.o(.text.USBD_FS_DeviceDescriptor)
    [Anonymous Symbol]                       0x08003b68   Section        0  usbd_desc.o(.text.USBD_FS_InterfaceStrDescriptor)
    [Anonymous Symbol]                       0x08003b8c   Section        0  usbd_desc.o(.text.USBD_FS_LangIDStrDescriptor)
    __arm_cp.1_0                             0x08003b94   Number         4  usbd_desc.o(.text.USBD_FS_LangIDStrDescriptor)
    [Anonymous Symbol]                       0x08003b98   Section        0  usbd_desc.o(.text.USBD_FS_ManufacturerStrDescriptor)
    [Anonymous Symbol]                       0x08003bc0   Section        0  usbd_desc.o(.text.USBD_FS_ProductStrDescriptor)
    [Anonymous Symbol]                       0x08003bec   Section        0  usbd_desc.o(.text.USBD_FS_SerialStrDescriptor)
    __arm_cp.4_1                             0x08003c10   Number         4  usbd_desc.o(.text.USBD_FS_SerialStrDescriptor)
    [Anonymous Symbol]                       0x08003c14   Section        0  usbd_desc.o(.text.USBD_FS_USR_BOSDescriptor)
    __arm_cp.7_0                             0x08003c1c   Number         4  usbd_desc.o(.text.USBD_FS_USR_BOSDescriptor)
    [Anonymous Symbol]                       0x08003c20   Section        0  usbd_ctlreq.o(.text.USBD_GetString)
    [Anonymous Symbol]                       0x08003c7a   Section        0  usbd_core.o(.text.USBD_Init)
    [Anonymous Symbol]                       0x08003ca8   Section        0  usbd_conf.o(.text.USBD_LL_ClearStallEP)
    [Anonymous Symbol]                       0x08003cc8   Section        0  usbd_conf.o(.text.USBD_LL_CloseEP)
    [Anonymous Symbol]                       0x08003ce8   Section        0  usbd_core.o(.text.USBD_LL_DataInStage)
    [Anonymous Symbol]                       0x08003daa   Section        0  usbd_core.o(.text.USBD_LL_DataOutStage)
    [Anonymous Symbol]                       0x08003e26   Section        0  usbd_core.o(.text.USBD_LL_DevConnected)
    [Anonymous Symbol]                       0x08003e2a   Section        0  usbd_core.o(.text.USBD_LL_DevDisconnected)
    [Anonymous Symbol]                       0x08003e40   Section        0  usbd_conf.o(.text.USBD_LL_GetRxDataSize)
    [Anonymous Symbol]                       0x08003e4c   Section        0  usbd_conf.o(.text.USBD_LL_Init)
    __arm_cp.13_0                            0x08003eb0   Number         4  usbd_conf.o(.text.USBD_LL_Init)
    [Anonymous Symbol]                       0x08003eb4   Section        0  usbd_conf.o(.text.USBD_LL_IsStallEP)
    [Anonymous Symbol]                       0x08003ed4   Section        0  usbd_core.o(.text.USBD_LL_IsoINIncomplete)
    [Anonymous Symbol]                       0x08003ed8   Section        0  usbd_core.o(.text.USBD_LL_IsoOUTIncomplete)
    [Anonymous Symbol]                       0x08003edc   Section        0  usbd_conf.o(.text.USBD_LL_OpenEP)
    [Anonymous Symbol]                       0x08003f00   Section        0  usbd_conf.o(.text.USBD_LL_PrepareReceive)
    [Anonymous Symbol]                       0x08003f20   Section        0  usbd_core.o(.text.USBD_LL_Reset)
    [Anonymous Symbol]                       0x08003f74   Section        0  usbd_core.o(.text.USBD_LL_Resume)
    [Anonymous Symbol]                       0x08003f82   Section        0  usbd_core.o(.text.USBD_LL_SOF)
    [Anonymous Symbol]                       0x08003f9e   Section        0  usbd_core.o(.text.USBD_LL_SetSpeed)
    [Anonymous Symbol]                       0x08003fa8   Section        0  usbd_conf.o(.text.USBD_LL_SetUSBAddress)
    [Anonymous Symbol]                       0x08003fc8   Section        0  usbd_core.o(.text.USBD_LL_SetupStage)
    [Anonymous Symbol]                       0x08004024   Section        0  usbd_conf.o(.text.USBD_LL_StallEP)
    [Anonymous Symbol]                       0x08004044   Section        0  usbd_conf.o(.text.USBD_LL_Start)
    [Anonymous Symbol]                       0x08004064   Section        0  usbd_core.o(.text.USBD_LL_Suspend)
    [Anonymous Symbol]                       0x08004078   Section        0  usbd_conf.o(.text.USBD_LL_Transmit)
    __arm_cp.24_0                            0x08004098   Number         4  usbd_conf.o(.text.USBD_LL_Transmit)
    [Anonymous Symbol]                       0x0800409c   Section        0  usbd_ctlreq.o(.text.USBD_ParseSetupRequest)
    [Anonymous Symbol]                       0x080040b2   Section        0  usbd_core.o(.text.USBD_RegisterClass)
    [Anonymous Symbol]                       0x080040c2   Section        0  usbd_core.o(.text.USBD_SetClassConfig)
    [Anonymous Symbol]                       0x080040dc   Section        0  usbd_core.o(.text.USBD_Start)
    [Anonymous Symbol]                       0x080040e8   Section        0  usbd_ctlreq.o(.text.USBD_StdDevReq)
    __arm_cp.0_0                             0x08004348   Number         4  usbd_ctlreq.o(.text.USBD_StdDevReq)
    [Anonymous Symbol]                       0x0800434c   Section        0  usbd_ctlreq.o(.text.USBD_StdEPReq)
    [Anonymous Symbol]                       0x080044ac   Section        0  usbd_ctlreq.o(.text.USBD_StdItfReq)
    [Anonymous Symbol]                       0x080044f8   Section        0  stm32f7xx_ll_usb.o(.text.USB_ActivateEndpoint)
    __arm_cp.10_0                            0x08004578   Number         4  stm32f7xx_ll_usb.o(.text.USB_ActivateEndpoint)
    [Anonymous Symbol]                       0x0800457c   Section        0  stm32f7xx_ll_usb.o(.text.USB_ActivateSetup)
    [Anonymous Symbol]                       0x080045b4   Section        0  stm32f7xx_ll_usb.o(.text.USB_CoreInit)
    __arm_cp.0_0                             0x0800461c   Number         4  stm32f7xx_ll_usb.o(.text.USB_CoreInit)
    USB_CoreReset                            0x08004621   Thumb Code    52  stm32f7xx_ll_usb.o(.text.USB_CoreReset)
    [Anonymous Symbol]                       0x08004620   Section        0  stm32f7xx_ll_usb.o(.text.USB_CoreReset)
    [Anonymous Symbol]                       0x08004650   Section        0  stm32f7xx_ll_usb.o(.text.USB_DeactivateEndpoint)
    __arm_cp.12_0                            0x080046c4   Number         4  stm32f7xx_ll_usb.o(.text.USB_DeactivateEndpoint)
    __arm_cp.12_1                            0x080046c8   Number         4  stm32f7xx_ll_usb.o(.text.USB_DeactivateEndpoint)
    [Anonymous Symbol]                       0x080046cc   Section        0  stm32f7xx_ll_usb.o(.text.USB_DevConnect)
    [Anonymous Symbol]                       0x080046e4   Section        0  stm32f7xx_ll_usb.o(.text.USB_DevDisconnect)
    [Anonymous Symbol]                       0x080046fc   Section        0  stm32f7xx_ll_usb.o(.text.USB_DevInit)
    __arm_cp.5_0                             0x08004874   Number         4  stm32f7xx_ll_usb.o(.text.USB_DevInit)
    __arm_cp.5_1                             0x08004878   Number         4  stm32f7xx_ll_usb.o(.text.USB_DevInit)
    __arm_cp.5_2                             0x0800487c   Number         4  stm32f7xx_ll_usb.o(.text.USB_DevInit)
    __arm_cp.5_3                             0x08004880   Number         4  stm32f7xx_ll_usb.o(.text.USB_DevInit)
    __arm_cp.5_4                             0x08004884   Number         4  stm32f7xx_ll_usb.o(.text.USB_DevInit)
    __arm_cp.5_5                             0x08004888   Number         4  stm32f7xx_ll_usb.o(.text.USB_DevInit)
    [Anonymous Symbol]                       0x0800488c   Section        0  stm32f7xx_ll_usb.o(.text.USB_DisableGlobalInt)
    [Anonymous Symbol]                       0x0800489c   Section        0  stm32f7xx_ll_usb.o(.text.USB_EP0StartXfer)
    __arm_cp.16_0                            0x08004984   Number         4  stm32f7xx_ll_usb.o(.text.USB_EP0StartXfer)
    [Anonymous Symbol]                       0x08004988   Section        0  stm32f7xx_ll_usb.o(.text.USB_EP0_OutStart)
    [Anonymous Symbol]                       0x080049c6   Section        0  stm32f7xx_ll_usb.o(.text.USB_EPClearStall)
    [Anonymous Symbol]                       0x08004a1c   Section        0  stm32f7xx_ll_usb.o(.text.USB_EPSetStall)
    [Anonymous Symbol]                       0x08004a5c   Section        0  stm32f7xx_ll_usb.o(.text.USB_EPStartXfer)
    __arm_cp.14_0                            0x08004c04   Number         4  stm32f7xx_ll_usb.o(.text.USB_EPStartXfer)
    [Anonymous Symbol]                       0x08004c08   Section        0  stm32f7xx_ll_usb.o(.text.USB_EnableGlobalInt)
    [Anonymous Symbol]                       0x08004c18   Section        0  stm32f7xx_ll_usb.o(.text.USB_FlushRxFifo)
    [Anonymous Symbol]                       0x08004c38   Section        0  stm32f7xx_ll_usb.o(.text.USB_FlushTxFifo)
    __arm_cp.7_0                             0x08004c58   Number         4  stm32f7xx_ll_usb.o(.text.USB_FlushTxFifo)
    [Anonymous Symbol]                       0x08004c5c   Section        0  stm32f7xx_ll_usb.o(.text.USB_GetDevSpeed)
    [Anonymous Symbol]                       0x08004c82   Section        0  stm32f7xx_ll_usb.o(.text.USB_GetMode)
    [Anonymous Symbol]                       0x08004c8a   Section        0  stm32f7xx_ll_usb.o(.text.USB_ReadDevAllInEpInterrupt)
    [Anonymous Symbol]                       0x08004c98   Section        0  stm32f7xx_ll_usb.o(.text.USB_ReadDevAllOutEpInterrupt)
    [Anonymous Symbol]                       0x08004ca6   Section        0  stm32f7xx_ll_usb.o(.text.USB_ReadDevInEPInterrupt)
    [Anonymous Symbol]                       0x08004cca   Section        0  stm32f7xx_ll_usb.o(.text.USB_ReadDevOutEPInterrupt)
    [Anonymous Symbol]                       0x08004cda   Section        0  stm32f7xx_ll_usb.o(.text.USB_ReadInterrupts)
    [Anonymous Symbol]                       0x08004ce2   Section        0  stm32f7xx_ll_usb.o(.text.USB_ReadPacket)
    [Anonymous Symbol]                       0x08004d06   Section        0  stm32f7xx_ll_usb.o(.text.USB_SetCurrentMode)
    [Anonymous Symbol]                       0x08004d34   Section        0  stm32f7xx_ll_usb.o(.text.USB_SetDevAddress)
    [Anonymous Symbol]                       0x08004d56   Section        0  stm32f7xx_ll_usb.o(.text.USB_WritePacket)
    [Anonymous Symbol]                       0x08004d7c   Section        0  stm32f7xx_it.o(.text.UsageFault_Handler)
    [Anonymous Symbol]                       0x08004d80   Section        0  main.o(.text.main)
    __arm_cp.0_15                            0x08005174   Number         4  main.o(.text.main)
    __arm_cp.0_1                             0x080051b0   Number         4  main.o(.text.main)
    __arm_cp.0_2                             0x080051b4   Number         4  main.o(.text.main)
    __arm_cp.0_3                             0x080051b8   Number         4  main.o(.text.main)
    __arm_cp.0_4                             0x080051bc   Number         4  main.o(.text.main)
    __arm_cp.0_5                             0x080051c0   Number         4  main.o(.text.main)
    __arm_cp.0_6                             0x080051c4   Number         4  main.o(.text.main)
    __arm_cp.0_7                             0x080051c8   Number         4  main.o(.text.main)
    __arm_cp.0_8                             0x080051cc   Number         4  main.o(.text.main)
    __arm_cp.0_9                             0x080051d0   Number         4  main.o(.text.main)
    __arm_cp.0_10                            0x080051d4   Number         4  main.o(.text.main)
    __arm_cp.0_11                            0x080051d8   Number         4  main.o(.text.main)
    __arm_cp.0_12                            0x080051dc   Number         4  main.o(.text.main)
    __arm_cp.0_13                            0x080051e0   Number         4  main.o(.text.main)
    __arm_cp.0_14                            0x080051e4   Number         4  main.o(.text.main)
    i.__scatterload_copy                     0x080051e8   Section       14  handlers.o(i.__scatterload_copy)
    i.__scatterload_null                     0x080051f6   Section        2  handlers.o(i.__scatterload_null)
    i.__scatterload_zeroinit                 0x080051f8   Section       14  handlers.o(i.__scatterload_zeroinit)
    i.free                                   0x08005208   Section        0  malloc.o(i.free)
    i.malloc                                 0x08005258   Section        0  malloc.o(i.malloc)
    .data                                    0x20000000   Section        4  mvars.o(.data)
    .data                                    0x20000004   Section        4  mvars.o(.data)
    [Anonymous Symbol]                       0x20000008   Section        0  stm32f7xx_hal.o(.data..L_MergedGlobals)
    USBD_CDC_DeviceQualifierDesc             0x200000f4   Data          10  usbd_cdc.o(.data.USBD_CDC_DeviceQualifierDesc)
    [Anonymous Symbol]                       0x200000f4   Section        0  usbd_cdc.o(.data.USBD_CDC_DeviceQualifierDesc)
    [Anonymous Symbol]                       0x20000178   Section        0  main.o(.bss..L_MergedGlobals)
    USBD_SetConfig.cfgidx                    0x200001e0   Data           1  usbd_ctlreq.o(.bss.USBD_SetConfig.cfgidx)
    [Anonymous Symbol]                       0x200001e0   Section        0  usbd_ctlreq.o(.bss.USBD_SetConfig.cfgidx)
    HEAP                                     0x20001d70   Section      512  startup_stm32f745xx.o(HEAP)
    STACK                                    0x20001f70   Section     1024  startup_stm32f745xx.o(STACK)

    Global Symbols

    Symbol Name                              Value     Ov Type        Size  Object(Section)

    BuildAttributes$$THM_ISAv4$E$P$D$K$B$S$7EM$VFPi5$EXTD16$VFPS$VFMA$PE$PLD8$A:L22UL41UL21$X:L11$S22US41US21$IEEE1$IW$~IW$USESV6$~STKCKD$USESV7$~SHL$OSPACE$EBA8$UX$MICROLIB$REQ8$EABIv2 0x00000000   Number         0  anon$$obj.o ABSOLUTE
    SHT$$ARM_EXIDX$$Base                      - Undefined Reference
    SHT$$ARM_EXIDX$$Limit                     - Undefined Reference
    __cpp_initialize__aeabi_                  - Undefined Weak Reference
    __cxa_finalize                            - Undefined Weak Reference
    _clock_init                               - Undefined Weak Reference
    _microlib_exit                            - Undefined Weak Reference
    __Vectors_Size                           0x000001c8   Number         0  startup_stm32f745xx.o ABSOLUTE
    __Vectors                                0x08000000   Data           4  startup_stm32f745xx.o(RESET)
    __Vectors_End                            0x080001c8   Data           0  startup_stm32f745xx.o(RESET)
    __main                                   0x080001c9   Thumb Code     0  entry.o(.ARM.Collect$$$$00000000)
    _main_stk                                0x080001c9   Thumb Code     0  entry2.o(.ARM.Collect$$$$00000001)
    _main_scatterload                        0x080001cd   Thumb Code     0  entry5.o(.ARM.Collect$$$$00000004)
    __main_after_scatterload                 0x080001d1   Thumb Code     0  entry5.o(.ARM.Collect$$$$00000004)
    _main_clock                              0x080001d1   Thumb Code     0  entry7b.o(.ARM.Collect$$$$00000008)
    _main_cpp_init                           0x080001d1   Thumb Code     0  entry8b.o(.ARM.Collect$$$$0000000A)
    _main_init                               0x080001d1   Thumb Code     0  entry9a.o(.ARM.Collect$$$$0000000B)
    __rt_final_cpp                           0x080001d9   Thumb Code     0  entry10a.o(.ARM.Collect$$$$0000000D)
    __rt_final_exit                          0x080001d9   Thumb Code     0  entry11a.o(.ARM.Collect$$$$0000000F)
    Reset_Handler                            0x080001dd   Thumb Code     8  startup_stm32f745xx.o(.text)
    ADC_IRQHandler                           0x080001f7   Thumb Code     0  startup_stm32f745xx.o(.text)
    CAN1_RX1_IRQHandler                      0x080001f7   Thumb Code     0  startup_stm32f745xx.o(.text)
    CAN1_SCE_IRQHandler                      0x080001f7   Thumb Code     0  startup_stm32f745xx.o(.text)
    CAN2_RX0_IRQHandler                      0x080001f7   Thumb Code     0  startup_stm32f745xx.o(.text)
    CAN2_RX1_IRQHandler                      0x080001f7   Thumb Code     0  startup_stm32f745xx.o(.text)
    CAN2_SCE_IRQHandler                      0x080001f7   Thumb Code     0  startup_stm32f745xx.o(.text)
    CAN2_TX_IRQHandler                       0x080001f7   Thumb Code     0  startup_stm32f745xx.o(.text)
    CEC_IRQHandler                           0x080001f7   Thumb Code     0  startup_stm32f745xx.o(.text)
    DCMI_IRQHandler                          0x080001f7   Thumb Code     0  startup_stm32f745xx.o(.text)
    DMA1_Stream0_IRQHandler                  0x080001f7   Thumb Code     0  startup_stm32f745xx.o(.text)
    DMA1_Stream1_IRQHandler                  0x080001f7   Thumb Code     0  startup_stm32f745xx.o(.text)
    DMA1_Stream2_IRQHandler                  0x080001f7   Thumb Code     0  startup_stm32f745xx.o(.text)
    DMA1_Stream3_IRQHandler                  0x080001f7   Thumb Code     0  startup_stm32f745xx.o(.text)
    DMA1_Stream4_IRQHandler                  0x080001f7   Thumb Code     0  startup_stm32f745xx.o(.text)
    DMA1_Stream5_IRQHandler                  0x080001f7   Thumb Code     0  startup_stm32f745xx.o(.text)
    DMA1_Stream6_IRQHandler                  0x080001f7   Thumb Code     0  startup_stm32f745xx.o(.text)
    DMA1_Stream7_IRQHandler                  0x080001f7   Thumb Code     0  startup_stm32f745xx.o(.text)
    DMA2D_IRQHandler                         0x080001f7   Thumb Code     0  startup_stm32f745xx.o(.text)
    DMA2_Stream0_IRQHandler                  0x080001f7   Thumb Code     0  startup_stm32f745xx.o(.text)
    DMA2_Stream1_IRQHandler                  0x080001f7   Thumb Code     0  startup_stm32f745xx.o(.text)
    DMA2_Stream3_IRQHandler                  0x080001f7   Thumb Code     0  startup_stm32f745xx.o(.text)
    DMA2_Stream4_IRQHandler                  0x080001f7   Thumb Code     0  startup_stm32f745xx.o(.text)
    DMA2_Stream5_IRQHandler                  0x080001f7   Thumb Code     0  startup_stm32f745xx.o(.text)
    DMA2_Stream6_IRQHandler                  0x080001f7   Thumb Code     0  startup_stm32f745xx.o(.text)
    ETH_IRQHandler                           0x080001f7   Thumb Code     0  startup_stm32f745xx.o(.text)
    ETH_WKUP_IRQHandler                      0x080001f7   Thumb Code     0  startup_stm32f745xx.o(.text)
    EXTI0_IRQHandler                         0x080001f7   Thumb Code     0  startup_stm32f745xx.o(.text)
    EXTI15_10_IRQHandler                     0x080001f7   Thumb Code     0  startup_stm32f745xx.o(.text)
    EXTI1_IRQHandler                         0x080001f7   Thumb Code     0  startup_stm32f745xx.o(.text)
    EXTI2_IRQHandler                         0x080001f7   Thumb Code     0  startup_stm32f745xx.o(.text)
    EXTI3_IRQHandler                         0x080001f7   Thumb Code     0  startup_stm32f745xx.o(.text)
    EXTI4_IRQHandler                         0x080001f7   Thumb Code     0  startup_stm32f745xx.o(.text)
    EXTI9_5_IRQHandler                       0x080001f7   Thumb Code     0  startup_stm32f745xx.o(.text)
    FLASH_IRQHandler                         0x080001f7   Thumb Code     0  startup_stm32f745xx.o(.text)
    FMC_IRQHandler                           0x080001f7   Thumb Code     0  startup_stm32f745xx.o(.text)
    FPU_IRQHandler                           0x080001f7   Thumb Code     0  startup_stm32f745xx.o(.text)
    I2C1_ER_IRQHandler                       0x080001f7   Thumb Code     0  startup_stm32f745xx.o(.text)
    I2C1_EV_IRQHandler                       0x080001f7   Thumb Code     0  startup_stm32f745xx.o(.text)
    I2C2_ER_IRQHandler                       0x080001f7   Thumb Code     0  startup_stm32f745xx.o(.text)
    I2C2_EV_IRQHandler                       0x080001f7   Thumb Code     0  startup_stm32f745xx.o(.text)
    I2C3_ER_IRQHandler                       0x080001f7   Thumb Code     0  startup_stm32f745xx.o(.text)
    I2C3_EV_IRQHandler                       0x080001f7   Thumb Code     0  startup_stm32f745xx.o(.text)
    I2C4_ER_IRQHandler                       0x080001f7   Thumb Code     0  startup_stm32f745xx.o(.text)
    I2C4_EV_IRQHandler                       0x080001f7   Thumb Code     0  startup_stm32f745xx.o(.text)
    LPTIM1_IRQHandler                        0x080001f7   Thumb Code     0  startup_stm32f745xx.o(.text)
    OTG_FS_WKUP_IRQHandler                   0x080001f7   Thumb Code     0  startup_stm32f745xx.o(.text)
    OTG_HS_EP1_IN_IRQHandler                 0x080001f7   Thumb Code     0  startup_stm32f745xx.o(.text)
    OTG_HS_EP1_OUT_IRQHandler                0x080001f7   Thumb Code     0  startup_stm32f745xx.o(.text)
    OTG_HS_IRQHandler                        0x080001f7   Thumb Code     0  startup_stm32f745xx.o(.text)
    OTG_HS_WKUP_IRQHandler                   0x080001f7   Thumb Code     0  startup_stm32f745xx.o(.text)
    PVD_IRQHandler                           0x080001f7   Thumb Code     0  startup_stm32f745xx.o(.text)
    QUADSPI_IRQHandler                       0x080001f7   Thumb Code     0  startup_stm32f745xx.o(.text)
    RCC_IRQHandler                           0x080001f7   Thumb Code     0  startup_stm32f745xx.o(.text)
    RNG_IRQHandler                           0x080001f7   Thumb Code     0  startup_stm32f745xx.o(.text)
    RTC_Alarm_IRQHandler                     0x080001f7   Thumb Code     0  startup_stm32f745xx.o(.text)
    RTC_WKUP_IRQHandler                      0x080001f7   Thumb Code     0  startup_stm32f745xx.o(.text)
    SAI1_IRQHandler                          0x080001f7   Thumb Code     0  startup_stm32f745xx.o(.text)
    SAI2_IRQHandler                          0x080001f7   Thumb Code     0  startup_stm32f745xx.o(.text)
    SDMMC1_IRQHandler                        0x080001f7   Thumb Code     0  startup_stm32f745xx.o(.text)
    SPDIF_RX_IRQHandler                      0x080001f7   Thumb Code     0  startup_stm32f745xx.o(.text)
    SPI1_IRQHandler                          0x080001f7   Thumb Code     0  startup_stm32f745xx.o(.text)
    SPI2_IRQHandler                          0x080001f7   Thumb Code     0  startup_stm32f745xx.o(.text)
    SPI3_IRQHandler                          0x080001f7   Thumb Code     0  startup_stm32f745xx.o(.text)
    SPI4_IRQHandler                          0x080001f7   Thumb Code     0  startup_stm32f745xx.o(.text)
    SPI5_IRQHandler                          0x080001f7   Thumb Code     0  startup_stm32f745xx.o(.text)
    SPI6_IRQHandler                          0x080001f7   Thumb Code     0  startup_stm32f745xx.o(.text)
    TAMP_STAMP_IRQHandler                    0x080001f7   Thumb Code     0  startup_stm32f745xx.o(.text)
    TIM1_BRK_TIM9_IRQHandler                 0x080001f7   Thumb Code     0  startup_stm32f745xx.o(.text)
    TIM1_CC_IRQHandler                       0x080001f7   Thumb Code     0  startup_stm32f745xx.o(.text)
    TIM1_TRG_COM_TIM11_IRQHandler            0x080001f7   Thumb Code     0  startup_stm32f745xx.o(.text)
    TIM1_UP_TIM10_IRQHandler                 0x080001f7   Thumb Code     0  startup_stm32f745xx.o(.text)
    TIM2_IRQHandler                          0x080001f7   Thumb Code     0  startup_stm32f745xx.o(.text)
    TIM3_IRQHandler                          0x080001f7   Thumb Code     0  startup_stm32f745xx.o(.text)
    TIM4_IRQHandler                          0x080001f7   Thumb Code     0  startup_stm32f745xx.o(.text)
    TIM5_IRQHandler                          0x080001f7   Thumb Code     0  startup_stm32f745xx.o(.text)
    TIM6_DAC_IRQHandler                      0x080001f7   Thumb Code     0  startup_stm32f745xx.o(.text)
    TIM7_IRQHandler                          0x080001f7   Thumb Code     0  startup_stm32f745xx.o(.text)
    TIM8_BRK_TIM12_IRQHandler                0x080001f7   Thumb Code     0  startup_stm32f745xx.o(.text)
    TIM8_CC_IRQHandler                       0x080001f7   Thumb Code     0  startup_stm32f745xx.o(.text)
    TIM8_TRG_COM_TIM14_IRQHandler            0x080001f7   Thumb Code     0  startup_stm32f745xx.o(.text)
    TIM8_UP_TIM13_IRQHandler                 0x080001f7   Thumb Code     0  startup_stm32f745xx.o(.text)
    UART4_IRQHandler                         0x080001f7   Thumb Code     0  startup_stm32f745xx.o(.text)
    UART5_IRQHandler                         0x080001f7   Thumb Code     0  startup_stm32f745xx.o(.text)
    UART7_IRQHandler                         0x080001f7   Thumb Code     0  startup_stm32f745xx.o(.text)
    UART8_IRQHandler                         0x080001f7   Thumb Code     0  startup_stm32f745xx.o(.text)
    USART2_IRQHandler                        0x080001f7   Thumb Code     0  startup_stm32f745xx.o(.text)
    USART3_IRQHandler                        0x080001f7   Thumb Code     0  startup_stm32f745xx.o(.text)
    USART6_IRQHandler                        0x080001f7   Thumb Code     0  startup_stm32f745xx.o(.text)
    WWDG_IRQHandler                          0x080001f7   Thumb Code     0  startup_stm32f745xx.o(.text)
    __aeabi_uldivmod                         0x08000201   Thumb Code    98  uldiv.o(.text)
    __aeabi_memset                           0x08000263   Thumb Code    14  memseta.o(.text)
    __aeabi_memset4                          0x08000263   Thumb Code     0  memseta.o(.text)
    __aeabi_memset8                          0x08000263   Thumb Code     0  memseta.o(.text)
    __aeabi_memclr                           0x08000271   Thumb Code     4  memseta.o(.text)
    __aeabi_memclr4                          0x08000271   Thumb Code     0  memseta.o(.text)
    __aeabi_memclr8                          0x08000271   Thumb Code     0  memseta.o(.text)
    _memset$wrapper                          0x08000275   Thumb Code    18  memseta.o(.text)
    __aeabi_llsl                             0x08000287   Thumb Code    30  llshl.o(.text)
    _ll_shift_l                              0x08000287   Thumb Code     0  llshl.o(.text)
    __aeabi_llsr                             0x080002a5   Thumb Code    32  llushr.o(.text)
    _ll_ushift_r                             0x080002a5   Thumb Code     0  llushr.o(.text)
    __scatterload                            0x080002c5   Thumb Code    28  init.o(.text)
    __scatterload_rt2                        0x080002c5   Thumb Code     0  init.o(.text)
    __decompress                             0x080002e9   Thumb Code     0  __dczerorl2.o(.text)
    __decompress1                            0x080002e9   Thumb Code    86  __dczerorl2.o(.text)
    BusFault_Handler                         0x0800033f   Thumb Code     2  stm32f7xx_it.o(.text.BusFault_Handler)
    CAN1_RX0_IRQHandler                      0x08000341   Thumb Code    12  stm32f7xx_it.o(.text.CAN1_RX0_IRQHandler)
    CAN1_TX_IRQHandler                       0x08000349   Thumb Code    12  stm32f7xx_it.o(.text.CAN1_TX_IRQHandler)
    DMA2_Stream2_IRQHandler                  0x0800039d   Thumb Code    12  stm32f7xx_it.o(.text.DMA2_Stream2_IRQHandler)
    DMA2_Stream7_IRQHandler                  0x080003a9   Thumb Code    12  stm32f7xx_it.o(.text.DMA2_Stream7_IRQHandler)
    DebugMon_Handler                         0x080003e9   Thumb Code     2  stm32f7xx_it.o(.text.DebugMon_Handler)
    Error_Handler                            0x080003eb   Thumb Code     2  main.o(.text.Error_Handler)
    HAL_CAN_ErrorCallback                    0x080003ed   Thumb Code     2  stm32f7xx_hal_can.o(.text.HAL_CAN_ErrorCallback)
    HAL_CAN_IRQHandler                       0x080003f1   Thumb Code   504  stm32f7xx_hal_can.o(.text.HAL_CAN_IRQHandler)
    HAL_CAN_Init                             0x080005e9   Thumb Code   246  stm32f7xx_hal_can.o(.text.HAL_CAN_Init)
    HAL_CAN_MspInit                          0x080006e1   Thumb Code   132  stm32f7xx_hal_msp.o(.text.HAL_CAN_MspInit)
    HAL_CAN_RxFifo0FullCallback              0x08000765   Thumb Code     2  stm32f7xx_hal_can.o(.text.HAL_CAN_RxFifo0FullCallback)
    HAL_CAN_RxFifo0MsgPendingCallback        0x08000767   Thumb Code     2  stm32f7xx_hal_can.o(.text.HAL_CAN_RxFifo0MsgPendingCallback)
    HAL_CAN_RxFifo1FullCallback              0x08000769   Thumb Code     2  stm32f7xx_hal_can.o(.text.HAL_CAN_RxFifo1FullCallback)
    HAL_CAN_RxFifo1MsgPendingCallback        0x0800076b   Thumb Code     2  stm32f7xx_hal_can.o(.text.HAL_CAN_RxFifo1MsgPendingCallback)
    HAL_CAN_SleepCallback                    0x0800076d   Thumb Code     2  stm32f7xx_hal_can.o(.text.HAL_CAN_SleepCallback)
    HAL_CAN_TxMailbox0AbortCallback          0x0800076f   Thumb Code     2  stm32f7xx_hal_can.o(.text.HAL_CAN_TxMailbox0AbortCallback)
    HAL_CAN_TxMailbox0CompleteCallback       0x08000771   Thumb Code     2  stm32f7xx_hal_can.o(.text.HAL_CAN_TxMailbox0CompleteCallback)
    HAL_CAN_TxMailbox1AbortCallback          0x08000773   Thumb Code     2  stm32f7xx_hal_can.o(.text.HAL_CAN_TxMailbox1AbortCallback)
    HAL_CAN_TxMailbox1CompleteCallback       0x08000775   Thumb Code     2  stm32f7xx_hal_can.o(.text.HAL_CAN_TxMailbox1CompleteCallback)
    HAL_CAN_TxMailbox2AbortCallback          0x08000777   Thumb Code     2  stm32f7xx_hal_can.o(.text.HAL_CAN_TxMailbox2AbortCallback)
    HAL_CAN_TxMailbox2CompleteCallback       0x08000779   Thumb Code     2  stm32f7xx_hal_can.o(.text.HAL_CAN_TxMailbox2CompleteCallback)
    HAL_CAN_WakeUpFromRxMsgCallback          0x0800077b   Thumb Code     2  stm32f7xx_hal_can.o(.text.HAL_CAN_WakeUpFromRxMsgCallback)
    HAL_DMA_Abort_IT                         0x0800077d   Thumb Code    36  stm32f7xx_hal_dma.o(.text.HAL_DMA_Abort_IT)
    HAL_DMA_IRQHandler                       0x080007a1   Thumb Code   368  stm32f7xx_hal_dma.o(.text.HAL_DMA_IRQHandler)
    HAL_DMA_Init                             0x08000911   Thumb Code   276  stm32f7xx_hal_dma.o(.text.HAL_DMA_Init)
    HAL_Delay                                0x08000a25   Thumb Code    36  stm32f7xx_hal.o(.text.HAL_Delay)
    HAL_GPIO_Init                            0x08000a45   Thumb Code   388  stm32f7xx_hal_gpio.o(.text.HAL_GPIO_Init)
    HAL_GPIO_WritePin                        0x08000bc9   Thumb Code    10  stm32f7xx_hal_gpio.o(.text.HAL_GPIO_WritePin)
    HAL_GetTick                              0x08000bd5   Thumb Code    12  stm32f7xx_hal.o(.text.HAL_GetTick)
    HAL_I2CEx_ConfigAnalogFilter             0x08000bdd   Thumb Code    74  stm32f7xx_hal_i2c_ex.o(.text.HAL_I2CEx_ConfigAnalogFilter)
    HAL_I2CEx_ConfigDigitalFilter            0x08000c27   Thumb Code    72  stm32f7xx_hal_i2c_ex.o(.text.HAL_I2CEx_ConfigDigitalFilter)
    HAL_I2C_Init                             0x08000c71   Thumb Code   160  stm32f7xx_hal_i2c.o(.text.HAL_I2C_Init)
    HAL_I2C_MspInit                          0x08000d11   Thumb Code   104  stm32f7xx_hal_msp.o(.text.HAL_I2C_MspInit)
    HAL_IncTick                              0x08000d79   Thumb Code    24  stm32f7xx_hal.o(.text.HAL_IncTick)
    HAL_Init                                 0x08000d8d   Thumb Code    22  stm32f7xx_hal.o(.text.HAL_Init)
    HAL_InitTick                             0x08000da5   Thumb Code    68  stm32f7xx_hal.o(.text.HAL_InitTick)
    HAL_MspInit                              0x08000de9   Thumb Code    48  stm32f7xx_hal_msp.o(.text.HAL_MspInit)
    HAL_NVIC_EnableIRQ                       0x08000e19   Thumb Code    24  stm32f7xx_hal_cortex.o(.text.HAL_NVIC_EnableIRQ)
    HAL_NVIC_SetPriority                     0x08000e31   Thumb Code    68  stm32f7xx_hal_cortex.o(.text.HAL_NVIC_SetPriority)
    HAL_NVIC_SetPriorityGrouping             0x08000e71   Thumb Code    32  stm32f7xx_hal_cortex.o(.text.HAL_NVIC_SetPriorityGrouping)
    HAL_PCDEx_ActivateLPM                    0x08000e91   Thumb Code    40  stm32f7xx_hal_pcd_ex.o(.text.HAL_PCDEx_ActivateLPM)
    HAL_PCDEx_LPM_Callback                   0x08000eb9   Thumb Code    96  usbd_conf.o(.text.HAL_PCDEx_LPM_Callback)
    HAL_PCDEx_SetRxFiFo                      0x08000f19   Thumb Code     8  stm32f7xx_hal_pcd_ex.o(.text.HAL_PCDEx_SetRxFiFo)
    HAL_PCDEx_SetTxFiFo                      0x08000f21   Thumb Code    80  stm32f7xx_hal_pcd_ex.o(.text.HAL_PCDEx_SetTxFiFo)
    HAL_PCD_ConnectCallback                  0x08000f71   Thumb Code     8  usbd_conf.o(.text.HAL_PCD_ConnectCallback)
    HAL_PCD_DataInStageCallback              0x08000f79   Thumb Code    20  usbd_conf.o(.text.HAL_PCD_DataInStageCallback)
    HAL_PCD_DataOutStageCallback             0x08000f8d   Thumb Code    22  usbd_conf.o(.text.HAL_PCD_DataOutStageCallback)
    HAL_PCD_DisconnectCallback               0x08000fa3   Thumb Code     8  usbd_conf.o(.text.HAL_PCD_DisconnectCallback)
    HAL_PCD_EP_Close                         0x08000fab   Thumb Code    76  stm32f7xx_hal_pcd.o(.text.HAL_PCD_EP_Close)
    HAL_PCD_EP_ClrStall                      0x08000ff7   Thumb Code    98  stm32f7xx_hal_pcd.o(.text.HAL_PCD_EP_ClrStall)
    HAL_PCD_EP_GetRxCount                    0x08001059   Thumb Code    18  stm32f7xx_hal_pcd.o(.text.HAL_PCD_EP_GetRxCount)
    HAL_PCD_EP_Open                          0x0800106b   Thumb Code   100  stm32f7xx_hal_pcd.o(.text.HAL_PCD_EP_Open)
    HAL_PCD_EP_Receive                       0x080010cf   Thumb Code    70  stm32f7xx_hal_pcd.o(.text.HAL_PCD_EP_Receive)
    HAL_PCD_EP_SetStall                      0x08001115   Thumb Code   110  stm32f7xx_hal_pcd.o(.text.HAL_PCD_EP_SetStall)
    HAL_PCD_EP_Transmit                      0x08001183   Thumb Code    66  stm32f7xx_hal_pcd.o(.text.HAL_PCD_EP_Transmit)
    HAL_PCD_IRQHandler                       0x080011c5   Thumb Code  1796  stm32f7xx_hal_pcd.o(.text.HAL_PCD_IRQHandler)
    HAL_PCD_ISOINIncompleteCallback          0x080018c9   Thumb Code     8  usbd_conf.o(.text.HAL_PCD_ISOINIncompleteCallback)
    HAL_PCD_ISOOUTIncompleteCallback         0x080018d1   Thumb Code     8  usbd_conf.o(.text.HAL_PCD_ISOOUTIncompleteCallback)
    HAL_PCD_Init                             0x080018d9   Thumb Code   272  stm32f7xx_hal_pcd.o(.text.HAL_PCD_Init)
    HAL_PCD_MspInit                          0x080019e9   Thumb Code   116  usbd_conf.o(.text.HAL_PCD_MspInit)
    HAL_PCD_ResetCallback                    0x08001a5d   Thumb Code    32  usbd_conf.o(.text.HAL_PCD_ResetCallback)
    HAL_PCD_ResumeCallback                   0x08001a7d   Thumb Code     8  usbd_conf.o(.text.HAL_PCD_ResumeCallback)
    HAL_PCD_SOFCallback                      0x08001a85   Thumb Code     8  usbd_conf.o(.text.HAL_PCD_SOFCallback)
    HAL_PCD_SetAddress                       0x08001a8d   Thumb Code    40  stm32f7xx_hal_pcd.o(.text.HAL_PCD_SetAddress)
    HAL_PCD_SetupStageCallback               0x08001ab5   Thumb Code    14  usbd_conf.o(.text.HAL_PCD_SetupStageCallback)
    HAL_PCD_Start                            0x08001ac3   Thumb Code    42  stm32f7xx_hal_pcd.o(.text.HAL_PCD_Start)
    HAL_PCD_SuspendCallback                  0x08001aed   Thumb Code    48  usbd_conf.o(.text.HAL_PCD_SuspendCallback)
    HAL_PWREx_EnableOverDrive                0x08001b1d   Thumb Code   108  stm32f7xx_hal_pwr_ex.o(.text.HAL_PWREx_EnableOverDrive)
    HAL_RCCEx_PeriphCLKConfig                0x08001b85   Thumb Code  1172  stm32f7xx_hal_rcc_ex.o(.text.HAL_RCCEx_PeriphCLKConfig)
    HAL_RCC_ClockConfig                      0x08002019   Thumb Code   308  stm32f7xx_hal_rcc.o(.text.HAL_RCC_ClockConfig)
    HAL_RCC_GetHCLKFreq                      0x08002149   Thumb Code    12  stm32f7xx_hal_rcc.o(.text.HAL_RCC_GetHCLKFreq)
    HAL_RCC_GetPCLK1Freq                     0x08002151   Thumb Code    32  stm32f7xx_hal_rcc.o(.text.HAL_RCC_GetPCLK1Freq)
    HAL_RCC_GetPCLK2Freq                     0x08002165   Thumb Code    32  stm32f7xx_hal_rcc.o(.text.HAL_RCC_GetPCLK2Freq)
    HAL_RCC_GetSysClockFreq                  0x08002181   Thumb Code    92  stm32f7xx_hal_rcc.o(.text.HAL_RCC_GetSysClockFreq)
    HAL_RCC_MCOConfig                        0x080021dd   Thumb Code   144  stm32f7xx_hal_rcc.o(.text.HAL_RCC_MCOConfig)
    HAL_RCC_OscConfig                        0x0800226d   Thumb Code   776  stm32f7xx_hal_rcc.o(.text.HAL_RCC_OscConfig)
    HAL_SPI_Init                             0x08002575   Thumb Code   172  stm32f7xx_hal_spi.o(.text.HAL_SPI_Init)
    HAL_SPI_MspInit                          0x08002621   Thumb Code   364  stm32f7xx_hal_msp.o(.text.HAL_SPI_MspInit)
    HAL_SYSTICK_Config                       0x0800278d   Thumb Code    40  stm32f7xx_hal_cortex.o(.text.HAL_SYSTICK_Config)
    HAL_TIMEx_ConfigBreakDeadTime            0x080027b5   Thumb Code   164  stm32f7xx_hal_tim_ex.o(.text.HAL_TIMEx_ConfigBreakDeadTime)
    HAL_TIMEx_MasterConfigSynchronization    0x08002855   Thumb Code    84  stm32f7xx_hal_tim_ex.o(.text.HAL_TIMEx_MasterConfigSynchronization)
    HAL_TIM_Base_Init                        0x080028a5   Thumb Code    52  stm32f7xx_hal_tim.o(.text.HAL_TIM_Base_Init)
    HAL_TIM_Base_MspInit                     0x080028d9   Thumb Code    76  stm32f7xx_hal_msp.o(.text.HAL_TIM_Base_MspInit)
    HAL_TIM_ConfigClockSource                0x0800291d   Thumb Code   304  stm32f7xx_hal_tim.o(.text.HAL_TIM_ConfigClockSource)
    HAL_TIM_MspPostInit                      0x08002a4d   Thumb Code   148  stm32f7xx_hal_msp.o(.text.HAL_TIM_MspPostInit)
    HAL_TIM_OC_ConfigChannel                 0x08002ae1   Thumb Code   102  stm32f7xx_hal_tim_ex.o(.text.HAL_TIM_OC_ConfigChannel)
    HAL_TIM_OC_Init                          0x08002b47   Thumb Code    52  stm32f7xx_hal_tim.o(.text.HAL_TIM_OC_Init)
    HAL_TIM_OC_MspInit                       0x08002b7b   Thumb Code     2  stm32f7xx_hal_tim.o(.text.HAL_TIM_OC_MspInit)
    HAL_TIM_PWM_ConfigChannel                0x08002b7d   Thumb Code   192  stm32f7xx_hal_tim_ex.o(.text.HAL_TIM_PWM_ConfigChannel)
    HAL_TIM_PWM_Init                         0x08002c3d   Thumb Code    52  stm32f7xx_hal_tim.o(.text.HAL_TIM_PWM_Init)
    HAL_TIM_PWM_MspInit                      0x08002c71   Thumb Code     2  stm32f7xx_hal_tim.o(.text.HAL_TIM_PWM_MspInit)
    HAL_UART_ErrorCallback                   0x08002c73   Thumb Code     2  stm32f7xx_hal_uart.o(.text.HAL_UART_ErrorCallback)
    HAL_UART_IRQHandler                      0x08002c75   Thumb Code   368  stm32f7xx_hal_uart.o(.text.HAL_UART_IRQHandler)
    HAL_UART_Init                            0x08002de5   Thumb Code   100  stm32f7xx_hal_uart.o(.text.HAL_UART_Init)
    HAL_UART_MspInit                         0x08002e49   Thumb Code   236  stm32f7xx_hal_msp.o(.text.HAL_UART_MspInit)
    HAL_UART_RxCpltCallback                  0x08002f35   Thumb Code     2  stm32f7xx_hal_uart.o(.text.HAL_UART_RxCpltCallback)
    HAL_UART_TxCpltCallback                  0x08002f37   Thumb Code     2  stm32f7xx_hal_uart.o(.text.HAL_UART_TxCpltCallback)
    HardFault_Handler                        0x08002f39   Thumb Code     2  stm32f7xx_it.o(.text.HardFault_Handler)
    MX_USB_DEVICE_Init                       0x08002f3d   Thumb Code    56  usb_device.o(.text.MX_USB_DEVICE_Init)
    MemManage_Handler                        0x08002f75   Thumb Code     2  stm32f7xx_it.o(.text.MemManage_Handler)
    NMI_Handler                              0x08002f77   Thumb Code     2  stm32f7xx_it.o(.text.NMI_Handler)
    OTG_FS_IRQHandler                        0x08002f99   Thumb Code    12  stm32f7xx_it.o(.text.OTG_FS_IRQHandler)
    PendSV_Handler                           0x08002fa5   Thumb Code     2  stm32f7xx_it.o(.text.PendSV_Handler)
    SVC_Handler                              0x08002fa7   Thumb Code     2  stm32f7xx_it.o(.text.SVC_Handler)
    SysTick_Handler                          0x08002fa9   Thumb Code     4  stm32f7xx_it.o(.text.SysTick_Handler)
    SystemClock_Config                       0x08002fad   Thumb Code   188  main.o(.text.SystemClock_Config)
    SystemInit                               0x08003069   Thumb Code    76  system_stm32f7xx.o(.text.SystemInit)
    TIM_Base_SetConfig                       0x080030b5   Thumb Code   228  stm32f7xx_hal_tim.o(.text.TIM_Base_SetConfig)
    TIM_OC1_SetConfig                        0x08003195   Thumb Code   100  stm32f7xx_hal_tim.o(.text.TIM_OC1_SetConfig)
    TIM_OC2_SetConfig                        0x080031f1   Thumb Code   108  stm32f7xx_hal_tim.o(.text.TIM_OC2_SetConfig)
    TIM_OC3_SetConfig                        0x08003255   Thumb Code   108  stm32f7xx_hal_tim.o(.text.TIM_OC3_SetConfig)
    TIM_OC4_SetConfig                        0x080032bd   Thumb Code    80  stm32f7xx_hal_tim.o(.text.TIM_OC4_SetConfig)
    UART_AdvFeatureConfig                    0x080033eb   Thumb Code   198  stm32f7xx_hal_uart.o(.text.UART_AdvFeatureConfig)
    UART_CheckIdleState                      0x080034b1   Thumb Code    68  stm32f7xx_hal_uart.o(.text.UART_CheckIdleState)
    UART_SetConfig                           0x08003591   Thumb Code   460  stm32f7xx_hal_uart.o(.text.UART_SetConfig)
    UART_WaitOnFlagUntilTimeout              0x0800375d   Thumb Code   106  stm32f7xx_hal_uart.o(.text.UART_WaitOnFlagUntilTimeout)
    USART1_IRQHandler                        0x080037c9   Thumb Code    12  stm32f7xx_it.o(.text.USART1_IRQHandler)
    USBD_CDC_GetDeviceQualifierDescriptor    0x080038c1   Thumb Code    16  usbd_cdc.o(.text.USBD_CDC_GetDeviceQualifierDescriptor)
    USBD_CDC_ReceivePacket                   0x08003993   Thumb Code    42  usbd_cdc.o(.text.USBD_CDC_ReceivePacket)
    USBD_CDC_RegisterInterface               0x080039bd   Thumb Code    16  usbd_cdc.o(.text.USBD_CDC_RegisterInterface)
    USBD_CDC_SetRxBuffer                     0x080039cd   Thumb Code    12  usbd_cdc.o(.text.USBD_CDC_SetRxBuffer)
    USBD_CDC_SetTxBuffer                     0x080039d9   Thumb Code    16  usbd_cdc.o(.text.USBD_CDC_SetTxBuffer)
    USBD_ClrClassConfig                      0x08003a93   Thumb Code    14  usbd_core.o(.text.USBD_ClrClassConfig)
    USBD_CtlContinueRx                       0x08003aa1   Thumb Code    16  usbd_ioreq.o(.text.USBD_CtlContinueRx)
    USBD_CtlContinueSendData                 0x08003ab1   Thumb Code    16  usbd_ioreq.o(.text.USBD_CtlContinueSendData)
    USBD_CtlError                            0x08003ac1   Thumb Code    22  usbd_ctlreq.o(.text.USBD_CtlError)
    USBD_CtlPrepareRx                        0x08003ad7   Thumb Code    30  usbd_ioreq.o(.text.USBD_CtlPrepareRx)
    USBD_CtlReceiveStatus                    0x08003af5   Thumb Code    22  usbd_ioreq.o(.text.USBD_CtlReceiveStatus)
    USBD_CtlSendData                         0x08003b0b   Thumb Code    26  usbd_ioreq.o(.text.USBD_CtlSendData)
    USBD_CtlSendStatus                       0x08003b25   Thumb Code    22  usbd_ioreq.o(.text.USBD_CtlSendStatus)
    USBD_FS_ConfigStrDescriptor              0x08003b3d   Thumb Code    36  usbd_desc.o(.text.USBD_FS_ConfigStrDescriptor)
    USBD_FS_DeviceDescriptor                 0x08003b5d   Thumb Code    12  usbd_desc.o(.text.USBD_FS_DeviceDescriptor)
    USBD_FS_InterfaceStrDescriptor           0x08003b69   Thumb Code    40  usbd_desc.o(.text.USBD_FS_InterfaceStrDescriptor)
    USBD_FS_LangIDStrDescriptor              0x08003b8d   Thumb Code    12  usbd_desc.o(.text.USBD_FS_LangIDStrDescriptor)
    USBD_FS_ManufacturerStrDescriptor        0x08003b99   Thumb Code    44  usbd_desc.o(.text.USBD_FS_ManufacturerStrDescriptor)
    USBD_FS_ProductStrDescriptor             0x08003bc1   Thumb Code    48  usbd_desc.o(.text.USBD_FS_ProductStrDescriptor)
    USBD_FS_SerialStrDescriptor              0x08003bed   Thumb Code    40  usbd_desc.o(.text.USBD_FS_SerialStrDescriptor)
    USBD_FS_USR_BOSDescriptor                0x08003c15   Thumb Code    12  usbd_desc.o(.text.USBD_FS_USR_BOSDescriptor)
    USBD_GetString                           0x08003c21   Thumb Code    90  usbd_ctlreq.o(.text.USBD_GetString)
    USBD_Init                                0x08003c7b   Thumb Code    44  usbd_core.o(.text.USBD_Init)
    USBD_LL_ClearStallEP                     0x08003ca9   Thumb Code    36  usbd_conf.o(.text.USBD_LL_ClearStallEP)
    USBD_LL_CloseEP                          0x08003cc9   Thumb Code    36  usbd_conf.o(.text.USBD_LL_CloseEP)
    USBD_LL_DataInStage                      0x08003ce9   Thumb Code   194  usbd_core.o(.text.USBD_LL_DataInStage)
    USBD_LL_DataOutStage                     0x08003dab   Thumb Code   124  usbd_core.o(.text.USBD_LL_DataOutStage)
    USBD_LL_DevConnected                     0x08003e27   Thumb Code     4  usbd_core.o(.text.USBD_LL_DevConnected)
    USBD_LL_DevDisconnected                  0x08003e2b   Thumb Code    22  usbd_core.o(.text.USBD_LL_DevDisconnected)
    USBD_LL_GetRxDataSize                    0x08003e41   Thumb Code    12  usbd_conf.o(.text.USBD_LL_GetRxDataSize)
    USBD_LL_Init                             0x08003e4d   Thumb Code   104  usbd_conf.o(.text.USBD_LL_Init)
    USBD_LL_IsStallEP                        0x08003eb5   Thumb Code    32  usbd_conf.o(.text.USBD_LL_IsStallEP)
    USBD_LL_IsoINIncomplete                  0x08003ed5   Thumb Code     4  usbd_core.o(.text.USBD_LL_IsoINIncomplete)
    USBD_LL_IsoOUTIncomplete                 0x08003ed9   Thumb Code     4  usbd_core.o(.text.USBD_LL_IsoOUTIncomplete)
    USBD_LL_OpenEP                           0x08003edd   Thumb Code    40  usbd_conf.o(.text.USBD_LL_OpenEP)
    USBD_LL_PrepareReceive                   0x08003f01   Thumb Code    36  usbd_conf.o(.text.USBD_LL_PrepareReceive)
    USBD_LL_Reset                            0x08003f21   Thumb Code    84  usbd_core.o(.text.USBD_LL_Reset)
    USBD_LL_Resume                           0x08003f75   Thumb Code    14  usbd_core.o(.text.USBD_LL_Resume)
    USBD_LL_SOF                              0x08003f83   Thumb Code    28  usbd_core.o(.text.USBD_LL_SOF)
    USBD_LL_SetSpeed                         0x08003f9f   Thumb Code     8  usbd_core.o(.text.USBD_LL_SetSpeed)
    USBD_LL_SetUSBAddress                    0x08003fa9   Thumb Code    36  usbd_conf.o(.text.USBD_LL_SetUSBAddress)
    USBD_LL_SetupStage                       0x08003fc9   Thumb Code    90  usbd_core.o(.text.USBD_LL_SetupStage)
    USBD_LL_StallEP                          0x08004025   Thumb Code    36  usbd_conf.o(.text.USBD_LL_StallEP)
    USBD_LL_Start                            0x08004045   Thumb Code    36  usbd_conf.o(.text.USBD_LL_Start)
    USBD_LL_Suspend                          0x08004065   Thumb Code    20  usbd_core.o(.text.USBD_LL_Suspend)
    USBD_LL_Transmit                         0x08004079   Thumb Code    36  usbd_conf.o(.text.USBD_LL_Transmit)
    USBD_ParseSetupRequest                   0x0800409d   Thumb Code    22  usbd_ctlreq.o(.text.USBD_ParseSetupRequest)
    USBD_RegisterClass                       0x080040b3   Thumb Code    16  usbd_core.o(.text.USBD_RegisterClass)
    USBD_SetClassConfig                      0x080040c3   Thumb Code    26  usbd_core.o(.text.USBD_SetClassConfig)
    USBD_Start                               0x080040dd   Thumb Code    10  usbd_core.o(.text.USBD_Start)
    USBD_StdDevReq                           0x080040e9   Thumb Code   612  usbd_ctlreq.o(.text.USBD_StdDevReq)
    USBD_StdEPReq                            0x0800434d   Thumb Code   352  usbd_ctlreq.o(.text.USBD_StdEPReq)
    USBD_StdItfReq                           0x080044ad   Thumb Code    76  usbd_ctlreq.o(.text.USBD_StdItfReq)
    USB_ActivateEndpoint                     0x080044f9   Thumb Code   132  stm32f7xx_ll_usb.o(.text.USB_ActivateEndpoint)
    USB_ActivateSetup                        0x0800457d   Thumb Code    56  stm32f7xx_ll_usb.o(.text.USB_ActivateSetup)
    USB_CoreInit                             0x080045b5   Thumb Code   108  stm32f7xx_ll_usb.o(.text.USB_CoreInit)
    USB_DeactivateEndpoint                   0x08004651   Thumb Code   124  stm32f7xx_ll_usb.o(.text.USB_DeactivateEndpoint)
    USB_DevConnect                           0x080046cd   Thumb Code    24  stm32f7xx_ll_usb.o(.text.USB_DevConnect)
    USB_DevDisconnect                        0x080046e5   Thumb Code    24  stm32f7xx_ll_usb.o(.text.USB_DevDisconnect)
    USB_DevInit                              0x080046fd   Thumb Code   400  stm32f7xx_ll_usb.o(.text.USB_DevInit)
    USB_DisableGlobalInt                     0x0800488d   Thumb Code    14  stm32f7xx_ll_usb.o(.text.USB_DisableGlobalInt)
    USB_EP0StartXfer                         0x0800489d   Thumb Code   236  stm32f7xx_ll_usb.o(.text.USB_EP0StartXfer)
    USB_EP0_OutStart                         0x08004989   Thumb Code    62  stm32f7xx_ll_usb.o(.text.USB_EP0_OutStart)
    USB_EPClearStall                         0x080049c7   Thumb Code    86  stm32f7xx_ll_usb.o(.text.USB_EPClearStall)
    USB_EPSetStall                           0x08004a1d   Thumb Code    62  stm32f7xx_ll_usb.o(.text.USB_EPSetStall)
    USB_EPStartXfer                          0x08004a5d   Thumb Code   428  stm32f7xx_ll_usb.o(.text.USB_EPStartXfer)
    USB_EnableGlobalInt                      0x08004c09   Thumb Code    14  stm32f7xx_ll_usb.o(.text.USB_EnableGlobalInt)
    USB_FlushRxFifo                          0x08004c19   Thumb Code    36  stm32f7xx_ll_usb.o(.text.USB_FlushRxFifo)
    USB_FlushTxFifo                          0x08004c39   Thumb Code    36  stm32f7xx_ll_usb.o(.text.USB_FlushTxFifo)
    USB_GetDevSpeed                          0x08004c5d   Thumb Code    38  stm32f7xx_ll_usb.o(.text.USB_GetDevSpeed)
    USB_GetMode                              0x08004c83   Thumb Code     8  stm32f7xx_ll_usb.o(.text.USB_GetMode)
    USB_ReadDevAllInEpInterrupt              0x08004c8b   Thumb Code    14  stm32f7xx_ll_usb.o(.text.USB_ReadDevAllInEpInterrupt)
    USB_ReadDevAllOutEpInterrupt             0x08004c99   Thumb Code    14  stm32f7xx_ll_usb.o(.text.USB_ReadDevAllOutEpInterrupt)
    USB_ReadDevInEPInterrupt                 0x08004ca7   Thumb Code    36  stm32f7xx_ll_usb.o(.text.USB_ReadDevInEPInterrupt)
    USB_ReadDevOutEPInterrupt                0x08004ccb   Thumb Code    16  stm32f7xx_ll_usb.o(.text.USB_ReadDevOutEPInterrupt)
    USB_ReadInterrupts                       0x08004cdb   Thumb Code     8  stm32f7xx_ll_usb.o(.text.USB_ReadInterrupts)
    USB_ReadPacket                           0x08004ce3   Thumb Code    36  stm32f7xx_ll_usb.o(.text.USB_ReadPacket)
    USB_SetCurrentMode                       0x08004d07   Thumb Code    46  stm32f7xx_ll_usb.o(.text.USB_SetCurrentMode)
    USB_SetDevAddress                        0x08004d35   Thumb Code    34  stm32f7xx_ll_usb.o(.text.USB_SetDevAddress)
    USB_WritePacket                          0x08004d57   Thumb Code    38  stm32f7xx_ll_usb.o(.text.USB_WritePacket)
    UsageFault_Handler                       0x08004d7d   Thumb Code     2  stm32f7xx_it.o(.text.UsageFault_Handler)
    main                                     0x08004d81   Thumb Code  1128  main.o(.text.main)
    __scatterload_copy                       0x080051e9   Thumb Code    14  handlers.o(i.__scatterload_copy)
    __scatterload_null                       0x080051f7   Thumb Code     2  handlers.o(i.__scatterload_null)
    __scatterload_zeroinit                   0x080051f9   Thumb Code    14  handlers.o(i.__scatterload_zeroinit)
    free                                     0x08005209   Thumb Code    76  malloc.o(i.free)
    malloc                                   0x08005259   Thumb Code    92  malloc.o(i.malloc)
    AHBPrescTable                            0x080052c4   Data          16  system_stm32f7xx.o(.rodata.AHBPrescTable)
    APBPrescTable                            0x080052d4   Data           8  system_stm32f7xx.o(.rodata.APBPrescTable)
    Region$$Table$$Base                      0x080052dc   Number         0  anon$$obj.o(Region$$Table)
    Region$$Table$$Limit                     0x080052fc   Number         0  anon$$obj.o(Region$$Table)
    __microlib_freelist                      0x20000000   Data           4  mvars.o(.data)
    __microlib_freelist_initialised          0x20000004   Data           4  mvars.o(.data)
    uwTickFreq                               0x20000008   Data           1  stm32f7xx_hal.o(.data..L_MergedGlobals)
    uwTickPrio                               0x2000000c   Data           4  stm32f7xx_hal.o(.data..L_MergedGlobals)
    FS_Desc                                  0x20000010   Data          32  usbd_desc.o(.data.FS_Desc)
    SystemCoreClock                          0x20000030   Data           4  system_stm32f7xx.o(.data.SystemCoreClock)
    USBD_CDC                                 0x20000034   Data          56  usbd_cdc.o(.data.USBD_CDC)
    USBD_CDC_CfgFSDesc                       0x2000006c   Data          67  usbd_cdc.o(.data.USBD_CDC_CfgFSDesc)
    USBD_CDC_CfgHSDesc                       0x200000b0   Data          67  usbd_cdc.o(.data.USBD_CDC_CfgHSDesc)
    USBD_CDC_OtherSpeedCfgDesc               0x20000100   Data          67  usbd_cdc.o(.data.USBD_CDC_OtherSpeedCfgDesc)
    USBD_FS_BOSDesc                          0x20000144   Data          12  usbd_desc.o(.data.USBD_FS_BOSDesc)
    USBD_FS_DeviceDesc                       0x20000150   Data          18  usbd_desc.o(.data.USBD_FS_DeviceDesc)
    USBD_Interface_fops_FS                   0x20000164   Data          16  usbd_cdc_if.o(.data.USBD_Interface_fops_FS)
    USBD_LangIDDesc                          0x20000174   Data           4  usbd_desc.o(.data.USBD_LangIDDesc)
    hcan1                                    0x20000178   Data          40  main.o(.bss..L_MergedGlobals)
    htim1                                    0x200001a0   Data          64  main.o(.bss..L_MergedGlobals)
    USBD_StrDesc                             0x200001e4   Data         512  usbd_desc.o(.bss.USBD_StrDesc)
    UserRxBufferFS                           0x200003e4   Data        2048  usbd_cdc_if.o(.bss.UserRxBufferFS)
    UserTxBufferFS                           0x20000be4   Data        2048  usbd_cdc_if.o(.bss.UserTxBufferFS)
    hUsbDeviceFS                             0x200013e4   Data         668  usb_device.o(.bss.hUsbDeviceFS)
    hdma_usart1_rx                           0x20001680   Data          96  main.o(.bss.hdma_usart1_rx)
    hdma_usart1_tx                           0x200016e0   Data          96  main.o(.bss.hdma_usart1_tx)
    hi2c1                                    0x20001740   Data          76  main.o(.bss.hi2c1)
    hpcd_USB_OTG_FS                          0x2000178c   Data        1024  usbd_conf.o(.bss.hpcd_USB_OTG_FS)
    hspi1                                    0x20001b8c   Data         100  main.o(.bss.hspi1)
    hspi2                                    0x20001bf0   Data         100  main.o(.bss.hspi2)
    hspi3                                    0x20001c54   Data         100  main.o(.bss.hspi3)
    htim8                                    0x20001cb8   Data          64  main.o(.bss.htim8)
    huart1                                   0x20001cf8   Data         112  main.o(.bss.huart1)
    uwTick                                   0x20001d68   Data           4  stm32f7xx_hal.o(.bss.uwTick)
    __heap_base                              0x20001d70   Data           0  startup_stm32f745xx.o(HEAP)
    __heap_limit                             0x20001f70   Data           0  startup_stm32f745xx.o(HEAP)
    __initial_sp                             0x20002370   Data           0  startup_stm32f745xx.o(STACK)



==============================================================================

Memory Map of the image

  Image Entry point : 0x080001c9

  Load Region LR_IROM1 (Base: 0x08000000, Size: 0x00005478, Max: 0x00080000, ABSOLUTE, COMPRESSED[0x000053d0])

    Execution Region ER_IROM1 (Exec base: 0x08000000, Load base: 0x08000000, Size: 0x000052fc, Max: 0x00080000, ABSOLUTE)

    Exec Addr    Load Addr    Size         Type   Attr      Idx    E Section Name        Object

    0x08000000   0x08000000   0x000001c8   Data   RO            3    RESET               startup_stm32f745xx.o
    0x080001c8   0x080001c8   0x00000000   Code   RO         1797  * .ARM.Collect$$$$00000000  mc_w.l(entry.o)
    0x080001c8   0x080001c8   0x00000004   Code   RO         1906    .ARM.Collect$$$$00000001  mc_w.l(entry2.o)
    0x080001cc   0x080001cc   0x00000004   Code   RO         1909    .ARM.Collect$$$$00000004  mc_w.l(entry5.o)
    0x080001d0   0x080001d0   0x00000000   Code   RO         1911    .ARM.Collect$$$$00000008  mc_w.l(entry7b.o)
    0x080001d0   0x080001d0   0x00000000   Code   RO         1913    .ARM.Collect$$$$0000000A  mc_w.l(entry8b.o)
    0x080001d0   0x080001d0   0x00000008   Code   RO         1914    .ARM.Collect$$$$0000000B  mc_w.l(entry9a.o)
    0x080001d8   0x080001d8   0x00000000   Code   RO         1916    .ARM.Collect$$$$0000000D  mc_w.l(entry10a.o)
    0x080001d8   0x080001d8   0x00000000   Code   RO         1918    .ARM.Collect$$$$0000000F  mc_w.l(entry11a.o)
    0x080001d8   0x080001d8   0x00000004   Code   RO         1907    .ARM.Collect$$$$00002712  mc_w.l(entry2.o)
    0x080001dc   0x080001dc   0x00000024   Code   RO            4    .text               startup_stm32f745xx.o
    0x08000200   0x08000200   0x00000062   Code   RO         1800    .text               mc_w.l(uldiv.o)
    0x08000262   0x08000262   0x00000024   Code   RO         1802    .text               mc_w.l(memseta.o)
    0x08000286   0x08000286   0x0000001e   Code   RO         1920    .text               mc_w.l(llshl.o)
    0x080002a4   0x080002a4   0x00000020   Code   RO         1922    .text               mc_w.l(llushr.o)
    0x080002c4   0x080002c4   0x00000024   Code   RO         1933    .text               mc_w.l(init.o)
    0x080002e8   0x080002e8   0x00000056   Code   RO         1943    .text               mc_w.l(__dczerorl2.o)
    0x0800033e   0x0800033e   0x00000002   Code   RO          147    .text.BusFault_Handler  stm32f7xx_it.o
    0x08000340   0x08000340   0x00000008   Code   RO          161    .text.CAN1_RX0_IRQHandler  stm32f7xx_it.o
    0x08000348   0x08000348   0x0000000c   Code   RO          159    .text.CAN1_TX_IRQHandler  stm32f7xx_it.o
    0x08000354   0x08000354   0x00000004   Code   RO          123    .text.CDC_Control_FS  usbd_cdc_if.o
    0x08000358   0x08000358   0x00000004   Code   RO          121    .text.CDC_DeInit_FS  usbd_cdc_if.o
    0x0800035c   0x0800035c   0x00000024   Code   RO          119    .text.CDC_Init_FS   usbd_cdc_if.o
    0x08000380   0x08000380   0x0000001c   Code   RO          125    .text.CDC_Receive_FS  usbd_cdc_if.o
    0x0800039c   0x0800039c   0x0000000c   Code   RO          165    .text.DMA2_Stream2_IRQHandler  stm32f7xx_it.o
    0x080003a8   0x080003a8   0x0000000c   Code   RO          169    .text.DMA2_Stream7_IRQHandler  stm32f7xx_it.o
    0x080003b4   0x080003b4   0x00000034   Code   RO         1411    .text.DMA_CalcBaseAndBitshift  stm32f7xx_hal_dma.o
    0x080003e8   0x080003e8   0x00000002   Code   RO          153    .text.DebugMon_Handler  stm32f7xx_it.o
    0x080003ea   0x080003ea   0x00000002   Code   RO          216    .text.Error_Handler  main.o
    0x080003ec   0x080003ec   0x00000002   Code   RO          499    .text.HAL_CAN_ErrorCallback  stm32f7xx_hal_can.o
    0x080003ee   0x080003ee   0x00000002   PAD
    0x080003f0   0x080003f0   0x000001f8   Code   RO          473    .text.HAL_CAN_IRQHandler  stm32f7xx_hal_can.o
    0x080005e8   0x080005e8   0x000000f6   Code   RO          435    .text.HAL_CAN_Init  stm32f7xx_hal_can.o
    0x080006de   0x080006de   0x00000002   PAD
    0x080006e0   0x080006e0   0x00000084   Code   RO          181    .text.HAL_CAN_MspInit  stm32f7xx_hal_msp.o
    0x08000764   0x08000764   0x00000002   Code   RO          487    .text.HAL_CAN_RxFifo0FullCallback  stm32f7xx_hal_can.o
    0x08000766   0x08000766   0x00000002   Code   RO          489    .text.HAL_CAN_RxFifo0MsgPendingCallback  stm32f7xx_hal_can.o
    0x08000768   0x08000768   0x00000002   Code   RO          491    .text.HAL_CAN_RxFifo1FullCallback  stm32f7xx_hal_can.o
    0x0800076a   0x0800076a   0x00000002   Code   RO          493    .text.HAL_CAN_RxFifo1MsgPendingCallback  stm32f7xx_hal_can.o
    0x0800076c   0x0800076c   0x00000002   Code   RO          495    .text.HAL_CAN_SleepCallback  stm32f7xx_hal_can.o
    0x0800076e   0x0800076e   0x00000002   Code   RO          477    .text.HAL_CAN_TxMailbox0AbortCallback  stm32f7xx_hal_can.o
    0x08000770   0x08000770   0x00000002   Code   RO          475    .text.HAL_CAN_TxMailbox0CompleteCallback  stm32f7xx_hal_can.o
    0x08000772   0x08000772   0x00000002   Code   RO          481    .text.HAL_CAN_TxMailbox1AbortCallback  stm32f7xx_hal_can.o
    0x08000774   0x08000774   0x00000002   Code   RO          479    .text.HAL_CAN_TxMailbox1CompleteCallback  stm32f7xx_hal_can.o
    0x08000776   0x08000776   0x00000002   Code   RO          485    .text.HAL_CAN_TxMailbox2AbortCallback  stm32f7xx_hal_can.o
    0x08000778   0x08000778   0x00000002   Code   RO          483    .text.HAL_CAN_TxMailbox2CompleteCallback  stm32f7xx_hal_can.o
    0x0800077a   0x0800077a   0x00000002   Code   RO          497    .text.HAL_CAN_WakeUpFromRxMsgCallback  stm32f7xx_hal_can.o
    0x0800077c   0x0800077c   0x00000024   Code   RO         1423    .text.HAL_DMA_Abort_IT  stm32f7xx_hal_dma.o
    0x080007a0   0x080007a0   0x00000170   Code   RO         1427    .text.HAL_DMA_IRQHandler  stm32f7xx_hal_dma.o
    0x08000910   0x08000910   0x00000114   Code   RO         1409    .text.HAL_DMA_Init  stm32f7xx_hal_dma.o
    0x08000a24   0x08000a24   0x00000020   Code   RO         1559    .text.HAL_Delay     stm32f7xx_hal.o
    0x08000a44   0x08000a44   0x00000184   Code   RO         1384    .text.HAL_GPIO_Init  stm32f7xx_hal_gpio.o
    0x08000bc8   0x08000bc8   0x0000000a   Code   RO         1390    .text.HAL_GPIO_WritePin  stm32f7xx_hal_gpio.o
    0x08000bd2   0x08000bd2   0x00000002   PAD
    0x08000bd4   0x08000bd4   0x00000008   Code   RO         1551    .text.HAL_GetTick   stm32f7xx_hal.o
    0x08000bdc   0x08000bdc   0x0000004a   Code   RO          718    .text.HAL_I2CEx_ConfigAnalogFilter  stm32f7xx_hal_i2c_ex.o
    0x08000c26   0x08000c26   0x00000048   Code   RO          720    .text.HAL_I2CEx_ConfigDigitalFilter  stm32f7xx_hal_i2c_ex.o
    0x08000c6e   0x08000c6e   0x00000002   PAD
    0x08000c70   0x08000c70   0x000000a0   Code   RO          565    .text.HAL_I2C_Init  stm32f7xx_hal_i2c.o
    0x08000d10   0x08000d10   0x00000068   Code   RO          185    .text.HAL_I2C_MspInit  stm32f7xx_hal_msp.o
    0x08000d78   0x08000d78   0x00000014   Code   RO         1549    .text.HAL_IncTick   stm32f7xx_hal.o
    0x08000d8c   0x08000d8c   0x00000016   Code   RO         1539    .text.HAL_Init      stm32f7xx_hal.o
    0x08000da2   0x08000da2   0x00000002   PAD
    0x08000da4   0x08000da4   0x00000044   Code   RO         1541    .text.HAL_InitTick  stm32f7xx_hal.o
    0x08000de8   0x08000de8   0x00000030   Code   RO          179    .text.HAL_MspInit   stm32f7xx_hal_msp.o
    0x08000e18   0x08000e18   0x00000018   Code   RO          522    .text.HAL_NVIC_EnableIRQ  stm32f7xx_hal_cortex.o
    0x08000e30   0x08000e30   0x00000040   Code   RO          518    .text.HAL_NVIC_SetPriority  stm32f7xx_hal_cortex.o
    0x08000e70   0x08000e70   0x00000020   Code   RO          516    .text.HAL_NVIC_SetPriorityGrouping  stm32f7xx_hal_cortex.o
    0x08000e90   0x08000e90   0x00000028   Code   RO          314    .text.HAL_PCDEx_ActivateLPM  stm32f7xx_hal_pcd_ex.o
    0x08000eb8   0x08000eb8   0x00000060   Code   RO           75    .text.HAL_PCDEx_LPM_Callback  usbd_conf.o
    0x08000f18   0x08000f18   0x00000008   Code   RO          312    .text.HAL_PCDEx_SetRxFiFo  stm32f7xx_hal_pcd_ex.o
    0x08000f20   0x08000f20   0x00000050   Code   RO          310    .text.HAL_PCDEx_SetTxFiFo  stm32f7xx_hal_pcd_ex.o
    0x08000f70   0x08000f70   0x00000008   Code   RO           43    .text.HAL_PCD_ConnectCallback  usbd_conf.o
    0x08000f78   0x08000f78   0x00000014   Code   RO           29    .text.HAL_PCD_DataInStageCallback  usbd_conf.o
    0x08000f8c   0x08000f8c   0x00000016   Code   RO           27    .text.HAL_PCD_DataOutStageCallback  usbd_conf.o
    0x08000fa2   0x08000fa2   0x00000008   Code   RO           45    .text.HAL_PCD_DisconnectCallback  usbd_conf.o
    0x08000faa   0x08000faa   0x0000004c   Code   RO          281    .text.HAL_PCD_EP_Close  stm32f7xx_hal_pcd.o
    0x08000ff6   0x08000ff6   0x00000062   Code   RO          291    .text.HAL_PCD_EP_ClrStall  stm32f7xx_hal_pcd.o
    0x08001058   0x08001058   0x00000012   Code   RO          285    .text.HAL_PCD_EP_GetRxCount  stm32f7xx_hal_pcd.o
    0x0800106a   0x0800106a   0x00000064   Code   RO          279    .text.HAL_PCD_EP_Open  stm32f7xx_hal_pcd.o
    0x080010ce   0x080010ce   0x00000046   Code   RO          283    .text.HAL_PCD_EP_Receive  stm32f7xx_hal_pcd.o
    0x08001114   0x08001114   0x0000006e   Code   RO          289    .text.HAL_PCD_EP_SetStall  stm32f7xx_hal_pcd.o
    0x08001182   0x08001182   0x00000042   Code   RO          287    .text.HAL_PCD_EP_Transmit  stm32f7xx_hal_pcd.o
    0x080011c4   0x080011c4   0x00000704   Code   RO          249    .text.HAL_PCD_IRQHandler  stm32f7xx_hal_pcd.o
    0x080018c8   0x080018c8   0x00000008   Code   RO           41    .text.HAL_PCD_ISOINIncompleteCallback  usbd_conf.o
    0x080018d0   0x080018d0   0x00000008   Code   RO           39    .text.HAL_PCD_ISOOUTIncompleteCallback  usbd_conf.o
    0x080018d8   0x080018d8   0x00000110   Code   RO          237    .text.HAL_PCD_Init  stm32f7xx_hal_pcd.o
    0x080019e8   0x080019e8   0x00000074   Code   RO           21    .text.HAL_PCD_MspInit  usbd_conf.o
    0x08001a5c   0x08001a5c   0x00000020   Code   RO           33    .text.HAL_PCD_ResetCallback  usbd_conf.o
    0x08001a7c   0x08001a7c   0x00000008   Code   RO           37    .text.HAL_PCD_ResumeCallback  usbd_conf.o
    0x08001a84   0x08001a84   0x00000008   Code   RO           31    .text.HAL_PCD_SOFCallback  usbd_conf.o
    0x08001a8c   0x08001a8c   0x00000028   Code   RO          277    .text.HAL_PCD_SetAddress  stm32f7xx_hal_pcd.o
    0x08001ab4   0x08001ab4   0x0000000e   Code   RO           25    .text.HAL_PCD_SetupStageCallback  usbd_conf.o
    0x08001ac2   0x08001ac2   0x0000002a   Code   RO          247    .text.HAL_PCD_Start  stm32f7xx_hal_pcd.o
    0x08001aec   0x08001aec   0x00000030   Code   RO           35    .text.HAL_PCD_SuspendCallback  usbd_conf.o
    0x08001b1c   0x08001b1c   0x00000068   Code   RO         1520    .text.HAL_PWREx_EnableOverDrive  stm32f7xx_hal_pwr_ex.o
    0x08001b84   0x08001b84   0x00000494   Code   RO         1294    .text.HAL_RCCEx_PeriphCLKConfig  stm32f7xx_hal_rcc_ex.o
    0x08002018   0x08002018   0x00000130   Code   RO         1261    .text.HAL_RCC_ClockConfig  stm32f7xx_hal_rcc.o
    0x08002148   0x08002148   0x00000008   Code   RO         1271    .text.HAL_RCC_GetHCLKFreq  stm32f7xx_hal_rcc.o
    0x08002150   0x08002150   0x00000014   Code   RO         1273    .text.HAL_RCC_GetPCLK1Freq  stm32f7xx_hal_rcc.o
    0x08002164   0x08002164   0x0000001c   Code   RO         1275    .text.HAL_RCC_GetPCLK2Freq  stm32f7xx_hal_rcc.o
    0x08002180   0x08002180   0x0000005c   Code   RO         1263    .text.HAL_RCC_GetSysClockFreq  stm32f7xx_hal_rcc.o
    0x080021dc   0x080021dc   0x00000090   Code   RO         1265    .text.HAL_RCC_MCOConfig  stm32f7xx_hal_rcc.o
    0x0800226c   0x0800226c   0x00000308   Code   RO         1259    .text.HAL_RCC_OscConfig  stm32f7xx_hal_rcc.o
    0x08002574   0x08002574   0x000000ac   Code   RO          731    .text.HAL_SPI_Init  stm32f7xx_hal_spi.o
    0x08002620   0x08002620   0x0000016c   Code   RO          189    .text.HAL_SPI_MspInit  stm32f7xx_hal_msp.o
    0x0800278c   0x0800278c   0x00000028   Code   RO          530    .text.HAL_SYSTICK_Config  stm32f7xx_hal_cortex.o
    0x080027b4   0x080027b4   0x000000a0   Code   RO         1129    .text.HAL_TIMEx_ConfigBreakDeadTime  stm32f7xx_hal_tim_ex.o
    0x08002854   0x08002854   0x00000050   Code   RO         1127    .text.HAL_TIMEx_MasterConfigSynchronization  stm32f7xx_hal_tim_ex.o
    0x080028a4   0x080028a4   0x00000034   Code   RO          852    .text.HAL_TIM_Base_Init  stm32f7xx_hal_tim.o
    0x080028d8   0x080028d8   0x00000044   Code   RO          193    .text.HAL_TIM_Base_MspInit  stm32f7xx_hal_msp.o
    0x0800291c   0x0800291c   0x00000130   Code   RO         1028    .text.HAL_TIM_ConfigClockSource  stm32f7xx_hal_tim.o
    0x08002a4c   0x08002a4c   0x00000094   Code   RO          195    .text.HAL_TIM_MspPostInit  stm32f7xx_hal_msp.o
    0x08002ae0   0x08002ae0   0x00000066   Code   RO         1143    .text.HAL_TIM_OC_ConfigChannel  stm32f7xx_hal_tim_ex.o
    0x08002b46   0x08002b46   0x00000034   Code   RO          878    .text.HAL_TIM_OC_Init  stm32f7xx_hal_tim.o
    0x08002b7a   0x08002b7a   0x00000002   Code   RO          880    .text.HAL_TIM_OC_MspInit  stm32f7xx_hal_tim.o
    0x08002b7c   0x08002b7c   0x000000c0   Code   RO         1149    .text.HAL_TIM_PWM_ConfigChannel  stm32f7xx_hal_tim_ex.o
    0x08002c3c   0x08002c3c   0x00000034   Code   RO          902    .text.HAL_TIM_PWM_Init  stm32f7xx_hal_tim.o
    0x08002c70   0x08002c70   0x00000002   Code   RO          904    .text.HAL_TIM_PWM_MspInit  stm32f7xx_hal_tim.o
    0x08002c72   0x08002c72   0x00000002   Code   RO         1220    .text.HAL_UART_ErrorCallback  stm32f7xx_hal_uart.o
    0x08002c74   0x08002c74   0x00000170   Code   RO         1214    .text.HAL_UART_IRQHandler  stm32f7xx_hal_uart.o
    0x08002de4   0x08002de4   0x00000064   Code   RO         1160    .text.HAL_UART_Init  stm32f7xx_hal_uart.o
    0x08002e48   0x08002e48   0x000000ec   Code   RO          199    .text.HAL_UART_MspInit  stm32f7xx_hal_msp.o
    0x08002f34   0x08002f34   0x00000002   Code   RO         1226    .text.HAL_UART_RxCpltCallback  stm32f7xx_hal_uart.o
    0x08002f36   0x08002f36   0x00000002   Code   RO         1222    .text.HAL_UART_TxCpltCallback  stm32f7xx_hal_uart.o
    0x08002f38   0x08002f38   0x00000002   Code   RO          143    .text.HardFault_Handler  stm32f7xx_it.o
    0x08002f3a   0x08002f3a   0x00000002   PAD
    0x08002f3c   0x08002f3c   0x00000038   Code   RO           11    .text.MX_USB_DEVICE_Init  usb_device.o
    0x08002f74   0x08002f74   0x00000002   Code   RO          145    .text.MemManage_Handler  stm32f7xx_it.o
    0x08002f76   0x08002f76   0x00000002   Code   RO          141    .text.NMI_Handler   stm32f7xx_it.o
    0x08002f78   0x08002f78   0x00000020   Code   RO          520    .text.NVIC_SetPriority  stm32f7xx_hal_cortex.o
    0x08002f98   0x08002f98   0x0000000c   Code   RO          167    .text.OTG_FS_IRQHandler  stm32f7xx_it.o
    0x08002fa4   0x08002fa4   0x00000002   Code   RO          155    .text.PendSV_Handler  stm32f7xx_it.o
    0x08002fa6   0x08002fa6   0x00000002   Code   RO          151    .text.SVC_Handler   stm32f7xx_it.o
    0x08002fa8   0x08002fa8   0x00000004   Code   RO          157    .text.SysTick_Handler  stm32f7xx_it.o
    0x08002fac   0x08002fac   0x000000bc   Code   RO          214    .text.SystemClock_Config  main.o
    0x08003068   0x08003068   0x0000004c   Code   RO         1608    .text.SystemInit    system_stm32f7xx.o
    0x080030b4   0x080030b4   0x000000e0   Code   RO          856    .text.TIM_Base_SetConfig  stm32f7xx_hal_tim.o
    0x08003194   0x08003194   0x0000005c   Code   RO          994    .text.TIM_OC1_SetConfig  stm32f7xx_hal_tim.o
    0x080031f0   0x080031f0   0x00000064   Code   RO          996    .text.TIM_OC2_SetConfig  stm32f7xx_hal_tim.o
    0x08003254   0x08003254   0x00000068   Code   RO          998    .text.TIM_OC3_SetConfig  stm32f7xx_hal_tim.o
    0x080032bc   0x080032bc   0x0000004c   Code   RO         1000    .text.TIM_OC4_SetConfig  stm32f7xx_hal_tim.o
    0x08003308   0x08003308   0x0000004c   Code   RO         1145    .text.TIM_OC5_SetConfig  stm32f7xx_hal_tim_ex.o
    0x08003354   0x08003354   0x00000050   Code   RO         1147    .text.TIM_OC6_SetConfig  stm32f7xx_hal_tim_ex.o
    0x080033a4   0x080033a4   0x00000022   Code   RO         1030    .text.TIM_TI1_ConfigInputStage  stm32f7xx_hal_tim.o
    0x080033c6   0x080033c6   0x00000024   Code   RO         1032    .text.TIM_TI2_ConfigInputStage  stm32f7xx_hal_tim.o
    0x080033ea   0x080033ea   0x000000c6   Code   RO         1166    .text.UART_AdvFeatureConfig  stm32f7xx_hal_uart.o
    0x080034b0   0x080034b0   0x00000044   Code   RO         1168    .text.UART_CheckIdleState  stm32f7xx_hal_uart.o
    0x080034f4   0x080034f4   0x00000010   Code   RO         1218    .text.UART_DMAAbortOnError  stm32f7xx_hal_uart.o
    0x08003504   0x08003504   0x0000001a   Code   RO         1212    .text.UART_EndRxTransfer  stm32f7xx_hal_uart.o
    0x0800351e   0x0800351e   0x00000072   Code   RO         1216    .text.UART_Receive_IT  stm32f7xx_hal_uart.o
    0x08003590   0x08003590   0x000001cc   Code   RO         1164    .text.UART_SetConfig  stm32f7xx_hal_uart.o
    0x0800375c   0x0800375c   0x0000006a   Code   RO         1184    .text.UART_WaitOnFlagUntilTimeout  stm32f7xx_hal_uart.o
    0x080037c6   0x080037c6   0x00000002   PAD
    0x080037c8   0x080037c8   0x0000000c   Code   RO          163    .text.USART1_IRQHandler  stm32f7xx_it.o
    0x080037d4   0x080037d4   0x00000050   Code   RO         1726    .text.USBD_CDC_DataIn  usbd_cdc.o
    0x08003824   0x08003824   0x00000030   Code   RO         1728    .text.USBD_CDC_DataOut  usbd_cdc.o
    0x08003854   0x08003854   0x00000044   Code   RO         1720    .text.USBD_CDC_DeInit  usbd_cdc.o
    0x08003898   0x08003898   0x00000028   Code   RO         1724    .text.USBD_CDC_EP0_RxReady  usbd_cdc.o
    0x080038c0   0x080038c0   0x00000010   Code   RO         1736    .text.USBD_CDC_GetDeviceQualifierDescriptor  usbd_cdc.o
    0x080038d0   0x080038d0   0x00000010   Code   RO         1732    .text.USBD_CDC_GetFSCfgDesc  usbd_cdc.o
    0x080038e0   0x080038e0   0x00000010   Code   RO         1730    .text.USBD_CDC_GetHSCfgDesc  usbd_cdc.o
    0x080038f0   0x080038f0   0x00000010   Code   RO         1734    .text.USBD_CDC_GetOtherSpeedCfgDesc  usbd_cdc.o
    0x08003900   0x08003900   0x00000092   Code   RO         1718    .text.USBD_CDC_Init  usbd_cdc.o
    0x08003992   0x08003992   0x0000002a   Code   RO         1746    .text.USBD_CDC_ReceivePacket  usbd_cdc.o
    0x080039bc   0x080039bc   0x00000010   Code   RO         1738    .text.USBD_CDC_RegisterInterface  usbd_cdc.o
    0x080039cc   0x080039cc   0x0000000c   Code   RO         1742    .text.USBD_CDC_SetRxBuffer  usbd_cdc.o
    0x080039d8   0x080039d8   0x00000010   Code   RO         1740    .text.USBD_CDC_SetTxBuffer  usbd_cdc.o
    0x080039e8   0x080039e8   0x000000aa   Code   RO         1722    .text.USBD_CDC_Setup  usbd_cdc.o
    0x08003a92   0x08003a92   0x0000000e   Code   RO         1638    .text.USBD_ClrClassConfig  usbd_core.o
    0x08003aa0   0x08003aa0   0x00000010   Code   RO         1701    .text.USBD_CtlContinueRx  usbd_ioreq.o
    0x08003ab0   0x08003ab0   0x00000010   Code   RO         1697    .text.USBD_CtlContinueSendData  usbd_ioreq.o
    0x08003ac0   0x08003ac0   0x00000016   Code   RO         1675    .text.USBD_CtlError  usbd_ctlreq.o
    0x08003ad6   0x08003ad6   0x0000001e   Code   RO         1699    .text.USBD_CtlPrepareRx  usbd_ioreq.o
    0x08003af4   0x08003af4   0x00000016   Code   RO         1705    .text.USBD_CtlReceiveStatus  usbd_ioreq.o
    0x08003b0a   0x08003b0a   0x0000001a   Code   RO         1695    .text.USBD_CtlSendData  usbd_ioreq.o
    0x08003b24   0x08003b24   0x00000016   Code   RO         1703    .text.USBD_CtlSendStatus  usbd_ioreq.o
    0x08003b3a   0x08003b3a   0x00000002   PAD
    0x08003b3c   0x08003b3c   0x00000020   Code   RO           99    .text.USBD_FS_ConfigStrDescriptor  usbd_desc.o
    0x08003b5c   0x08003b5c   0x0000000c   Code   RO           89    .text.USBD_FS_DeviceDescriptor  usbd_desc.o
    0x08003b68   0x08003b68   0x00000024   Code   RO          101    .text.USBD_FS_InterfaceStrDescriptor  usbd_desc.o
    0x08003b8c   0x08003b8c   0x0000000c   Code   RO           91    .text.USBD_FS_LangIDStrDescriptor  usbd_desc.o
    0x08003b98   0x08003b98   0x00000028   Code   RO           93    .text.USBD_FS_ManufacturerStrDescriptor  usbd_desc.o
    0x08003bc0   0x08003bc0   0x0000002c   Code   RO           95    .text.USBD_FS_ProductStrDescriptor  usbd_desc.o
    0x08003bec   0x08003bec   0x00000028   Code   RO           97    .text.USBD_FS_SerialStrDescriptor  usbd_desc.o
    0x08003c14   0x08003c14   0x0000000c   Code   RO          103    .text.USBD_FS_USR_BOSDescriptor  usbd_desc.o
    0x08003c20   0x08003c20   0x0000005a   Code   RO         1683    .text.USBD_GetString  usbd_ctlreq.o
    0x08003c7a   0x08003c7a   0x0000002c   Code   RO         1624    .text.USBD_Init     usbd_core.o
    0x08003ca6   0x08003ca6   0x00000002   PAD
    0x08003ca8   0x08003ca8   0x00000020   Code   RO           63    .text.USBD_LL_ClearStallEP  usbd_conf.o
    0x08003cc8   0x08003cc8   0x00000020   Code   RO           57    .text.USBD_LL_CloseEP  usbd_conf.o
    0x08003ce8   0x08003ce8   0x000000c2   Code   RO         1644    .text.USBD_LL_DataInStage  usbd_core.o
    0x08003daa   0x08003daa   0x0000007c   Code   RO         1642    .text.USBD_LL_DataOutStage  usbd_core.o
    0x08003e26   0x08003e26   0x00000004   Code   RO         1660    .text.USBD_LL_DevConnected  usbd_core.o
    0x08003e2a   0x08003e2a   0x00000016   Code   RO         1662    .text.USBD_LL_DevDisconnected  usbd_core.o
    0x08003e40   0x08003e40   0x0000000c   Code   RO           73    .text.USBD_LL_GetRxDataSize  usbd_conf.o
    0x08003e4c   0x08003e4c   0x00000068   Code   RO           47    .text.USBD_LL_Init  usbd_conf.o
    0x08003eb4   0x08003eb4   0x00000020   Code   RO           65    .text.USBD_LL_IsStallEP  usbd_conf.o
    0x08003ed4   0x08003ed4   0x00000004   Code   RO         1656    .text.USBD_LL_IsoINIncomplete  usbd_core.o
    0x08003ed8   0x08003ed8   0x00000004   Code   RO         1658    .text.USBD_LL_IsoOUTIncomplete  usbd_core.o
    0x08003edc   0x08003edc   0x00000024   Code   RO           55    .text.USBD_LL_OpenEP  usbd_conf.o
    0x08003f00   0x08003f00   0x00000020   Code   RO           71    .text.USBD_LL_PrepareReceive  usbd_conf.o
    0x08003f20   0x08003f20   0x00000054   Code   RO         1646    .text.USBD_LL_Reset  usbd_core.o
    0x08003f74   0x08003f74   0x0000000e   Code   RO         1652    .text.USBD_LL_Resume  usbd_core.o
    0x08003f82   0x08003f82   0x0000001c   Code   RO         1654    .text.USBD_LL_SOF   usbd_core.o
    0x08003f9e   0x08003f9e   0x00000008   Code   RO         1648    .text.USBD_LL_SetSpeed  usbd_core.o
    0x08003fa6   0x08003fa6   0x00000002   PAD
    0x08003fa8   0x08003fa8   0x00000020   Code   RO           67    .text.USBD_LL_SetUSBAddress  usbd_conf.o
    0x08003fc8   0x08003fc8   0x0000005a   Code   RO         1640    .text.USBD_LL_SetupStage  usbd_core.o
    0x08004022   0x08004022   0x00000002   PAD
    0x08004024   0x08004024   0x00000020   Code   RO           61    .text.USBD_LL_StallEP  usbd_conf.o
    0x08004044   0x08004044   0x00000020   Code   RO           51    .text.USBD_LL_Start  usbd_conf.o
    0x08004064   0x08004064   0x00000014   Code   RO         1650    .text.USBD_LL_Suspend  usbd_core.o
    0x08004078   0x08004078   0x00000024   Code   RO           69    .text.USBD_LL_Transmit  usbd_conf.o
    0x0800409c   0x0800409c   0x00000016   Code   RO         1681    .text.USBD_ParseSetupRequest  usbd_ctlreq.o
    0x080040b2   0x080040b2   0x00000010   Code   RO         1628    .text.USBD_RegisterClass  usbd_core.o
    0x080040c2   0x080040c2   0x0000001a   Code   RO         1636    .text.USBD_SetClassConfig  usbd_core.o
    0x080040dc   0x080040dc   0x0000000a   Code   RO         1630    .text.USBD_Start    usbd_core.o
    0x080040e6   0x080040e6   0x00000002   PAD
    0x080040e8   0x080040e8   0x00000264   Code   RO         1673    .text.USBD_StdDevReq  usbd_ctlreq.o
    0x0800434c   0x0800434c   0x00000160   Code   RO         1679    .text.USBD_StdEPReq  usbd_ctlreq.o
    0x080044ac   0x080044ac   0x0000004c   Code   RO         1677    .text.USBD_StdItfReq  usbd_ctlreq.o
    0x080044f8   0x080044f8   0x00000084   Code   RO          351    .text.USB_ActivateEndpoint  stm32f7xx_ll_usb.o
    0x0800457c   0x0800457c   0x00000038   Code   RO          393    .text.USB_ActivateSetup  stm32f7xx_ll_usb.o
    0x080045b4   0x080045b4   0x0000006c   Code   RO          331    .text.USB_CoreInit  stm32f7xx_ll_usb.o
    0x08004620   0x08004620   0x00000030   Code   RO          333    .text.USB_CoreReset  stm32f7xx_ll_usb.o
    0x08004650   0x08004650   0x0000007c   Code   RO          355    .text.USB_DeactivateEndpoint  stm32f7xx_ll_usb.o
    0x080046cc   0x080046cc   0x00000018   Code   RO          375    .text.USB_DevConnect  stm32f7xx_ll_usb.o
    0x080046e4   0x080046e4   0x00000018   Code   RO          377    .text.USB_DevDisconnect  stm32f7xx_ll_usb.o
    0x080046fc   0x080046fc   0x00000190   Code   RO          341    .text.USB_DevInit   stm32f7xx_ll_usb.o
    0x0800488c   0x0800488c   0x0000000e   Code   RO          337    .text.USB_DisableGlobalInt  stm32f7xx_ll_usb.o
    0x0800489a   0x0800489a   0x00000002   PAD
    0x0800489c   0x0800489c   0x000000ec   Code   RO          363    .text.USB_EP0StartXfer  stm32f7xx_ll_usb.o
    0x08004988   0x08004988   0x0000003e   Code   RO          395    .text.USB_EP0_OutStart  stm32f7xx_ll_usb.o
    0x080049c6   0x080049c6   0x00000056   Code   RO          369    .text.USB_EPClearStall  stm32f7xx_ll_usb.o
    0x08004a1c   0x08004a1c   0x0000003e   Code   RO          367    .text.USB_EPSetStall  stm32f7xx_ll_usb.o
    0x08004a5a   0x08004a5a   0x00000002   PAD
    0x08004a5c   0x08004a5c   0x000001ac   Code   RO          359    .text.USB_EPStartXfer  stm32f7xx_ll_usb.o
    0x08004c08   0x08004c08   0x0000000e   Code   RO          335    .text.USB_EnableGlobalInt  stm32f7xx_ll_usb.o
    0x08004c16   0x08004c16   0x00000002   PAD
    0x08004c18   0x08004c18   0x00000020   Code   RO          347    .text.USB_FlushRxFifo  stm32f7xx_ll_usb.o
    0x08004c38   0x08004c38   0x00000024   Code   RO          345    .text.USB_FlushTxFifo  stm32f7xx_ll_usb.o
    0x08004c5c   0x08004c5c   0x00000026   Code   RO          349    .text.USB_GetDevSpeed  stm32f7xx_ll_usb.o
    0x08004c82   0x08004c82   0x00000008   Code   RO          391    .text.USB_GetMode   stm32f7xx_ll_usb.o
    0x08004c8a   0x08004c8a   0x0000000e   Code   RO          383    .text.USB_ReadDevAllInEpInterrupt  stm32f7xx_ll_usb.o
    0x08004c98   0x08004c98   0x0000000e   Code   RO          381    .text.USB_ReadDevAllOutEpInterrupt  stm32f7xx_ll_usb.o
    0x08004ca6   0x08004ca6   0x00000024   Code   RO          387    .text.USB_ReadDevInEPInterrupt  stm32f7xx_ll_usb.o
    0x08004cca   0x08004cca   0x00000010   Code   RO          385    .text.USB_ReadDevOutEPInterrupt  stm32f7xx_ll_usb.o
    0x08004cda   0x08004cda   0x00000008   Code   RO          379    .text.USB_ReadInterrupts  stm32f7xx_ll_usb.o
    0x08004ce2   0x08004ce2   0x00000024   Code   RO          365    .text.USB_ReadPacket  stm32f7xx_ll_usb.o
    0x08004d06   0x08004d06   0x0000002e   Code   RO          339    .text.USB_SetCurrentMode  stm32f7xx_ll_usb.o
    0x08004d34   0x08004d34   0x00000022   Code   RO          373    .text.USB_SetDevAddress  stm32f7xx_ll_usb.o
    0x08004d56   0x08004d56   0x00000026   Code   RO          361    .text.USB_WritePacket  stm32f7xx_ll_usb.o
    0x08004d7c   0x08004d7c   0x00000002   Code   RO          149    .text.UsageFault_Handler  stm32f7xx_it.o
    0x08004d7e   0x08004d7e   0x00000002   PAD
    0x08004d80   0x08004d80   0x00000468   Code   RO          212    .text.main          main.o
    0x080051e8   0x080051e8   0x0000000e   Code   RO         1937    i.__scatterload_copy  mc_w.l(handlers.o)
    0x080051f6   0x080051f6   0x00000002   Code   RO         1938    i.__scatterload_null  mc_w.l(handlers.o)
    0x080051f8   0x080051f8   0x0000000e   Code   RO         1939    i.__scatterload_zeroinit  mc_w.l(handlers.o)
    0x08005206   0x08005206   0x00000002   PAD
    0x08005208   0x08005208   0x00000050   Code   RO         1804    i.free              mc_w.l(malloc.o)
    0x08005258   0x08005258   0x0000006c   Code   RO         1805    i.malloc            mc_w.l(malloc.o)
    0x080052c4   0x080052c4   0x00000010   Data   RO         1613    .rodata.AHBPrescTable  system_stm32f7xx.o
    0x080052d4   0x080052d4   0x00000008   Data   RO         1614    .rodata.APBPrescTable  system_stm32f7xx.o
    0x080052dc   0x080052dc   0x00000020   Data   RO         1936    Region$$Table       anon$$obj.o


    Execution Region RW_IRAM1 (Exec base: 0x20000000, Load base: 0x08005300, Size: 0x00002370, Max: 0x00050000, ABSOLUTE, COMPRESSED[0x000000d0])

    Exec Addr    Load Addr    Size         Type   Attr      Idx    E Section Name        Object

    0x20000000   COMPRESSED   0x00000004   Data   RW         1930    .data               mc_w.l(mvars.o)
    0x20000004   COMPRESSED   0x00000004   Data   RW         1931    .data               mc_w.l(mvars.o)
    0x20000008   COMPRESSED   0x00000008   Data   RW         1598    .data..L_MergedGlobals  stm32f7xx_hal.o
    0x20000010   COMPRESSED   0x00000020   Data   RW          105    .data.FS_Desc       usbd_desc.o
    0x20000030   COMPRESSED   0x00000004   Data   RW         1612    .data.SystemCoreClock  system_stm32f7xx.o
    0x20000034   COMPRESSED   0x00000038   Data   RW         1748    .data.USBD_CDC      usbd_cdc.o
    0x2000006c   COMPRESSED   0x00000043   Data   RW         1750    .data.USBD_CDC_CfgFSDesc  usbd_cdc.o
    0x200000af   COMPRESSED   0x00000001   PAD
    0x200000b0   COMPRESSED   0x00000043   Data   RW         1749    .data.USBD_CDC_CfgHSDesc  usbd_cdc.o
    0x200000f3   COMPRESSED   0x00000001   PAD
    0x200000f4   COMPRESSED   0x0000000a   Data   RW         1752    .data.USBD_CDC_DeviceQualifierDesc  usbd_cdc.o
    0x200000fe   COMPRESSED   0x00000002   PAD
    0x20000100   COMPRESSED   0x00000043   Data   RW         1751    .data.USBD_CDC_OtherSpeedCfgDesc  usbd_cdc.o
    0x20000143   COMPRESSED   0x00000001   PAD
    0x20000144   COMPRESSED   0x0000000c   Data   RW          107    .data.USBD_FS_BOSDesc  usbd_desc.o
    0x20000150   COMPRESSED   0x00000012   Data   RW          106    .data.USBD_FS_DeviceDesc  usbd_desc.o
    0x20000162   COMPRESSED   0x00000002   PAD
    0x20000164   COMPRESSED   0x00000010   Data   RW          129    .data.USBD_Interface_fops_FS  usbd_cdc_if.o
    0x20000174   COMPRESSED   0x00000004   Data   RW          108    .data.USBD_LangIDDesc  usbd_desc.o
    0x20000178        -       0x00000068   Zero   RW          227    .bss..L_MergedGlobals  main.o
    0x200001e0        -       0x00000001   Zero   RW         1685    .bss.USBD_SetConfig.cfgidx  usbd_ctlreq.o
    0x200001e1   COMPRESSED   0x00000003   PAD
    0x200001e4        -       0x00000200   Zero   RW          109    .bss.USBD_StrDesc   usbd_desc.o
    0x200003e4        -       0x00000800   Zero   RW          130    .bss.UserRxBufferFS  usbd_cdc_if.o
    0x20000be4        -       0x00000800   Zero   RW          131    .bss.UserTxBufferFS  usbd_cdc_if.o
    0x200013e4        -       0x0000029c   Zero   RW           13    .bss.hUsbDeviceFS   usb_device.o
    0x20001680        -       0x00000060   Zero   RW          224    .bss.hdma_usart1_rx  main.o
    0x200016e0        -       0x00000060   Zero   RW          225    .bss.hdma_usart1_tx  main.o
    0x20001740        -       0x0000004c   Zero   RW          218    .bss.hi2c1          main.o
    0x2000178c        -       0x00000400   Zero   RW           79    .bss.hpcd_USB_OTG_FS  usbd_conf.o
    0x20001b8c        -       0x00000064   Zero   RW          219    .bss.hspi1          main.o
    0x20001bf0        -       0x00000064   Zero   RW          220    .bss.hspi2          main.o
    0x20001c54        -       0x00000064   Zero   RW          221    .bss.hspi3          main.o
    0x20001cb8        -       0x00000040   Zero   RW          222    .bss.htim8          main.o
    0x20001cf8        -       0x00000070   Zero   RW          223    .bss.huart1         main.o
    0x20001d68        -       0x00000004   Zero   RW         1597    .bss.uwTick         stm32f7xx_hal.o
    0x20001d6c   COMPRESSED   0x00000004   PAD
    0x20001d70        -       0x00000200   Zero   RW            2    HEAP                startup_stm32f745xx.o
    0x20001f70        -       0x00000400   Zero   RW            1    STACK               startup_stm32f745xx.o


==============================================================================

Image component sizes


      Code (inc. data)   RO Data    RW Data    ZI Data      Debug   Object Name

      1318         76          0          0        848      24405   main.o
        36          8        456          0       1536        820   startup_stm32f745xx.o
       150         12          0          8          4       7705   stm32f7xx_hal.o
       776          6          0          0          0      12451   stm32f7xx_hal_can.o
       192         28          0          0          0      10692   stm32f7xx_hal_cortex.o
       732         20          0          0          0       8404   stm32f7xx_hal_dma.o
       398         24          0          0          0       4858   stm32f7xx_hal_gpio.o
       160          4          0          0          0      29281   stm32f7xx_hal_i2c.o
       146          0          0          0          0       4027   stm32f7xx_hal_i2c_ex.o
      1100         80          0          0          0      15173   stm32f7xx_hal_msp.o
      2688         76          0          0          0      12877   stm32f7xx_hal_pcd.o
       128          4          0          0          0       4670   stm32f7xx_hal_pcd_ex.o
       104          4          0          0          0       5645   stm32f7xx_hal_pwr_ex.o
      1372         44          0          0          0       7412   stm32f7xx_hal_rcc.o
      1172         12          0          0          0       6376   stm32f7xx_hal_rcc_ex.o
       172          0          0          0          0      19946   stm32f7xx_hal_spi.o
      1130         56          0          0          0      34372   stm32f7xx_hal_tim.o
       690         28          0          0          0      17391   stm32f7xx_hal_tim_ex.o
      1462         80          0          0          0      16266   stm32f7xx_hal_uart.o
        88         20          0          0          0       1550   stm32f7xx_it.o
      2174         52          0          0          0      20164   stm32f7xx_ll_usb.o
        76         16         24          4          0       3283   system_stm32f7xx.o
        56         16          0          0        668       2753   usb_device.o
       702         20          0        267          0       9584   usbd_cdc.o
        72         12          0         16       4096       2396   usbd_cdc_if.o
       808         24          0          0       1024      16285   usbd_conf.o
       706          0          0          0          0       6752   usbd_core.o
      1174         36          0          0          1       7122   usbd_ctlreq.o
       228        104          0         66        512       2912   usbd_desc.o
       132          0          0          0          0       4155   usbd_ioreq.o

    ----------------------------------------------------------------------
     20174        862        512        368       8696     319727   Object Totals
         0          0         32          0          0          0   (incl. Generated)
        32          0          0          7          7          0   (incl. Padding)

    ----------------------------------------------------------------------

      Code (inc. data)   RO Data    RW Data    ZI Data      Debug   Library Member Name

        86          0          0          0          0          0   __dczerorl2.o
         0          0          0          0          0          0   entry.o
         0          0          0          0          0          0   entry10a.o
         0          0          0          0          0          0   entry11a.o
         8          4          0          0          0          0   entry2.o
         4          0          0          0          0          0   entry5.o
         0          0          0          0          0          0   entry7b.o
         0          0          0          0          0          0   entry8b.o
         8          4          0          0          0          0   entry9a.o
        30          0          0          0          0          0   handlers.o
        36          8          0          0          0         68   init.o
        30          0          0          0          0         68   llshl.o
        32          0          0          0          0         68   llushr.o
       188         20          0          0          0        160   malloc.o
        36          0          0          0          0        108   memseta.o
         0          0          0          8          0          0   mvars.o
        98          0          0          0          0         92   uldiv.o

    ----------------------------------------------------------------------
       558         36          0          8          0        564   Library Totals
         2          0          0          0          0          0   (incl. Padding)

    ----------------------------------------------------------------------

      Code (inc. data)   RO Data    RW Data    ZI Data      Debug   Library Name

       556         36          0          8          0        564   mc_w.l

    ----------------------------------------------------------------------
       558         36          0          8          0        564   Library Totals

    ----------------------------------------------------------------------

==============================================================================


      Code (inc. data)   RO Data    RW Data    ZI Data      Debug   

     20732        898        512        376       8696     319919   Grand Totals
     20732        898        512        208       8696     319919   ELF Image Totals (compressed)
     20732        898        512        208          0          0   ROM Totals

==============================================================================

    Total RO  Size (Code + RO Data)                21244 (  20.75kB)
    Total RW  Size (RW Data + ZI Data)              9072 (   8.86kB)
    Total ROM Size (Code + RO Data + RW Data)      21452 (  20.95kB)

==============================================================================

