<html>
<body>
<pre>
<h1>µVision Build Log</h1>
<h2>Tool Versions:</h2>
IDE-Version: µVision V5.27.0.0
Copyright (C) 2018 ARM Ltd and ARM Germany GmbH. All rights reserved.
License Information: Sergey Rotanov, Intellect  Industries, LIC=FQQGK-ZDLS3-AV91J-U97MD-ND0AQ-5ZK0G
 
Tool Versions:
Toolchain:       MDK-ARM Professional  Version: 5.27.0.0
Toolchain Path:  C:\Keil_v5\ARM\ARMCLANG\Bin
C Compiler:      ArmClang.exe V6.11
Assembler:       Armasm.exe V6.11
Linker/Locator:  ArmLink.exe V6.11
Library Manager: ArmAr.exe V6.11
Hex Converter:   FromElf.exe V6.11
CPU DLL:         SARMCM3.DLL V5.27.0.0
Dialog DLL:      DCM.DLL V1.17.2.0
Target DLL:      STLink\ST-LINKIII-KEIL_SWO.dll V3.0.5.0
Dialog DLL:      TCM.DLL V1.36.1.0
 
<h2>Project:</h2>
C:\Users\h_wil\Projects\embedded\trinity\MDK-ARM\matrix-main.uvprojx
Project File Date:  03/19/2019

<h2>Output:</h2>
*** Using Compiler 'V6.11', folder: 'C:\Keil_v5\ARM\ARMCLANG\Bin'
*** Warning: You are compiling one or more files of source type C++ and have selected 'use MicroLIB'. MicroLIB does not support C++!
  
Build target 'matrix-main'
compiling usb_device.c...
compiling usbd_cdc_if.c...
compiling stm32f7xx_it.c...
compiling usbd_desc.c...
compiling stm32f7xx_hal_msp.c...
compiling usbd_conf.c...
compiling main.cpp...
compiling stm32f7xx_hal_pcd_ex.c...
compiling stm32f7xx_hal_cortex.c...
compiling euromap.cpp...
compiling stm32f7xx_hal_i2c_ex.c...
compiling stm32f7xx_hal_can.c...
compiling stm32f7xx_hal_pcd.c...
../Drivers/STM32F7xx_HAL_Driver/Src/stm32f7xx_ll_usb.c(869): warning: '__packed__' attribute ignored when parsing type [-Wignored-attributes]
      USBx_DFIFO((uint32_t)ch_ep_num) = *((__packed uint32_t *)pSrc);
                                           ^~~~~~~~
../Drivers/STM32F7xx_HAL_Driver/Inc/stm32f7xx_hal_def.h(131): note: expanded from macro '__packed'
    #define __packed __attribute__((__packed__))
                                    ^~~~~~~~~~
../Drivers/STM32F7xx_HAL_Driver/Src/stm32f7xx_ll_usb.c(898): warning: '__packed__' attribute ignored when parsing type [-Wignored-attributes]
    *(__packed uint32_t *)pDest = USBx_DFIFO(0U);
      ^~~~~~~~
../Drivers/STM32F7xx_HAL_Driver/Inc/stm32f7xx_hal_def.h(131): note: expanded from macro '__packed'
    #define __packed __attribute__((__packed__))
                                    ^~~~~~~~~~
2 warnings generated.
compiling stm32f7xx_ll_usb.c...
compiling stm32f7xx_hal_rcc.c...
compiling stm32f7xx_hal_tim_ex.c...
compiling stm32f7xx_hal_i2c.c...
compiling stm32f7xx_hal_rcc_ex.c...
compiling stm32f7xx_hal_flash.c...
compiling stm32f7xx_hal_uart.c...
compiling stm32f7xx_hal_spi.c...
compiling stm32f7xx_hal_gpio.c...
compiling stm32f7xx_hal_tim.c...
compiling stm32f7xx_hal_flash_ex.c...
compiling stm32f7xx_hal_pwr.c...
compiling stm32f7xx_hal_dma_ex.c...
compiling stm32f7xx_hal_pwr_ex.c...
compiling stm32f7xx_hal.c...
compiling stm32f7xx_hal_dma.c...
compiling system_stm32f7xx.c...
compiling usbd_ioreq.c...
compiling usbd_core.c...
compiling usbd_cdc.c...
compiling usbd_ctlreq.c...
linking...
Program Size: Code=20732 RO-data=512 RW-data=376 ZI-data=8696  
FromELF: creating hex file...
"matrix-main\matrix-main.axf" - 0 Error(s), 2 Warning(s).

<h2>Software Packages used:</h2>

Package Vendor: ARM
                http://www.keil.com/pack/ARM.CMSIS.5.4.0.pack
                ARM.CMSIS.5.4.0
                CMSIS (Cortex Microcontroller Software Interface Standard)
   * Component: CORE Version: 5.1.2

Package Vendor: Keil
                http://www.keil.com/pack/Keil.STM32F7xx_DFP.2.11.0.pack
                Keil.STM32F7xx_DFP.2.11.0
                STMicroelectronics STM32F7 Series Device Support, Drivers and Examples

<h2>Collection of Component include folders:</h2>
  .\RTE\_matrix-main
  C:\Keil_v5\ARM\PACK\ARM\CMSIS\5.4.0\CMSIS\Core\Include
  C:\Keil_v5\ARM\PACK\Keil\STM32F7xx_DFP\2.11.0\Drivers\CMSIS\Device\ST\STM32F7xx\Include

<h2>Collection of Component Files used:</h2>

   * Component: ARM::CMSIS:CORE:5.1.2
Build Time Elapsed:  00:00:03
</pre>
</body>
</html>
