Component: ARM Compiler 5.06 update 6 (build 750) Tool: armlink [4d35ed]

==============================================================================

Section Cross References

    startup_stm32f745xx.o(RESET) refers to startup_stm32f745xx.o(STACK) for __initial_sp
    startup_stm32f745xx.o(RESET) refers to startup_stm32f745xx.o(.text) for Reset_Handler
    startup_stm32f745xx.o(RESET) refers to stm32f7xx_it.o(i.NMI_Handler) for NMI_Handler
    startup_stm32f745xx.o(RESET) refers to stm32f7xx_it.o(i.HardFault_Handler) for HardFault_Handler
    startup_stm32f745xx.o(RESET) refers to stm32f7xx_it.o(i.MemManage_Handler) for MemManage_Handler
    startup_stm32f745xx.o(RESET) refers to stm32f7xx_it.o(i.BusFault_Handler) for BusFault_Handler
    startup_stm32f745xx.o(RESET) refers to stm32f7xx_it.o(i.UsageFault_Handler) for UsageFault_Handler
    startup_stm32f745xx.o(RESET) refers to stm32f7xx_it.o(i.SVC_Handler) for SVC_Handler
    startup_stm32f745xx.o(RESET) refers to stm32f7xx_it.o(i.DebugMon_Handler) for DebugMon_Handler
    startup_stm32f745xx.o(RESET) refers to stm32f7xx_it.o(i.PendSV_Handler) for PendSV_Handler
    startup_stm32f745xx.o(RESET) refers to stm32f7xx_it.o(i.DMA1_Stream1_IRQHandler) for DMA1_Stream1_IRQHandler
    startup_stm32f745xx.o(RESET) refers to stm32f7xx_it.o(i.DMA1_Stream3_IRQHandler) for DMA1_Stream3_IRQHandler
    startup_stm32f745xx.o(RESET) refers to stm32f7xx_it.o(i.DMA1_Stream5_IRQHandler) for DMA1_Stream5_IRQHandler
    startup_stm32f745xx.o(RESET) refers to stm32f7xx_it.o(i.DMA1_Stream6_IRQHandler) for DMA1_Stream6_IRQHandler
    startup_stm32f745xx.o(RESET) refers to stm32f7xx_it.o(i.TIM1_UP_TIM10_IRQHandler) for TIM1_UP_TIM10_IRQHandler
    startup_stm32f745xx.o(RESET) refers to stm32f7xx_it.o(i.TIM3_IRQHandler) for TIM3_IRQHandler
    startup_stm32f745xx.o(RESET) refers to stm32f7xx_it.o(i.TIM4_IRQHandler) for TIM4_IRQHandler
    startup_stm32f745xx.o(RESET) refers to stm32f7xx_it.o(i.USART1_IRQHandler) for USART1_IRQHandler
    startup_stm32f745xx.o(RESET) refers to stm32f7xx_it.o(i.USART2_IRQHandler) for USART2_IRQHandler
    startup_stm32f745xx.o(RESET) refers to stm32f7xx_it.o(i.USART3_IRQHandler) for USART3_IRQHandler
    startup_stm32f745xx.o(RESET) refers to stm32f7xx_it.o(i.EXTI15_10_IRQHandler) for EXTI15_10_IRQHandler
    startup_stm32f745xx.o(RESET) refers to stm32f7xx_it.o(i.TIM5_IRQHandler) for TIM5_IRQHandler
    startup_stm32f745xx.o(RESET) refers to stm32f7xx_it.o(i.DMA2_Stream2_IRQHandler) for DMA2_Stream2_IRQHandler
    startup_stm32f745xx.o(RESET) refers to stm32f7xx_it.o(i.OTG_FS_IRQHandler) for OTG_FS_IRQHandler
    startup_stm32f745xx.o(RESET) refers to stm32f7xx_it.o(i.DMA2_Stream7_IRQHandler) for DMA2_Stream7_IRQHandler
    startup_stm32f745xx.o(.text) refers to system_stm32f7xx.o(i.SystemInit) for SystemInit
    startup_stm32f745xx.o(.text) refers to entry.o(.ARM.Collect$$$$00000000) for __main
    command.o(i.HAL_TIM_PeriodElapsedCallback) refers to command.o(.data) for .data
    command.o(i.TrinityCPInit) refers to calloc.o(.text) for calloc
    command.o(i.TrinityCPInit) refers to command.o(.data) for .data
    command.o(.data) refers to main.o(.bss) for huart1
    command.o(.data) refers to main.o(.bss) for huart2
    command.o(.data) refers to main.o(.bss) for hspi1
    command.o(.data) refers to main.o(.bss) for hspi2
    command.o(.data) refers to main.o(.bss) for hspi3
    main.o(i.MX_DMA_Init) refers to stm32f7xx_hal_cortex.o(i.HAL_NVIC_SetPriority) for HAL_NVIC_SetPriority
    main.o(i.MX_DMA_Init) refers to stm32f7xx_hal_cortex.o(i.HAL_NVIC_EnableIRQ) for HAL_NVIC_EnableIRQ
    main.o(i.MX_GPIO_Init) refers to memseta.o(.text) for __aeabi_memclr4
    main.o(i.MX_GPIO_Init) refers to stm32f7xx_hal_gpio.o(i.HAL_GPIO_WritePin) for HAL_GPIO_WritePin
    main.o(i.MX_GPIO_Init) refers to stm32f7xx_hal_gpio.o(i.HAL_GPIO_Init) for HAL_GPIO_Init
    main.o(i.MX_GPIO_Init) refers to stm32f7xx_hal_cortex.o(i.HAL_NVIC_SetPriority) for HAL_NVIC_SetPriority
    main.o(i.MX_GPIO_Init) refers to stm32f7xx_hal_cortex.o(i.HAL_NVIC_EnableIRQ) for HAL_NVIC_EnableIRQ
    main.o(i.MX_SPI1_Init) refers to stm32f7xx_hal_spi.o(i.HAL_SPI_Init) for HAL_SPI_Init
    main.o(i.MX_SPI1_Init) refers to main.o(.bss) for .bss
    main.o(i.MX_SPI2_Init) refers to stm32f7xx_hal_spi.o(i.HAL_SPI_Init) for HAL_SPI_Init
    main.o(i.MX_SPI2_Init) refers to main.o(.bss) for .bss
    main.o(i.MX_SPI3_Init) refers to stm32f7xx_hal_spi.o(i.HAL_SPI_Init) for HAL_SPI_Init
    main.o(i.MX_SPI3_Init) refers to main.o(.bss) for .bss
    main.o(i.MX_TIM1_Init) refers to memseta.o(.text) for __aeabi_memclr4
    main.o(i.MX_TIM1_Init) refers to stm32f7xx_hal_tim.o(i.HAL_TIM_Base_Init) for HAL_TIM_Base_Init
    main.o(i.MX_TIM1_Init) refers to stm32f7xx_hal_tim.o(i.HAL_TIM_ConfigClockSource) for HAL_TIM_ConfigClockSource
    main.o(i.MX_TIM1_Init) refers to stm32f7xx_hal_tim.o(i.HAL_TIM_PWM_Init) for HAL_TIM_PWM_Init
[...]
    i.USBD_CDC_Setup                         0x08004420   Section        0  usbd_cdc.o(i.USBD_CDC_Setup)
    USBD_CDC_Setup                           0x08004421   Thumb Code   174  usbd_cdc.o(i.USBD_CDC_Setup)
    i.USBD_ClrClassConfig                    0x080044ce   Section        0  usbd_core.o(i.USBD_ClrClassConfig)
    i.USBD_CtlContinueRx                     0x080044dc   Section        0  usbd_ioreq.o(i.USBD_CtlContinueRx)
    i.USBD_CtlContinueSendData               0x080044ec   Section        0  usbd_ioreq.o(i.USBD_CtlContinueSendData)
    i.USBD_CtlError                          0x080044fc   Section        0  usbd_ctlreq.o(i.USBD_CtlError)
    i.USBD_CtlPrepareRx                      0x08004512   Section        0  usbd_ioreq.o(i.USBD_CtlPrepareRx)
    i.USBD_CtlReceiveStatus                  0x08004530   Section        0  usbd_ioreq.o(i.USBD_CtlReceiveStatus)
    i.USBD_CtlSendData                       0x08004546   Section        0  usbd_ioreq.o(i.USBD_CtlSendData)
    i.USBD_CtlSendStatus                     0x08004560   Section        0  usbd_ioreq.o(i.USBD_CtlSendStatus)
    i.USBD_FS_ConfigStrDescriptor            0x08004578   Section        0  usbd_desc.o(i.USBD_FS_ConfigStrDescriptor)
    i.USBD_FS_DeviceDescriptor               0x08004598   Section        0  usbd_desc.o(i.USBD_FS_DeviceDescriptor)
    i.USBD_FS_InterfaceStrDescriptor         0x080045a4   Section        0  usbd_desc.o(i.USBD_FS_InterfaceStrDescriptor)
    i.USBD_FS_LangIDStrDescriptor            0x080045c8   Section        0  usbd_desc.o(i.USBD_FS_LangIDStrDescriptor)
    i.USBD_FS_ManufacturerStrDescriptor      0x080045d4   Section        0  usbd_desc.o(i.USBD_FS_ManufacturerStrDescriptor)
    i.USBD_FS_ProductStrDescriptor           0x080045fc   Section        0  usbd_desc.o(i.USBD_FS_ProductStrDescriptor)
    i.USBD_FS_SerialStrDescriptor            0x08004628   Section        0  usbd_desc.o(i.USBD_FS_SerialStrDescriptor)
    i.USBD_FS_USR_BOSDescriptor              0x08004664   Section        0  usbd_desc.o(i.USBD_FS_USR_BOSDescriptor)
    i.USBD_GetDescriptor                     0x08004670   Section        0  usbd_ctlreq.o(i.USBD_GetDescriptor)
    USBD_GetDescriptor                       0x08004671   Thumb Code   254  usbd_ctlreq.o(i.USBD_GetDescriptor)
    i.USBD_GetString                         0x0800476e   Section        0  usbd_ctlreq.o(i.USBD_GetString)
    i.USBD_Get_USB_Status                    0x080047b8   Section        0  usbd_conf.o(i.USBD_Get_USB_Status)
    i.USBD_Init                              0x080047d0   Section        0  usbd_core.o(i.USBD_Init)
    i.USBD_LL_ClearStallEP                   0x080047fa   Section        0  usbd_conf.o(i.USBD_LL_ClearStallEP)
    i.USBD_LL_CloseEP                        0x0800480c   Section        0  usbd_conf.o(i.USBD_LL_CloseEP)
    i.USBD_LL_DataInStage                    0x0800481e   Section        0  usbd_core.o(i.USBD_LL_DataInStage)
    i.USBD_LL_DataOutStage                   0x080048e0   Section        0  usbd_core.o(i.USBD_LL_DataOutStage)
    i.USBD_LL_DevConnected                   0x08004962   Section        0  usbd_core.o(i.USBD_LL_DevConnected)
    i.USBD_LL_DevDisconnected                0x08004966   Section        0  usbd_core.o(i.USBD_LL_DevDisconnected)
    i.USBD_LL_GetRxDataSize                  0x0800497c   Section        0  usbd_conf.o(i.USBD_LL_GetRxDataSize)
    i.USBD_LL_Init                           0x08004984   Section        0  usbd_conf.o(i.USBD_LL_Init)
    i.USBD_LL_IsStallEP                      0x080049e4   Section        0  usbd_conf.o(i.USBD_LL_IsStallEP)
    i.USBD_LL_IsoINIncomplete                0x08004a04   Section        0  usbd_core.o(i.USBD_LL_IsoINIncomplete)
    i.USBD_LL_IsoOUTIncomplete               0x08004a08   Section        0  usbd_core.o(i.USBD_LL_IsoOUTIncomplete)
    i.USBD_LL_OpenEP                         0x08004a0c   Section        0  usbd_conf.o(i.USBD_LL_OpenEP)
    i.USBD_LL_PrepareReceive                 0x08004a24   Section        0  usbd_conf.o(i.USBD_LL_PrepareReceive)
    i.USBD_LL_Reset                          0x08004a36   Section        0  usbd_core.o(i.USBD_LL_Reset)
    i.USBD_LL_Resume                         0x08004a86   Section        0  usbd_core.o(i.USBD_LL_Resume)
    i.USBD_LL_SOF                            0x08004a92   Section        0  usbd_core.o(i.USBD_LL_SOF)
    i.USBD_LL_SetSpeed                       0x08004aaa   Section        0  usbd_core.o(i.USBD_LL_SetSpeed)
    i.USBD_LL_SetUSBAddress                  0x08004ab0   Section        0  usbd_conf.o(i.USBD_LL_SetUSBAddress)
    i.USBD_LL_SetupStage                     0x08004ac2   Section        0  usbd_core.o(i.USBD_LL_SetupStage)
    i.USBD_LL_StallEP                        0x08004b18   Section        0  usbd_conf.o(i.USBD_LL_StallEP)
    i.USBD_LL_Start                          0x08004b2a   Section        0  usbd_conf.o(i.USBD_LL_Start)
    i.USBD_LL_Suspend                        0x08004b3c   Section        0  usbd_core.o(i.USBD_LL_Suspend)
    i.USBD_LL_Transmit                       0x08004b4e   Section        0  usbd_conf.o(i.USBD_LL_Transmit)
    i.USBD_ParseSetupRequest                 0x08004b60   Section        0  usbd_ctlreq.o(i.USBD_ParseSetupRequest)
    i.USBD_RegisterClass                     0x08004b88   Section        0  usbd_core.o(i.USBD_RegisterClass)
    i.USBD_SetClassConfig                    0x08004b9a   Section        0  usbd_core.o(i.USBD_SetClassConfig)
    i.USBD_SetConfig                         0x08004bb0   Section        0  usbd_ctlreq.o(i.USBD_SetConfig)
    USBD_SetConfig                           0x08004bb1   Thumb Code   130  usbd_ctlreq.o(i.USBD_SetConfig)
    i.USBD_Start                             0x08004c38   Section        0  usbd_core.o(i.USBD_Start)
    i.USBD_StdDevReq                         0x08004c42   Section        0  usbd_ctlreq.o(i.USBD_StdDevReq)
    i.USBD_StdEPReq                          0x08004d56   Section        0  usbd_ctlreq.o(i.USBD_StdEPReq)
    i.USBD_StdItfReq                         0x08004ea6   Section        0  usbd_ctlreq.o(i.USBD_StdItfReq)
    i.USB_ActivateEndpoint                   0x08004ef4   Section        0  stm32f7xx_ll_usb.o(i.USB_ActivateEndpoint)
    i.USB_ActivateSetup                      0x08004f74   Section        0  stm32f7xx_ll_usb.o(i.USB_ActivateSetup)
    i.USB_CoreInit                           0x08004fa8   Section        0  stm32f7xx_ll_usb.o(i.USB_CoreInit)
    i.USB_CoreReset                          0x08005014   Section        0  stm32f7xx_ll_usb.o(i.USB_CoreReset)
    USB_CoreReset                            0x08005015   Thumb Code    50  stm32f7xx_ll_usb.o(i.USB_CoreReset)
    i.USB_DeactivateEndpoint                 0x0800504c   Section        0  stm32f7xx_ll_usb.o(i.USB_DeactivateEndpoint)
    i.USB_DevConnect                         0x080050cc   Section        0  stm32f7xx_ll_usb.o(i.USB_DevConnect)
    i.USB_DevDisconnect                      0x080050e4   Section        0  stm32f7xx_ll_usb.o(i.USB_DevDisconnect)
    i.USB_DevInit                            0x080050fc   Section        0  stm32f7xx_ll_usb.o(i.USB_DevInit)
    i.USB_DisableGlobalInt                   0x08005290   Section        0  stm32f7xx_ll_usb.o(i.USB_DisableGlobalInt)
    i.USB_EP0StartXfer                       0x0800529c   Section        0  stm32f7xx_ll_usb.o(i.USB_EP0StartXfer)
    i.USB_EP0_OutStart                       0x080053ac   Section        0  stm32f7xx_ll_usb.o(i.USB_EP0_OutStart)
    i.USB_EPClearStall                       0x08005404   Section        0  stm32f7xx_ll_usb.o(i.USB_EPClearStall)
    i.USB_EPSetStall                         0x0800545c   Section        0  stm32f7xx_ll_usb.o(i.USB_EPSetStall)
    i.USB_EPStartXfer                        0x080054b4   Section        0  stm32f7xx_ll_usb.o(i.USB_EPStartXfer)
    i.USB_EnableGlobalInt                    0x0800567c   Section        0  stm32f7xx_ll_usb.o(i.USB_EnableGlobalInt)
    i.USB_FlushRxFifo                        0x08005688   Section        0  stm32f7xx_ll_usb.o(i.USB_FlushRxFifo)
    i.USB_FlushTxFifo                        0x080056a8   Section        0  stm32f7xx_ll_usb.o(i.USB_FlushTxFifo)
    i.USB_GetDevSpeed                        0x080056cc   Section        0  stm32f7xx_ll_usb.o(i.USB_GetDevSpeed)
    i.USB_GetMode                            0x080056e6   Section        0  stm32f7xx_ll_usb.o(i.USB_GetMode)
    i.USB_ReadDevAllInEpInterrupt            0x080056ee   Section        0  stm32f7xx_ll_usb.o(i.USB_ReadDevAllInEpInterrupt)
    i.USB_ReadDevAllOutEpInterrupt           0x080056fc   Section        0  stm32f7xx_ll_usb.o(i.USB_ReadDevAllOutEpInterrupt)
    i.USB_ReadDevInEPInterrupt               0x0800570a   Section        0  stm32f7xx_ll_usb.o(i.USB_ReadDevInEPInterrupt)
    i.USB_ReadDevOutEPInterrupt              0x0800572e   Section        0  stm32f7xx_ll_usb.o(i.USB_ReadDevOutEPInterrupt)
    i.USB_ReadInterrupts                     0x0800573e   Section        0  stm32f7xx_ll_usb.o(i.USB_ReadInterrupts)
    i.USB_ReadPacket                         0x08005746   Section        0  stm32f7xx_ll_usb.o(i.USB_ReadPacket)
    i.USB_SetCurrentMode                     0x08005762   Section        0  stm32f7xx_ll_usb.o(i.USB_SetCurrentMode)
    i.USB_SetDevAddress                      0x08005790   Section        0  stm32f7xx_ll_usb.o(i.USB_SetDevAddress)
    i.USB_SetTurnaroundTime                  0x080057b4   Section        0  stm32f7xx_ll_usb.o(i.USB_SetTurnaroundTime)
    i.USB_WritePacket                        0x0800589c   Section        0  stm32f7xx_ll_usb.o(i.USB_WritePacket)
    i.UsageFault_Handler                     0x080058c0   Section        0  stm32f7xx_it.o(i.UsageFault_Handler)
    i.__NVIC_SetPriority                     0x080058c2   Section        0  stm32f7xx_hal_cortex.o(i.__NVIC_SetPriority)
    __NVIC_SetPriority                       0x080058c3   Thumb Code    34  stm32f7xx_hal_cortex.o(i.__NVIC_SetPriority)
    i.__scatterload_copy                     0x080058e4   Section       14  handlers.o(i.__scatterload_copy)
    i.__scatterload_null                     0x080058f2   Section        2  handlers.o(i.__scatterload_null)
    i.__scatterload_zeroinit                 0x080058f4   Section       14  handlers.o(i.__scatterload_zeroinit)
    i.free                                   0x08005904   Section        0  malloc.o(i.free)
    i.main                                   0x08005954   Section        0  main.o(i.main)
    i.malloc                                 0x080059cc   Section        0  malloc.o(i.malloc)
    .constdata                               0x08005a38   Section        8  stm32f7xx_hal_dma.o(.constdata)
    flagBitshiftOffset                       0x08005a38   Data           8  stm32f7xx_hal_dma.o(.constdata)
    .constdata                               0x08005a40   Section       16  system_stm32f7xx.o(.constdata)
    .constdata                               0x08005a50   Section        8  system_stm32f7xx.o(.constdata)
    .data                                    0x20000000   Section        8  command.o(.data)
    op_complete_X                            0x20000000   Data           1  command.o(.data)
    op_complete_Y                            0x20000001   Data           1  command.o(.data)
    op_complete_Z                            0x20000002   Data           1  command.o(.data)
    op_complete_A                            0x20000003   Data           1  command.o(.data)
    device_command                           0x20000004   Data           4  command.o(.data)
    .data                                    0x20000008   Section       18  main.o(.data)
    SERVO_X_CTL_PRESCALER                    0x20000008   Data           2  main.o(.data)
    SERVO_Y_CTL_PRESCALER                    0x2000000a   Data           2  main.o(.data)
    SERVO_Z_CTL_PRESCALER                    0x2000000c   Data           2  main.o(.data)
    SERVO_A_CTL_PRESCALER                    0x2000000e   Data           2  main.o(.data)
    SERVO_X_TRG_PRESCALER                    0x20000010   Data           2  main.o(.data)
    SERVO_Y_TRG_PRESCALER                    0x20000012   Data           2  main.o(.data)
    SERVO_Z_TRG_PRESCALER                    0x20000014   Data           2  main.o(.data)
    SERVO_A_TRG_PRESCALER                    0x20000016   Data           2  main.o(.data)
    SERVO_PULSE_PERIOD                       0x20000018   Data           2  main.o(.data)
    .data                                    0x2000001c   Section       32  usbd_desc.o(.data)
    .data                                    0x2000003c   Section       62  usbd_desc.o(.data)
    .data                                    0x2000007c   Section       16  usbd_cdc_if.o(.data)
    .data                                    0x2000008c   Section       12  stm32f7xx_hal.o(.data)
    .data                                    0x20000098   Section        4  system_stm32f7xx.o(.data)
    .data                                    0x2000009c   Section        1  usbd_ctlreq.o(.data)
    cfgidx                                   0x2000009c   Data           1  usbd_ctlreq.o(.data)
    .data                                    0x200000a0   Section      215  usbd_cdc.o(.data)
    USBD_CDC_DeviceQualifierDesc             0x200000a0   Data          10  usbd_cdc.o(.data)
    .data                                    0x20000178   Section       56  usbd_cdc.o(.data)
    .data                                    0x200001b0   Section        4  mvars.o(.data)
    .data                                    0x200001b4   Section        4  mvars.o(.data)
    .bss                                     0x200001b8   Section     1196  main.o(.bss)
    .bss                                     0x20000664   Section       96  main.o(.bss)
    .bss                                     0x200006c4   Section       96  main.o(.bss)
    .bss                                     0x20000724   Section       96  main.o(.bss)
    .bss                                     0x20000784   Section       96  main.o(.bss)
    .bss                                     0x200007e4   Section       96  main.o(.bss)
    .bss                                     0x20000844   Section       96  main.o(.bss)
    .bss                                     0x200008a4   Section      668  usb_device.o(.bss)
    .bss                                     0x20000b40   Section      512  usbd_desc.o(.bss)
    .bss                                     0x20000d40   Section     4096  usbd_cdc_if.o(.bss)
    .bss                                     0x20001d40   Section     1028  usbd_conf.o(.bss)
    HEAP                                     0x20002148   Section      512  startup_stm32f745xx.o(HEAP)
    STACK                                    0x20002348   Section     1024  startup_stm32f745xx.o(STACK)

    Global Symbols

    Symbol Name                              Value     Ov Type        Size  Object(Section)

    BuildAttributes$$THM_ISAv4$E$P$D$K$B$S$7EM$VFPi5$EXTD16$VFPS$VFMA$PE$PLD8$A:L22UL41UL21$X:L11$S22US41US21$IEEE1$IW$USESV6$~STKCKD$USESV7$~SHL$OSPACE$EBA8$MICROLIB$REQ8$PRES8$EABIv2 0x00000000   Number         0  anon$$obj.o ABSOLUTE
    __ARM_use_no_argv                        0x00000000   Number         0  main.o ABSOLUTE
    __cpp_initialize__aeabi_                  - Undefined Weak Reference
    __cxa_finalize                            - Undefined Weak Reference
    _clock_init                               - Undefined Weak Reference
    _microlib_exit                            - Undefined Weak Reference
    __Vectors_Size                           0x000001c8   Number         0  startup_stm32f745xx.o ABSOLUTE
    __Vectors                                0x08000000   Data           4  startup_stm32f745xx.o(RESET)
    __Vectors_End                            0x080001c8   Data           0  startup_stm32f745xx.o(RESET)
    __main                                   0x080001c9   Thumb Code     0  entry.o(.ARM.Collect$$$$00000000)
    _main_stk                                0x080001c9   Thumb Code     0  entry2.o(.ARM.Collect$$$$00000001)
    _main_scatterload                        0x080001cd   Thumb Code     0  entry5.o(.ARM.Collect$$$$00000004)
    __main_after_scatterload                 0x080001d1   Thumb Code     0  entry5.o(.ARM.Collect$$$$00000004)
    _main_clock                              0x080001d1   Thumb Code     0  entry7b.o(.ARM.Collect$$$$00000008)
    _main_cpp_init                           0x080001d1   Thumb Code     0  entry8b.o(.ARM.Collect$$$$0000000A)
    _main_init                               0x080001d1   Thumb Code     0  entry9a.o(.ARM.Collect$$$$0000000B)
    __rt_final_cpp                           0x080001d9   Thumb Code     0  entry10a.o(.ARM.Collect$$$$0000000D)
    __rt_final_exit                          0x080001d9   Thumb Code     0  entry11a.o(.ARM.Collect$$$$0000000F)
    Reset_Handler                            0x080001dd   Thumb Code     8  startup_stm32f745xx.o(.text)
    SysTick_Handler                          0x080001f5   Thumb Code     2  startup_stm32f745xx.o(.text)
    ADC_IRQHandler                           0x080001f7   Thumb Code     0  startup_stm32f745xx.o(.text)
    CAN1_RX0_IRQHandler                      0x080001f7   Thumb Code     0  startup_stm32f745xx.o(.text)
    CAN1_RX1_IRQHandler                      0x080001f7   Thumb Code     0  startup_stm32f745xx.o(.text)
    CAN1_SCE_IRQHandler                      0x080001f7   Thumb Code     0  startup_stm32f745xx.o(.text)
    CAN1_TX_IRQHandler                       0x080001f7   Thumb Code     0  startup_stm32f745xx.o(.text)
    CAN2_RX0_IRQHandler                      0x080001f7   Thumb Code     0  startup_stm32f745xx.o(.text)
    CAN2_RX1_IRQHandler                      0x080001f7   Thumb Code     0  startup_stm32f745xx.o(.text)
    CAN2_SCE_IRQHandler                      0x080001f7   Thumb Code     0  startup_stm32f745xx.o(.text)
    CAN2_TX_IRQHandler                       0x080001f7   Thumb Code     0  startup_stm32f745xx.o(.text)
    CEC_IRQHandler                           0x080001f7   Thumb Code     0  startup_stm32f745xx.o(.text)
    DCMI_IRQHandler                          0x080001f7   Thumb Code     0  startup_stm32f745xx.o(.text)
    DMA1_Stream0_IRQHandler                  0x080001f7   Thumb Code     0  startup_stm32f745xx.o(.text)
    DMA1_Stream2_IRQHandler                  0x080001f7   Thumb Code     0  startup_stm32f745xx.o(.text)
    DMA1_Stream4_IRQHandler                  0x080001f7   Thumb Code     0  startup_stm32f745xx.o(.text)
    DMA1_Stream7_IRQHandler                  0x080001f7   Thumb Code     0  startup_stm32f745xx.o(.text)
    DMA2D_IRQHandler                         0x080001f7   Thumb Code     0  startup_stm32f745xx.o(.text)
    DMA2_Stream0_IRQHandler                  0x080001f7   Thumb Code     0  startup_stm32f745xx.o(.text)
    DMA2_Stream1_IRQHandler                  0x080001f7   Thumb Code     0  startup_stm32f745xx.o(.text)
    DMA2_Stream3_IRQHandler                  0x080001f7   Thumb Code     0  startup_stm32f745xx.o(.text)
    DMA2_Stream4_IRQHandler                  0x080001f7   Thumb Code     0  startup_stm32f745xx.o(.text)
    DMA2_Stream5_IRQHandler                  0x080001f7   Thumb Code     0  startup_stm32f745xx.o(.text)
    DMA2_Stream6_IRQHandler                  0x080001f7   Thumb Code     0  startup_stm32f745xx.o(.text)
    ETH_IRQHandler                           0x080001f7   Thumb Code     0  startup_stm32f745xx.o(.text)
    ETH_WKUP_IRQHandler                      0x080001f7   Thumb Code     0  startup_stm32f745xx.o(.text)
    EXTI0_IRQHandler                         0x080001f7   Thumb Code     0  startup_stm32f745xx.o(.text)
    EXTI1_IRQHandler                         0x080001f7   Thumb Code     0  startup_stm32f745xx.o(.text)
    EXTI2_IRQHandler                         0x080001f7   Thumb Code     0  startup_stm32f745xx.o(.text)
    EXTI3_IRQHandler                         0x080001f7   Thumb Code     0  startup_stm32f745xx.o(.text)
    EXTI4_IRQHandler                         0x080001f7   Thumb Code     0  startup_stm32f745xx.o(.text)
    EXTI9_5_IRQHandler                       0x080001f7   Thumb Code     0  startup_stm32f745xx.o(.text)
    FLASH_IRQHandler                         0x080001f7   Thumb Code     0  startup_stm32f745xx.o(.text)
    FMC_IRQHandler                           0x080001f7   Thumb Code     0  startup_stm32f745xx.o(.text)
    FPU_IRQHandler                           0x080001f7   Thumb Code     0  startup_stm32f745xx.o(.text)
    I2C1_ER_IRQHandler                       0x080001f7   Thumb Code     0  startup_stm32f745xx.o(.text)
    I2C1_EV_IRQHandler                       0x080001f7   Thumb Code     0  startup_stm32f745xx.o(.text)
    I2C2_ER_IRQHandler                       0x080001f7   Thumb Code     0  startup_stm32f745xx.o(.text)
    I2C2_EV_IRQHandler                       0x080001f7   Thumb Code     0  startup_stm32f745xx.o(.text)
    I2C3_ER_IRQHandler                       0x080001f7   Thumb Code     0  startup_stm32f745xx.o(.text)
    I2C3_EV_IRQHandler                       0x080001f7   Thumb Code     0  startup_stm32f745xx.o(.text)
    I2C4_ER_IRQHandler                       0x080001f7   Thumb Code     0  startup_stm32f745xx.o(.text)
    I2C4_EV_IRQHandler                       0x080001f7   Thumb Code     0  startup_stm32f745xx.o(.text)
    LPTIM1_IRQHandler                        0x080001f7   Thumb Code     0  startup_stm32f745xx.o(.text)
    OTG_FS_WKUP_IRQHandler                   0x080001f7   Thumb Code     0  startup_stm32f745xx.o(.text)
    OTG_HS_EP1_IN_IRQHandler                 0x080001f7   Thumb Code     0  startup_stm32f745xx.o(.text)
    OTG_HS_EP1_OUT_IRQHandler                0x080001f7   Thumb Code     0  startup_stm32f745xx.o(.text)
    OTG_HS_IRQHandler                        0x080001f7   Thumb Code     0  startup_stm32f745xx.o(.text)
    OTG_HS_WKUP_IRQHandler                   0x080001f7   Thumb Code     0  startup_stm32f745xx.o(.text)
    PVD_IRQHandler                           0x080001f7   Thumb Code     0  startup_stm32f745xx.o(.text)
    QUADSPI_IRQHandler                       0x080001f7   Thumb Code     0  startup_stm32f745xx.o(.text)
    RCC_IRQHandler                           0x080001f7   Thumb Code     0  startup_stm32f745xx.o(.text)
    RNG_IRQHandler                           0x080001f7   Thumb Code     0  startup_stm32f745xx.o(.text)
    RTC_Alarm_IRQHandler                     0x080001f7   Thumb Code     0  startup_stm32f745xx.o(.text)
    RTC_WKUP_IRQHandler                      0x080001f7   Thumb Code     0  startup_stm32f745xx.o(.text)
    SAI1_IRQHandler                          0x080001f7   Thumb Code     0  startup_stm32f745xx.o(.text)
    SAI2_IRQHandler                          0x080001f7   Thumb Code     0  startup_stm32f745xx.o(.text)
    SDMMC1_IRQHandler                        0x080001f7   Thumb Code     0  startup_stm32f745xx.o(.text)
    SPDIF_RX_IRQHandler                      0x080001f7   Thumb Code     0  startup_stm32f745xx.o(.text)
    SPI1_IRQHandler                          0x080001f7   Thumb Code     0  startup_stm32f745xx.o(.text)
    SPI2_IRQHandler                          0x080001f7   Thumb Code     0  startup_stm32f745xx.o(.text)
    SPI3_IRQHandler                          0x080001f7   Thumb Code     0  startup_stm32f745xx.o(.text)
    SPI4_IRQHandler                          0x080001f7   Thumb Code     0  startup_stm32f745xx.o(.text)
    SPI5_IRQHandler                          0x080001f7   Thumb Code     0  startup_stm32f745xx.o(.text)
    SPI6_IRQHandler                          0x080001f7   Thumb Code     0  startup_stm32f745xx.o(.text)
    TAMP_STAMP_IRQHandler                    0x080001f7   Thumb Code     0  startup_stm32f745xx.o(.text)
    TIM1_BRK_TIM9_IRQHandler                 0x080001f7   Thumb Code     0  startup_stm32f745xx.o(.text)
    TIM1_CC_IRQHandler                       0x080001f7   Thumb Code     0  startup_stm32f745xx.o(.text)
    TIM1_TRG_COM_TIM11_IRQHandler            0x080001f7   Thumb Code     0  startup_stm32f745xx.o(.text)
    TIM2_IRQHandler                          0x080001f7   Thumb Code     0  startup_stm32f745xx.o(.text)
    TIM6_DAC_IRQHandler                      0x080001f7   Thumb Code     0  startup_stm32f745xx.o(.text)
    TIM7_IRQHandler                          0x080001f7   Thumb Code     0  startup_stm32f745xx.o(.text)
    TIM8_BRK_TIM12_IRQHandler                0x080001f7   Thumb Code     0  startup_stm32f745xx.o(.text)
    TIM8_CC_IRQHandler                       0x080001f7   Thumb Code     0  startup_stm32f745xx.o(.text)
    TIM8_TRG_COM_TIM14_IRQHandler            0x080001f7   Thumb Code     0  startup_stm32f745xx.o(.text)
    TIM8_UP_TIM13_IRQHandler                 0x080001f7   Thumb Code     0  startup_stm32f745xx.o(.text)
    UART4_IRQHandler                         0x080001f7   Thumb Code     0  startup_stm32f745xx.o(.text)
    UART5_IRQHandler                         0x080001f7   Thumb Code     0  startup_stm32f745xx.o(.text)
    UART7_IRQHandler                         0x080001f7   Thumb Code     0  startup_stm32f745xx.o(.text)
    UART8_IRQHandler                         0x080001f7   Thumb Code     0  startup_stm32f745xx.o(.text)
    USART6_IRQHandler                        0x080001f7   Thumb Code     0  startup_stm32f745xx.o(.text)
    WWDG_IRQHandler                          0x080001f7   Thumb Code     0  startup_stm32f745xx.o(.text)
    __aeabi_uldivmod                         0x08000201   Thumb Code    98  uldiv.o(.text)
    __aeabi_memcpy                           0x08000263   Thumb Code    36  memcpya.o(.text)
    __aeabi_memcpy4                          0x08000263   Thumb Code     0  memcpya.o(.text)
    __aeabi_memcpy8                          0x08000263   Thumb Code     0  memcpya.o(.text)
    __aeabi_memset                           0x08000287   Thumb Code    14  memseta.o(.text)
    __aeabi_memset4                          0x08000287   Thumb Code     0  memseta.o(.text)
    __aeabi_memset8                          0x08000287   Thumb Code     0  memseta.o(.text)
    __aeabi_memclr                           0x08000295   Thumb Code     4  memseta.o(.text)
    __aeabi_memclr4                          0x08000295   Thumb Code     0  memseta.o(.text)
    __aeabi_memclr8                          0x08000295   Thumb Code     0  memseta.o(.text)
    _memset$wrapper                          0x08000299   Thumb Code    18  memseta.o(.text)
    __aeabi_llsl                             0x080002ab   Thumb Code    30  llshl.o(.text)
    _ll_shift_l                              0x080002ab   Thumb Code     0  llshl.o(.text)
    __aeabi_llsr                             0x080002c9   Thumb Code    32  llushr.o(.text)
    _ll_ushift_r                             0x080002c9   Thumb Code     0  llushr.o(.text)
    __scatterload                            0x080002e9   Thumb Code    28  init.o(.text)
    __scatterload_rt2                        0x080002e9   Thumb Code     0  init.o(.text)
    __decompress                             0x0800030d   Thumb Code     0  __dczerorl2.o(.text)
    __decompress1                            0x0800030d   Thumb Code    86  __dczerorl2.o(.text)
    BusFault_Handler                         0x08000363   Thumb Code     2  stm32f7xx_it.o(i.BusFault_Handler)
    DMA1_Stream1_IRQHandler                  0x080003a9   Thumb Code     6  stm32f7xx_it.o(i.DMA1_Stream1_IRQHandler)
    DMA1_Stream3_IRQHandler                  0x080003b5   Thumb Code     6  stm32f7xx_it.o(i.DMA1_Stream3_IRQHandler)
    DMA1_Stream5_IRQHandler                  0x080003c1   Thumb Code     6  stm32f7xx_it.o(i.DMA1_Stream5_IRQHandler)
    DMA1_Stream6_IRQHandler                  0x080003cd   Thumb Code     6  stm32f7xx_it.o(i.DMA1_Stream6_IRQHandler)
    DMA2_Stream2_IRQHandler                  0x080003d9   Thumb Code     6  stm32f7xx_it.o(i.DMA2_Stream2_IRQHandler)
    DMA2_Stream7_IRQHandler                  0x080003e5   Thumb Code     6  stm32f7xx_it.o(i.DMA2_Stream7_IRQHandler)
    DebugMon_Handler                         0x0800046d   Thumb Code     2  stm32f7xx_it.o(i.DebugMon_Handler)
    EXTI15_10_IRQHandler                     0x0800046f   Thumb Code    54  stm32f7xx_it.o(i.EXTI15_10_IRQHandler)
    Error_Handler                            0x080004a5   Thumb Code     2  main.o(i.Error_Handler)
    HAL_DMA_Abort_IT                         0x080004a7   Thumb Code    36  stm32f7xx_hal_dma.o(i.HAL_DMA_Abort_IT)
    HAL_DMA_IRQHandler                       0x080004cd   Thumb Code   412  stm32f7xx_hal_dma.o(i.HAL_DMA_IRQHandler)
    HAL_DMA_Init                             0x0800066d   Thumb Code   222  stm32f7xx_hal_dma.o(i.HAL_DMA_Init)
    HAL_Delay                                0x08000751   Thumb Code    32  stm32f7xx_hal.o(i.HAL_Delay)
    HAL_GPIO_EXTI_Callback                   0x08000775   Thumb Code     2  stm32f7xx_hal_gpio.o(i.HAL_GPIO_EXTI_Callback)
    HAL_GPIO_EXTI_IRQHandler                 0x08000779   Thumb Code    18  stm32f7xx_hal_gpio.o(i.HAL_GPIO_EXTI_IRQHandler)
    HAL_GPIO_Init                            0x08000791   Thumb Code   418  stm32f7xx_hal_gpio.o(i.HAL_GPIO_Init)
    HAL_GPIO_WritePin                        0x08000969   Thumb Code    10  stm32f7xx_hal_gpio.o(i.HAL_GPIO_WritePin)
    HAL_GetTick                              0x08000975   Thumb Code     6  stm32f7xx_hal.o(i.HAL_GetTick)
    HAL_Init                                 0x08000981   Thumb Code    22  stm32f7xx_hal.o(i.HAL_Init)
    HAL_InitTick                             0x08000999   Thumb Code    54  stm32f7xx_hal.o(i.HAL_InitTick)
    HAL_MspInit                              0x080009d9   Thumb Code    42  stm32f7xx_hal_msp.o(i.HAL_MspInit)
    HAL_NVIC_EnableIRQ                       0x08000a09   Thumb Code    26  stm32f7xx_hal_cortex.o(i.HAL_NVIC_EnableIRQ)
    HAL_NVIC_SetPriority                     0x08000a25   Thumb Code    60  stm32f7xx_hal_cortex.o(i.HAL_NVIC_SetPriority)
    HAL_NVIC_SetPriorityGrouping             0x08000a65   Thumb Code    28  stm32f7xx_hal_cortex.o(i.HAL_NVIC_SetPriorityGrouping)
    HAL_PCDEx_ActivateLPM                    0x08000a89   Thumb Code    34  stm32f7xx_hal_pcd_ex.o(i.HAL_PCDEx_ActivateLPM)
    HAL_PCDEx_LPM_Callback                   0x08000ab1   Thumb Code    92  usbd_conf.o(i.HAL_PCDEx_LPM_Callback)
    HAL_PCDEx_SetRxFiFo                      0x08000b11   Thumb Code     8  stm32f7xx_hal_pcd_ex.o(i.HAL_PCDEx_SetRxFiFo)
    HAL_PCDEx_SetTxFiFo                      0x08000b19   Thumb Code    70  stm32f7xx_hal_pcd_ex.o(i.HAL_PCDEx_SetTxFiFo)
    HAL_PCD_ConnectCallback                  0x08000b5f   Thumb Code     8  usbd_conf.o(i.HAL_PCD_ConnectCallback)
    HAL_PCD_DataInStageCallback              0x08000b67   Thumb Code    18  usbd_conf.o(i.HAL_PCD_DataInStageCallback)
    HAL_PCD_DataOutStageCallback             0x08000b79   Thumb Code    20  usbd_conf.o(i.HAL_PCD_DataOutStageCallback)
    HAL_PCD_DisconnectCallback               0x08000b8d   Thumb Code     8  usbd_conf.o(i.HAL_PCD_DisconnectCallback)
    HAL_PCD_EP_Close                         0x08000b95   Thumb Code    76  stm32f7xx_hal_pcd.o(i.HAL_PCD_EP_Close)
    HAL_PCD_EP_ClrStall                      0x08000be1   Thumb Code    92  stm32f7xx_hal_pcd.o(i.HAL_PCD_EP_ClrStall)
    HAL_PCD_EP_GetRxCount                    0x08000c3d   Thumb Code    18  stm32f7xx_hal_pcd.o(i.HAL_PCD_EP_GetRxCount)
    HAL_PCD_EP_Open                          0x08000c4f   Thumb Code    96  stm32f7xx_hal_pcd.o(i.HAL_PCD_EP_Open)
    HAL_PCD_EP_Receive                       0x08000caf   Thumb Code    68  stm32f7xx_hal_pcd.o(i.HAL_PCD_EP_Receive)
    HAL_PCD_EP_SetStall                      0x08000cf3   Thumb Code   116  stm32f7xx_hal_pcd.o(i.HAL_PCD_EP_SetStall)
    HAL_PCD_EP_Transmit                      0x08000d67   Thumb Code    68  stm32f7xx_hal_pcd.o(i.HAL_PCD_EP_Transmit)
    HAL_PCD_IRQHandler                       0x08000dad   Thumb Code  1194  stm32f7xx_hal_pcd.o(i.HAL_PCD_IRQHandler)
    HAL_PCD_ISOINIncompleteCallback          0x08001257   Thumb Code     8  usbd_conf.o(i.HAL_PCD_ISOINIncompleteCallback)
    HAL_PCD_ISOOUTIncompleteCallback         0x0800125f   Thumb Code     8  usbd_conf.o(i.HAL_PCD_ISOOUTIncompleteCallback)
    HAL_PCD_Init                             0x08001269   Thumb Code   234  stm32f7xx_hal_pcd.o(i.HAL_PCD_Init)
    HAL_PCD_MspInit                          0x08001355   Thumb Code   124  usbd_conf.o(i.HAL_PCD_MspInit)
    HAL_PCD_ResetCallback                    0x080013d9   Thumb Code    44  usbd_conf.o(i.HAL_PCD_ResetCallback)
    HAL_PCD_ResumeCallback                   0x08001405   Thumb Code     8  usbd_conf.o(i.HAL_PCD_ResumeCallback)
    HAL_PCD_SOFCallback                      0x0800140d   Thumb Code     8  usbd_conf.o(i.HAL_PCD_SOFCallback)
    HAL_PCD_SetAddress                       0x08001415   Thumb Code    40  stm32f7xx_hal_pcd.o(i.HAL_PCD_SetAddress)
    HAL_PCD_SetupStageCallback               0x0800143d   Thumb Code    14  usbd_conf.o(i.HAL_PCD_SetupStageCallback)
    HAL_PCD_Start                            0x0800144b   Thumb Code    42  stm32f7xx_hal_pcd.o(i.HAL_PCD_Start)
    HAL_PCD_SuspendCallback                  0x08001475   Thumb Code    44  usbd_conf.o(i.HAL_PCD_SuspendCallback)
    HAL_PWREx_EnableOverDrive                0x080014a5   Thumb Code   100  stm32f7xx_hal_pwr_ex.o(i.HAL_PWREx_EnableOverDrive)
    HAL_RCCEx_PeriphCLKConfig                0x08001511   Thumb Code  1220  stm32f7xx_hal_rcc_ex.o(i.HAL_RCCEx_PeriphCLKConfig)
    HAL_RCC_ClockConfig                      0x080019d5   Thumb Code   282  stm32f7xx_hal_rcc.o(i.HAL_RCC_ClockConfig)
    HAL_RCC_GetHCLKFreq                      0x08001b01   Thumb Code     6  stm32f7xx_hal_rcc.o(i.HAL_RCC_GetHCLKFreq)
    HAL_RCC_GetPCLK1Freq                     0x08001b0d   Thumb Code    20  stm32f7xx_hal_rcc.o(i.HAL_RCC_GetPCLK1Freq)
    HAL_RCC_GetPCLK2Freq                     0x08001b2d   Thumb Code    20  stm32f7xx_hal_rcc.o(i.HAL_RCC_GetPCLK2Freq)
    HAL_RCC_GetSysClockFreq                  0x08001b4d   Thumb Code    88  stm32f7xx_hal_rcc.o(i.HAL_RCC_GetSysClockFreq)
    HAL_RCC_MCOConfig                        0x08001bad   Thumb Code   130  stm32f7xx_hal_rcc.o(i.HAL_RCC_MCOConfig)
    HAL_RCC_OscConfig                        0x08001c41   Thumb Code   810  stm32f7xx_hal_rcc.o(i.HAL_RCC_OscConfig)
    HAL_RS485Ex_Init                         0x08001f79   Thumb Code   132  stm32f7xx_hal_uart_ex.o(i.HAL_RS485Ex_Init)
    HAL_SPI_Init                             0x08002001   Thumb Code   196  stm32f7xx_hal_spi.o(i.HAL_SPI_Init)
    HAL_SPI_MspInit                          0x080020c5   Thumb Code   232  stm32f7xx_hal_msp.o(i.HAL_SPI_MspInit)
    HAL_SYSTICK_Config                       0x080021c9   Thumb Code    38  stm32f7xx_hal_cortex.o(i.HAL_SYSTICK_Config)
    HAL_TIMEx_Break2Callback                 0x080021ef   Thumb Code     2  stm32f7xx_hal_tim_ex.o(i.HAL_TIMEx_Break2Callback)
    HAL_TIMEx_BreakCallback                  0x080021f1   Thumb Code     2  stm32f7xx_hal_tim_ex.o(i.HAL_TIMEx_BreakCallback)
    HAL_TIMEx_CommutCallback                 0x080021f3   Thumb Code     2  stm32f7xx_hal_tim_ex.o(i.HAL_TIMEx_CommutCallback)
    HAL_TIMEx_ConfigBreakDeadTime            0x080021f5   Thumb Code   150  stm32f7xx_hal_tim_ex.o(i.HAL_TIMEx_ConfigBreakDeadTime)
    HAL_TIMEx_MasterConfigSynchronization    0x08002295   Thumb Code    88  stm32f7xx_hal_tim_ex.o(i.HAL_TIMEx_MasterConfigSynchronization)
    HAL_TIM_Base_Init                        0x080022f5   Thumb Code    54  stm32f7xx_hal_tim.o(i.HAL_TIM_Base_Init)
    HAL_TIM_Base_MspInit                     0x0800232d   Thumb Code   248  stm32f7xx_hal_msp.o(i.HAL_TIM_Base_MspInit)
    HAL_TIM_ConfigClockSource                0x08002449   Thumb Code   214  stm32f7xx_hal_tim.o(i.HAL_TIM_ConfigClockSource)
    HAL_TIM_IC_CaptureCallback               0x08002525   Thumb Code     2  stm32f7xx_hal_tim.o(i.HAL_TIM_IC_CaptureCallback)
    HAL_TIM_IRQHandler                       0x08002527   Thumb Code   386  stm32f7xx_hal_tim.o(i.HAL_TIM_IRQHandler)
    HAL_TIM_MspPostInit                      0x080026a9   Thumb Code   166  stm32f7xx_hal_msp.o(i.HAL_TIM_MspPostInit)
    HAL_TIM_OC_DelayElapsedCallback          0x0800276d   Thumb Code     2  stm32f7xx_hal_tim.o(i.HAL_TIM_OC_DelayElapsedCallback)
    HAL_TIM_PWM_ConfigChannel                0x0800276f   Thumb Code   296  stm32f7xx_hal_tim.o(i.HAL_TIM_PWM_ConfigChannel)
    HAL_TIM_PWM_Init                         0x08002897   Thumb Code    54  stm32f7xx_hal_tim.o(i.HAL_TIM_PWM_Init)
    HAL_TIM_PWM_MspInit                      0x080028cd   Thumb Code     2  stm32f7xx_hal_tim.o(i.HAL_TIM_PWM_MspInit)
    HAL_TIM_PWM_PulseFinishedCallback        0x080028cf   Thumb Code     2  stm32f7xx_hal_tim.o(i.HAL_TIM_PWM_PulseFinishedCallback)
    HAL_TIM_PeriodElapsedCallback            0x080028d1   Thumb Code    74  command.o(i.HAL_TIM_PeriodElapsedCallback)
    HAL_TIM_SlaveConfigSynchro               0x08002931   Thumb Code    86  stm32f7xx_hal_tim.o(i.HAL_TIM_SlaveConfigSynchro)
    HAL_TIM_TriggerCallback                  0x08002987   Thumb Code     2  stm32f7xx_hal_tim.o(i.HAL_TIM_TriggerCallback)
    HAL_UART_ErrorCallback                   0x08002989   Thumb Code     2  stm32f7xx_hal_uart.o(i.HAL_UART_ErrorCallback)
    HAL_UART_IRQHandler                      0x0800298d   Thumb Code   292  stm32f7xx_hal_uart.o(i.HAL_UART_IRQHandler)
    HAL_UART_Init                            0x08002ab5   Thumb Code   102  stm32f7xx_hal_uart.o(i.HAL_UART_Init)
    HAL_UART_MspInit                         0x08002b1d   Thumb Code   644  stm32f7xx_hal_msp.o(i.HAL_UART_MspInit)
    HAL_UART_TxCpltCallback                  0x08002dd9   Thumb Code     2  stm32f7xx_hal_uart.o(i.HAL_UART_TxCpltCallback)
    HardFault_Handler                        0x08002ddb   Thumb Code     2  stm32f7xx_it.o(i.HardFault_Handler)
    MX_USB_DEVICE_Init                       0x08003595   Thumb Code    66  usb_device.o(i.MX_USB_DEVICE_Init)
    MemManage_Handler                        0x080035e9   Thumb Code     2  stm32f7xx_it.o(i.MemManage_Handler)
    NMI_Handler                              0x080035eb   Thumb Code     2  stm32f7xx_it.o(i.NMI_Handler)
    OTG_FS_IRQHandler                        0x080035ed   Thumb Code     6  stm32f7xx_it.o(i.OTG_FS_IRQHandler)
    PendSV_Handler                           0x08003777   Thumb Code     2  stm32f7xx_it.o(i.PendSV_Handler)
    SVC_Handler                              0x08003779   Thumb Code     2  stm32f7xx_it.o(i.SVC_Handler)
    SystemClock_Config                       0x0800377d   Thumb Code   172  main.o(i.SystemClock_Config)
    SystemInit                               0x08003835   Thumb Code    68  system_stm32f7xx.o(i.SystemInit)
    TIM1_UP_TIM10_IRQHandler                 0x08003889   Thumb Code    18  stm32f7xx_it.o(i.TIM1_UP_TIM10_IRQHandler)
    TIM3_IRQHandler                          0x080038a5   Thumb Code     6  stm32f7xx_it.o(i.TIM3_IRQHandler)
    TIM4_IRQHandler                          0x080038b1   Thumb Code     6  stm32f7xx_it.o(i.TIM4_IRQHandler)
    TIM5_IRQHandler                          0x080038bd   Thumb Code     6  stm32f7xx_it.o(i.TIM5_IRQHandler)
    TIM_Base_SetConfig                       0x080038c9   Thumb Code   158  stm32f7xx_hal_tim.o(i.TIM_Base_SetConfig)
    TIM_CCxChannelCmd                        0x08003995   Thumb Code    26  stm32f7xx_hal_tim.o(i.TIM_CCxChannelCmd)
    TIM_ETR_SetConfig                        0x080039af   Thumb Code    18  stm32f7xx_hal_tim.o(i.TIM_ETR_SetConfig)
    TIM_OC2_SetConfig                        0x08003a45   Thumb Code   108  stm32f7xx_hal_tim.o(i.TIM_OC2_SetConfig)
    UART_AdvFeatureConfig                    0x08003e15   Thumb Code   200  stm32f7xx_hal_uart.o(i.UART_AdvFeatureConfig)
    UART_CheckIdleState                      0x08003edd   Thumb Code    60  stm32f7xx_hal_uart.o(i.UART_CheckIdleState)
    UART_SetConfig                           0x08003f4d   Thumb Code   546  stm32f7xx_hal_uart.o(i.UART_SetConfig)
    UART_WaitOnFlagUntilTimeout              0x080041a1   Thumb Code    96  stm32f7xx_hal_uart.o(i.UART_WaitOnFlagUntilTimeout)
    USART1_IRQHandler                        0x08004201   Thumb Code     6  stm32f7xx_it.o(i.USART1_IRQHandler)
    USART2_IRQHandler                        0x0800420d   Thumb Code     6  stm32f7xx_it.o(i.USART2_IRQHandler)
    USART3_IRQHandler                        0x08004219   Thumb Code     6  stm32f7xx_it.o(i.USART3_IRQHandler)
    USBD_CDC_GetDeviceQualifierDescriptor    0x08004305   Thumb Code     8  usbd_cdc.o(i.USBD_CDC_GetDeviceQualifierDescriptor)
    USBD_CDC_ReceivePacket                   0x080043c9   Thumb Code    40  usbd_cdc.o(i.USBD_CDC_ReceivePacket)
    USBD_CDC_RegisterInterface               0x080043f1   Thumb Code    20  usbd_cdc.o(i.USBD_CDC_RegisterInterface)
    USBD_CDC_SetRxBuffer                     0x08004405   Thumb Code    12  usbd_cdc.o(i.USBD_CDC_SetRxBuffer)
    USBD_CDC_SetTxBuffer                     0x08004411   Thumb Code    16  usbd_cdc.o(i.USBD_CDC_SetTxBuffer)
    USBD_ClrClassConfig                      0x080044cf   Thumb Code    14  usbd_core.o(i.USBD_ClrClassConfig)
    USBD_CtlContinueRx                       0x080044dd   Thumb Code    16  usbd_ioreq.o(i.USBD_CtlContinueRx)
    USBD_CtlContinueSendData                 0x080044ed   Thumb Code    16  usbd_ioreq.o(i.USBD_CtlContinueSendData)
    USBD_CtlError                            0x080044fd   Thumb Code    22  usbd_ctlreq.o(i.USBD_CtlError)
    USBD_CtlPrepareRx                        0x08004513   Thumb Code    30  usbd_ioreq.o(i.USBD_CtlPrepareRx)
    USBD_CtlReceiveStatus                    0x08004531   Thumb Code    22  usbd_ioreq.o(i.USBD_CtlReceiveStatus)
    USBD_CtlSendData                         0x08004547   Thumb Code    26  usbd_ioreq.o(i.USBD_CtlSendData)
    USBD_CtlSendStatus                       0x08004561   Thumb Code    22  usbd_ioreq.o(i.USBD_CtlSendStatus)
    USBD_FS_ConfigStrDescriptor              0x08004579   Thumb Code    16  usbd_desc.o(i.USBD_FS_ConfigStrDescriptor)
    USBD_FS_DeviceDescriptor                 0x08004599   Thumb Code     8  usbd_desc.o(i.USBD_FS_DeviceDescriptor)
    USBD_FS_InterfaceStrDescriptor           0x080045a5   Thumb Code    16  usbd_desc.o(i.USBD_FS_InterfaceStrDescriptor)
    USBD_FS_LangIDStrDescriptor              0x080045c9   Thumb Code     8  usbd_desc.o(i.USBD_FS_LangIDStrDescriptor)
    USBD_FS_ManufacturerStrDescriptor        0x080045d5   Thumb Code    16  usbd_desc.o(i.USBD_FS_ManufacturerStrDescriptor)
    USBD_FS_ProductStrDescriptor             0x080045fd   Thumb Code    16  usbd_desc.o(i.USBD_FS_ProductStrDescriptor)
    USBD_FS_SerialStrDescriptor              0x08004629   Thumb Code    50  usbd_desc.o(i.USBD_FS_SerialStrDescriptor)
    USBD_FS_USR_BOSDescriptor                0x08004665   Thumb Code     8  usbd_desc.o(i.USBD_FS_USR_BOSDescriptor)
    USBD_GetString                           0x0800476f   Thumb Code    74  usbd_ctlreq.o(i.USBD_GetString)
    USBD_Get_USB_Status                      0x080047b9   Thumb Code    24  usbd_conf.o(i.USBD_Get_USB_Status)
    USBD_Init                                0x080047d1   Thumb Code    42  usbd_core.o(i.USBD_Init)
    USBD_LL_ClearStallEP                     0x080047fb   Thumb Code    18  usbd_conf.o(i.USBD_LL_ClearStallEP)
    USBD_LL_CloseEP                          0x0800480d   Thumb Code    18  usbd_conf.o(i.USBD_LL_CloseEP)
    USBD_LL_DataInStage                      0x0800481f   Thumb Code   194  usbd_core.o(i.USBD_LL_DataInStage)
    USBD_LL_DataOutStage                     0x080048e1   Thumb Code   130  usbd_core.o(i.USBD_LL_DataOutStage)
    USBD_LL_DevConnected                     0x08004963   Thumb Code     4  usbd_core.o(i.USBD_LL_DevConnected)
    USBD_LL_DevDisconnected                  0x08004967   Thumb Code    22  usbd_core.o(i.USBD_LL_DevDisconnected)
    USBD_LL_GetRxDataSize                    0x0800497d   Thumb Code     8  usbd_conf.o(i.USBD_LL_GetRxDataSize)
    USBD_LL_Init                             0x08004985   Thumb Code    90  usbd_conf.o(i.USBD_LL_Init)
    USBD_LL_IsStallEP                        0x080049e5   Thumb Code    32  usbd_conf.o(i.USBD_LL_IsStallEP)
    USBD_LL_IsoINIncomplete                  0x08004a05   Thumb Code     4  usbd_core.o(i.USBD_LL_IsoINIncomplete)
    USBD_LL_IsoOUTIncomplete                 0x08004a09   Thumb Code     4  usbd_core.o(i.USBD_LL_IsoOUTIncomplete)
    USBD_LL_OpenEP                           0x08004a0d   Thumb Code    24  usbd_conf.o(i.USBD_LL_OpenEP)
    USBD_LL_PrepareReceive                   0x08004a25   Thumb Code    18  usbd_conf.o(i.USBD_LL_PrepareReceive)
    USBD_LL_Reset                            0x08004a37   Thumb Code    80  usbd_core.o(i.USBD_LL_Reset)
    USBD_LL_Resume                           0x08004a87   Thumb Code    12  usbd_core.o(i.USBD_LL_Resume)
    USBD_LL_SOF                              0x08004a93   Thumb Code    24  usbd_core.o(i.USBD_LL_SOF)
    USBD_LL_SetSpeed                         0x08004aab   Thumb Code     6  usbd_core.o(i.USBD_LL_SetSpeed)
    USBD_LL_SetUSBAddress                    0x08004ab1   Thumb Code    18  usbd_conf.o(i.USBD_LL_SetUSBAddress)
    USBD_LL_SetupStage                       0x08004ac3   Thumb Code    86  usbd_core.o(i.USBD_LL_SetupStage)
    USBD_LL_StallEP                          0x08004b19   Thumb Code    18  usbd_conf.o(i.USBD_LL_StallEP)
    USBD_LL_Start                            0x08004b2b   Thumb Code    18  usbd_conf.o(i.USBD_LL_Start)
    USBD_LL_Suspend                          0x08004b3d   Thumb Code    18  usbd_core.o(i.USBD_LL_Suspend)
    USBD_LL_Transmit                         0x08004b4f   Thumb Code    18  usbd_conf.o(i.USBD_LL_Transmit)
    USBD_ParseSetupRequest                   0x08004b61   Thumb Code    40  usbd_ctlreq.o(i.USBD_ParseSetupRequest)
    USBD_RegisterClass                       0x08004b89   Thumb Code    18  usbd_core.o(i.USBD_RegisterClass)
    USBD_SetClassConfig                      0x08004b9b   Thumb Code    22  usbd_core.o(i.USBD_SetClassConfig)
    USBD_Start                               0x08004c39   Thumb Code    10  usbd_core.o(i.USBD_Start)
    USBD_StdDevReq                           0x08004c43   Thumb Code   276  usbd_ctlreq.o(i.USBD_StdDevReq)
    USBD_StdEPReq                            0x08004d57   Thumb Code   336  usbd_ctlreq.o(i.USBD_StdEPReq)
    USBD_StdItfReq                           0x08004ea7   Thumb Code    78  usbd_ctlreq.o(i.USBD_StdItfReq)
    USB_ActivateEndpoint                     0x08004ef5   Thumb Code   124  stm32f7xx_ll_usb.o(i.USB_ActivateEndpoint)
    USB_ActivateSetup                        0x08004f75   Thumb Code    52  stm32f7xx_ll_usb.o(i.USB_ActivateSetup)
    USB_CoreInit                             0x08004fa9   Thumb Code   104  stm32f7xx_ll_usb.o(i.USB_CoreInit)
    USB_DeactivateEndpoint                   0x0800504d   Thumb Code   118  stm32f7xx_ll_usb.o(i.USB_DeactivateEndpoint)
    USB_DevConnect                           0x080050cd   Thumb Code    24  stm32f7xx_ll_usb.o(i.USB_DevConnect)
    USB_DevDisconnect                        0x080050e5   Thumb Code    24  stm32f7xx_ll_usb.o(i.USB_DevDisconnect)
    USB_DevInit                              0x080050fd   Thumb Code   386  stm32f7xx_ll_usb.o(i.USB_DevInit)
    USB_DisableGlobalInt                     0x08005291   Thumb Code    12  stm32f7xx_ll_usb.o(i.USB_DisableGlobalInt)
    USB_EP0StartXfer                         0x0800529d   Thumb Code   266  stm32f7xx_ll_usb.o(i.USB_EP0StartXfer)
    USB_EP0_OutStart                         0x080053ad   Thumb Code    84  stm32f7xx_ll_usb.o(i.USB_EP0_OutStart)
    USB_EPClearStall                         0x08005405   Thumb Code    88  stm32f7xx_ll_usb.o(i.USB_EPClearStall)
    USB_EPSetStall                           0x0800545d   Thumb Code    88  stm32f7xx_ll_usb.o(i.USB_EPSetStall)
    USB_EPStartXfer                          0x080054b5   Thumb Code   452  stm32f7xx_ll_usb.o(i.USB_EPStartXfer)
    USB_EnableGlobalInt                      0x0800567d   Thumb Code    12  stm32f7xx_ll_usb.o(i.USB_EnableGlobalInt)
    USB_FlushRxFifo                          0x08005689   Thumb Code    28  stm32f7xx_ll_usb.o(i.USB_FlushRxFifo)
    USB_FlushTxFifo                          0x080056a9   Thumb Code    32  stm32f7xx_ll_usb.o(i.USB_FlushTxFifo)
    USB_GetDevSpeed                          0x080056cd   Thumb Code    26  stm32f7xx_ll_usb.o(i.USB_GetDevSpeed)
    USB_GetMode                              0x080056e7   Thumb Code     8  stm32f7xx_ll_usb.o(i.USB_GetMode)
    USB_ReadDevAllInEpInterrupt              0x080056ef   Thumb Code    14  stm32f7xx_ll_usb.o(i.USB_ReadDevAllInEpInterrupt)
    USB_ReadDevAllOutEpInterrupt             0x080056fd   Thumb Code    14  stm32f7xx_ll_usb.o(i.USB_ReadDevAllOutEpInterrupt)
    USB_ReadDevInEPInterrupt                 0x0800570b   Thumb Code    36  stm32f7xx_ll_usb.o(i.USB_ReadDevInEPInterrupt)
    USB_ReadDevOutEPInterrupt                0x0800572f   Thumb Code    16  stm32f7xx_ll_usb.o(i.USB_ReadDevOutEPInterrupt)
    USB_ReadInterrupts                       0x0800573f   Thumb Code     8  stm32f7xx_ll_usb.o(i.USB_ReadInterrupts)
    USB_ReadPacket                           0x08005747   Thumb Code    28  stm32f7xx_ll_usb.o(i.USB_ReadPacket)
    USB_SetCurrentMode                       0x08005763   Thumb Code    46  stm32f7xx_ll_usb.o(i.USB_SetCurrentMode)
    USB_SetDevAddress                        0x08005791   Thumb Code    34  stm32f7xx_ll_usb.o(i.USB_SetDevAddress)
    USB_SetTurnaroundTime                    0x080057b5   Thumb Code   158  stm32f7xx_ll_usb.o(i.USB_SetTurnaroundTime)
    USB_WritePacket                          0x0800589d   Thumb Code    36  stm32f7xx_ll_usb.o(i.USB_WritePacket)
    UsageFault_Handler                       0x080058c1   Thumb Code     2  stm32f7xx_it.o(i.UsageFault_Handler)
    __scatterload_copy                       0x080058e5   Thumb Code    14  handlers.o(i.__scatterload_copy)
    __scatterload_null                       0x080058f3   Thumb Code     2  handlers.o(i.__scatterload_null)
    __scatterload_zeroinit                   0x080058f5   Thumb Code    14  handlers.o(i.__scatterload_zeroinit)
    free                                     0x08005905   Thumb Code    76  malloc.o(i.free)
    main                                     0x08005955   Thumb Code   106  main.o(i.main)
    malloc                                   0x080059cd   Thumb Code    92  malloc.o(i.malloc)
    AHBPrescTable                            0x08005a40   Data          16  system_stm32f7xx.o(.constdata)
    APBPrescTable                            0x08005a50   Data           8  system_stm32f7xx.o(.constdata)
    Region$$Table$$Base                      0x08005a58   Number         0  anon$$obj.o(Region$$Table)
    Region$$Table$$Limit                     0x08005a78   Number         0  anon$$obj.o(Region$$Table)
    FS_Desc                                  0x2000001c   Data          32  usbd_desc.o(.data)
    USBD_LangIDDesc                          0x2000003c   Data           4  usbd_desc.o(.data)
    USBD_FS_DeviceDesc                       0x20000040   Data          18  usbd_desc.o(.data)
    USBD_FS_BOSDesc                          0x20000054   Data          12  usbd_desc.o(.data)
    USBD_StringSerial                        0x20000060   Data          26  usbd_desc.o(.data)
    USBD_Interface_fops_FS                   0x2000007c   Data          16  usbd_cdc_if.o(.data)
    uwTickFreq                               0x2000008c   Data           1  stm32f7xx_hal.o(.data)
    uwTickPrio                               0x20000090   Data           4  stm32f7xx_hal.o(.data)
    uwTick                                   0x20000094   Data           4  stm32f7xx_hal.o(.data)
    SystemCoreClock                          0x20000098   Data           4  system_stm32f7xx.o(.data)
    USBD_CDC_CfgHSDesc                       0x200000ac   Data          67  usbd_cdc.o(.data)
    USBD_CDC_CfgFSDesc                       0x200000f0   Data          67  usbd_cdc.o(.data)
    USBD_CDC_OtherSpeedCfgDesc               0x20000134   Data          67  usbd_cdc.o(.data)
    USBD_CDC                                 0x20000178   Data          56  usbd_cdc.o(.data)
    __microlib_freelist                      0x200001b0   Data           4  mvars.o(.data)
    __microlib_freelist_initialised          0x200001b4   Data           4  mvars.o(.data)
    hspi1                                    0x200001b8   Data         100  main.o(.bss)
    hspi2                                    0x2000021c   Data         100  main.o(.bss)
    hspi3                                    0x20000280   Data         100  main.o(.bss)
    htim1                                    0x200002e4   Data          64  main.o(.bss)
    htim2                                    0x20000324   Data          64  main.o(.bss)
    htim3                                    0x20000364   Data          64  main.o(.bss)
    htim4                                    0x200003a4   Data          64  main.o(.bss)
    htim5                                    0x200003e4   Data          64  main.o(.bss)
    htim8                                    0x20000424   Data          64  main.o(.bss)
    htim9                                    0x20000464   Data          64  main.o(.bss)
    htim10                                   0x200004a4   Data          64  main.o(.bss)
    huart1                                   0x200004e4   Data         128  main.o(.bss)
    huart2                                   0x20000564   Data         128  main.o(.bss)
    huart3                                   0x200005e4   Data         128  main.o(.bss)
    hdma_usart1_tx                           0x20000664   Data          96  main.o(.bss)
    hdma_usart1_rx                           0x200006c4   Data          96  main.o(.bss)
    hdma_usart2_rx                           0x20000724   Data          96  main.o(.bss)
    hdma_usart2_tx                           0x20000784   Data          96  main.o(.bss)
    hdma_usart3_rx                           0x200007e4   Data          96  main.o(.bss)
    hdma_usart3_tx                           0x20000844   Data          96  main.o(.bss)
    hUsbDeviceFS                             0x200008a4   Data         668  usb_device.o(.bss)
    USBD_StrDesc                             0x20000b40   Data         512  usbd_desc.o(.bss)
    UserRxBufferFS                           0x20000d40   Data        2048  usbd_cdc_if.o(.bss)
    UserTxBufferFS                           0x20001540   Data        2048  usbd_cdc_if.o(.bss)
    hpcd_USB_OTG_FS                          0x20001d40   Data        1028  usbd_conf.o(.bss)
    __heap_base                              0x20002148   Data           0  startup_stm32f745xx.o(HEAP)
    __heap_limit                             0x20002348   Data           0  startup_stm32f745xx.o(HEAP)
    __initial_sp                             0x20002748   Data           0  startup_stm32f745xx.o(STACK)



==============================================================================

Memory Map of the image

  Image Entry point : 0x080001c9

  Load Region LR_IROM1 (Base: 0x08000000, Size: 0x00005c30, Max: 0x00080000, ABSOLUTE, COMPRESSED[0x00005b58])

    Execution Region ER_IROM1 (Exec base: 0x08000000, Load base: 0x08000000, Size: 0x00005a78, Max: 0x00080000, ABSOLUTE)

    Exec Addr    Load Addr    Size         Type   Attr      Idx    E Section Name        Object

    0x08000000   0x08000000   0x000001c8   Data   RO            3    RESET               startup_stm32f745xx.o
    0x080001c8   0x080001c8   0x00000000   Code   RO         5318  * .ARM.Collect$$$$00000000  mc_w.l(entry.o)
    0x080001c8   0x080001c8   0x00000004   Code   RO         5359    .ARM.Collect$$$$00000001  mc_w.l(entry2.o)
    0x080001cc   0x080001cc   0x00000004   Code   RO         5362    .ARM.Collect$$$$00000004  mc_w.l(entry5.o)
    0x080001d0   0x080001d0   0x00000000   Code   RO         5364    .ARM.Collect$$$$00000008  mc_w.l(entry7b.o)
    0x080001d0   0x080001d0   0x00000000   Code   RO         5366    .ARM.Collect$$$$0000000A  mc_w.l(entry8b.o)
    0x080001d0   0x080001d0   0x00000008   Code   RO         5367    .ARM.Collect$$$$0000000B  mc_w.l(entry9a.o)
    0x080001d8   0x080001d8   0x00000000   Code   RO         5369    .ARM.Collect$$$$0000000D  mc_w.l(entry10a.o)
    0x080001d8   0x080001d8   0x00000000   Code   RO         5371    .ARM.Collect$$$$0000000F  mc_w.l(entry11a.o)
    0x080001d8   0x080001d8   0x00000004   Code   RO         5360    .ARM.Collect$$$$00002712  mc_w.l(entry2.o)
    0x080001dc   0x080001dc   0x00000024   Code   RO            4    .text               startup_stm32f745xx.o
    0x08000200   0x08000200   0x00000062   Code   RO         5321    .text               mc_w.l(uldiv.o)
    0x08000262   0x08000262   0x00000024   Code   RO         5323    .text               mc_w.l(memcpya.o)
    0x08000286   0x08000286   0x00000024   Code   RO         5325    .text               mc_w.l(memseta.o)
    0x080002aa   0x080002aa   0x0000001e   Code   RO         5373    .text               mc_w.l(llshl.o)
    0x080002c8   0x080002c8   0x00000020   Code   RO         5375    .text               mc_w.l(llushr.o)
    0x080002e8   0x080002e8   0x00000024   Code   RO         5379    .text               mc_w.l(init.o)
    0x0800030c   0x0800030c   0x00000056   Code   RO         5389    .text               mc_w.l(__dczerorl2.o)
    0x08000362   0x08000362   0x00000002   Code   RO          331    i.BusFault_Handler  stm32f7xx_it.o
    0x08000364   0x08000364   0x00000004   Code   RO          735    i.CDC_Control_FS    usbd_cdc_if.o
    0x08000368   0x08000368   0x00000004   Code   RO          736    i.CDC_DeInit_FS     usbd_cdc_if.o
    0x0800036c   0x0800036c   0x00000024   Code   RO          737    i.CDC_Init_FS       usbd_cdc_if.o
    0x08000390   0x08000390   0x00000018   Code   RO          738    i.CDC_Receive_FS    usbd_cdc_if.o
    0x080003a8   0x080003a8   0x0000000c   Code   RO          332    i.DMA1_Stream1_IRQHandler  stm32f7xx_it.o
    0x080003b4   0x080003b4   0x0000000c   Code   RO          333    i.DMA1_Stream3_IRQHandler  stm32f7xx_it.o
    0x080003c0   0x080003c0   0x0000000c   Code   RO          334    i.DMA1_Stream5_IRQHandler  stm32f7xx_it.o
    0x080003cc   0x080003cc   0x0000000c   Code   RO          335    i.DMA1_Stream6_IRQHandler  stm32f7xx_it.o
    0x080003d8   0x080003d8   0x0000000c   Code   RO          336    i.DMA2_Stream2_IRQHandler  stm32f7xx_it.o
    0x080003e4   0x080003e4   0x0000000c   Code   RO          337    i.DMA2_Stream7_IRQHandler  stm32f7xx_it.o
    0x080003f0   0x080003f0   0x00000028   Code   RO         3794    i.DMA_CalcBaseAndBitshift  stm32f7xx_hal_dma.o
    0x08000418   0x08000418   0x00000054   Code   RO         3795    i.DMA_CheckFifoParam  stm32f7xx_hal_dma.o
    0x0800046c   0x0800046c   0x00000002   Code   RO          338    i.DebugMon_Handler  stm32f7xx_it.o
    0x0800046e   0x0800046e   0x00000036   Code   RO          339    i.EXTI15_10_IRQHandler  stm32f7xx_it.o
    0x080004a4   0x080004a4   0x00000002   Code   RO          192    i.Error_Handler     main.o
    0x080004a6   0x080004a6   0x00000024   Code   RO         3798    i.HAL_DMA_Abort_IT  stm32f7xx_hal_dma.o
    0x080004ca   0x080004ca   0x00000002   PAD
    0x080004cc   0x080004cc   0x000001a0   Code   RO         3802    i.HAL_DMA_IRQHandler  stm32f7xx_hal_dma.o
    0x0800066c   0x0800066c   0x000000e4   Code   RO         3803    i.HAL_DMA_Init      stm32f7xx_hal_dma.o
    0x08000750   0x08000750   0x00000024   Code   RO         4164    i.HAL_Delay         stm32f7xx_hal.o
    0x08000774   0x08000774   0x00000002   Code   RO         3729    i.HAL_GPIO_EXTI_Callback  stm32f7xx_hal_gpio.o
    0x08000776   0x08000776   0x00000002   PAD
    0x08000778   0x08000778   0x00000018   Code   RO         3730    i.HAL_GPIO_EXTI_IRQHandler  stm32f7xx_hal_gpio.o
    0x08000790   0x08000790   0x000001d8   Code   RO         3731    i.HAL_GPIO_Init     stm32f7xx_hal_gpio.o
    0x08000968   0x08000968   0x0000000a   Code   RO         3735    i.HAL_GPIO_WritePin  stm32f7xx_hal_gpio.o
    0x08000972   0x08000972   0x00000002   PAD
    0x08000974   0x08000974   0x0000000c   Code   RO         4172    i.HAL_GetTick       stm32f7xx_hal.o
    0x08000980   0x08000980   0x00000016   Code   RO         4179    i.HAL_Init          stm32f7xx_hal.o
    0x08000996   0x08000996   0x00000002   PAD
    0x08000998   0x08000998   0x00000040   Code   RO         4180    i.HAL_InitTick      stm32f7xx_hal.o
    0x080009d8   0x080009d8   0x00000030   Code   RO          491    i.HAL_MspInit       stm32f7xx_hal_msp.o
    0x08000a08   0x08000a08   0x0000001a   Code   RO         1567    i.HAL_NVIC_EnableIRQ  stm32f7xx_hal_cortex.o
    0x08000a22   0x08000a22   0x00000002   PAD
    0x08000a24   0x08000a24   0x00000040   Code   RO         1573    i.HAL_NVIC_SetPriority  stm32f7xx_hal_cortex.o
    0x08000a64   0x08000a64   0x00000024   Code   RO         1574    i.HAL_NVIC_SetPriorityGrouping  stm32f7xx_hal_cortex.o
    0x08000a88   0x08000a88   0x00000028   Code   RO         1208    i.HAL_PCDEx_ActivateLPM  stm32f7xx_hal_pcd_ex.o
    0x08000ab0   0x08000ab0   0x00000060   Code   RO          787    i.HAL_PCDEx_LPM_Callback  usbd_conf.o
    0x08000b10   0x08000b10   0x00000008   Code   RO         1212    i.HAL_PCDEx_SetRxFiFo  stm32f7xx_hal_pcd_ex.o
    0x08000b18   0x08000b18   0x00000046   Code   RO         1213    i.HAL_PCDEx_SetTxFiFo  stm32f7xx_hal_pcd_ex.o
    0x08000b5e   0x08000b5e   0x00000008   Code   RO          788    i.HAL_PCD_ConnectCallback  usbd_conf.o
    0x08000b66   0x08000b66   0x00000012   Code   RO          789    i.HAL_PCD_DataInStageCallback  usbd_conf.o
    0x08000b78   0x08000b78   0x00000014   Code   RO          790    i.HAL_PCD_DataOutStageCallback  usbd_conf.o
    0x08000b8c   0x08000b8c   0x00000008   Code   RO          791    i.HAL_PCD_DisconnectCallback  usbd_conf.o
    0x08000b94   0x08000b94   0x0000004c   Code   RO          997    i.HAL_PCD_EP_Close  stm32f7xx_hal_pcd.o
    0x08000be0   0x08000be0   0x0000005c   Code   RO          998    i.HAL_PCD_EP_ClrStall  stm32f7xx_hal_pcd.o
    0x08000c3c   0x08000c3c   0x00000012   Code   RO         1000    i.HAL_PCD_EP_GetRxCount  stm32f7xx_hal_pcd.o
    0x08000c4e   0x08000c4e   0x00000060   Code   RO         1001    i.HAL_PCD_EP_Open   stm32f7xx_hal_pcd.o
    0x08000cae   0x08000cae   0x00000044   Code   RO         1002    i.HAL_PCD_EP_Receive  stm32f7xx_hal_pcd.o
    0x08000cf2   0x08000cf2   0x00000074   Code   RO         1003    i.HAL_PCD_EP_SetStall  stm32f7xx_hal_pcd.o
    0x08000d66   0x08000d66   0x00000044   Code   RO         1004    i.HAL_PCD_EP_Transmit  stm32f7xx_hal_pcd.o
    0x08000daa   0x08000daa   0x00000002   PAD
    0x08000dac   0x08000dac   0x000004aa   Code   RO         1006    i.HAL_PCD_IRQHandler  stm32f7xx_hal_pcd.o
    0x08001256   0x08001256   0x00000008   Code   RO          792    i.HAL_PCD_ISOINIncompleteCallback  usbd_conf.o
    0x0800125e   0x0800125e   0x00000008   Code   RO          793    i.HAL_PCD_ISOOUTIncompleteCallback  usbd_conf.o
    0x08001266   0x08001266   0x00000002   PAD
    0x08001268   0x08001268   0x000000ea   Code   RO         1009    i.HAL_PCD_Init      stm32f7xx_hal_pcd.o
    0x08001352   0x08001352   0x00000002   PAD
    0x08001354   0x08001354   0x00000084   Code   RO          795    i.HAL_PCD_MspInit   usbd_conf.o
    0x080013d8   0x080013d8   0x0000002c   Code   RO          796    i.HAL_PCD_ResetCallback  usbd_conf.o
    0x08001404   0x08001404   0x00000008   Code   RO          797    i.HAL_PCD_ResumeCallback  usbd_conf.o
    0x0800140c   0x0800140c   0x00000008   Code   RO          798    i.HAL_PCD_SOFCallback  usbd_conf.o
    0x08001414   0x08001414   0x00000028   Code   RO         1015    i.HAL_PCD_SetAddress  stm32f7xx_hal_pcd.o
    0x0800143c   0x0800143c   0x0000000e   Code   RO          799    i.HAL_PCD_SetupStageCallback  usbd_conf.o
    0x0800144a   0x0800144a   0x0000002a   Code   RO         1017    i.HAL_PCD_Start     stm32f7xx_hal_pcd.o
    0x08001474   0x08001474   0x00000030   Code   RO          800    i.HAL_PCD_SuspendCallback  usbd_conf.o
    0x080014a4   0x080014a4   0x0000006c   Code   RO         4071    i.HAL_PWREx_EnableOverDrive  stm32f7xx_hal_pwr_ex.o
    0x08001510   0x08001510   0x000004c4   Code   RO         3492    i.HAL_RCCEx_PeriphCLKConfig  stm32f7xx_hal_rcc_ex.o
    0x080019d4   0x080019d4   0x0000012c   Code   RO         3385    i.HAL_RCC_ClockConfig  stm32f7xx_hal_rcc.o
    0x08001b00   0x08001b00   0x0000000c   Code   RO         3390    i.HAL_RCC_GetHCLKFreq  stm32f7xx_hal_rcc.o
    0x08001b0c   0x08001b0c   0x00000020   Code   RO         3392    i.HAL_RCC_GetPCLK1Freq  stm32f7xx_hal_rcc.o
    0x08001b2c   0x08001b2c   0x00000020   Code   RO         3393    i.HAL_RCC_GetPCLK2Freq  stm32f7xx_hal_rcc.o
    0x08001b4c   0x08001b4c   0x00000060   Code   RO         3394    i.HAL_RCC_GetSysClockFreq  stm32f7xx_hal_rcc.o
    0x08001bac   0x08001bac   0x00000094   Code   RO         3395    i.HAL_RCC_MCOConfig  stm32f7xx_hal_rcc.o
    0x08001c40   0x08001c40   0x00000338   Code   RO         3397    i.HAL_RCC_OscConfig  stm32f7xx_hal_rcc.o
    0x08001f78   0x08001f78   0x00000088   Code   RO         3355    i.HAL_RS485Ex_Init  stm32f7xx_hal_uart_ex.o
    0x08002000   0x08002000   0x000000c4   Code   RO         1708    i.HAL_SPI_Init      stm32f7xx_hal_spi.o
    0x080020c4   0x080020c4   0x00000104   Code   RO          493    i.HAL_SPI_MspInit   stm32f7xx_hal_msp.o
    0x080021c8   0x080021c8   0x00000026   Code   RO         1578    i.HAL_SYSTICK_Config  stm32f7xx_hal_cortex.o
    0x080021ee   0x080021ee   0x00000002   Code   RO         2735    i.HAL_TIMEx_Break2Callback  stm32f7xx_hal_tim_ex.o
    0x080021f0   0x080021f0   0x00000002   Code   RO         2736    i.HAL_TIMEx_BreakCallback  stm32f7xx_hal_tim_ex.o
    0x080021f2   0x080021f2   0x00000002   Code   RO         2737    i.HAL_TIMEx_CommutCallback  stm32f7xx_hal_tim_ex.o
    0x080021f4   0x080021f4   0x000000a0   Code   RO         2739    i.HAL_TIMEx_ConfigBreakDeadTime  stm32f7xx_hal_tim_ex.o
    0x08002294   0x08002294   0x00000060   Code   RO         2755    i.HAL_TIMEx_MasterConfigSynchronization  stm32f7xx_hal_tim_ex.o
    0x080022f4   0x080022f4   0x00000036   Code   RO         2050    i.HAL_TIM_Base_Init  stm32f7xx_hal_tim.o
    0x0800232a   0x0800232a   0x00000002   PAD
    0x0800232c   0x0800232c   0x0000011c   Code   RO          495    i.HAL_TIM_Base_MspInit  stm32f7xx_hal_msp.o
    0x08002448   0x08002448   0x000000dc   Code   RO         2059    i.HAL_TIM_ConfigClockSource  stm32f7xx_hal_tim.o
    0x08002524   0x08002524   0x00000002   Code   RO         2079    i.HAL_TIM_IC_CaptureCallback  stm32f7xx_hal_tim.o
    0x08002526   0x08002526   0x00000182   Code   RO         2093    i.HAL_TIM_IRQHandler  stm32f7xx_hal_tim.o
    0x080026a8   0x080026a8   0x000000c4   Code   RO          496    i.HAL_TIM_MspPostInit  stm32f7xx_hal_msp.o
    0x0800276c   0x0800276c   0x00000002   Code   RO         2096    i.HAL_TIM_OC_DelayElapsedCallback  stm32f7xx_hal_tim.o
    0x0800276e   0x0800276e   0x00000128   Code   RO         2117    i.HAL_TIM_PWM_ConfigChannel  stm32f7xx_hal_tim.o
    0x08002896   0x08002896   0x00000036   Code   RO         2120    i.HAL_TIM_PWM_Init  stm32f7xx_hal_tim.o
    0x080028cc   0x080028cc   0x00000002   Code   RO         2122    i.HAL_TIM_PWM_MspInit  stm32f7xx_hal_tim.o
    0x080028ce   0x080028ce   0x00000002   Code   RO         2123    i.HAL_TIM_PWM_PulseFinishedCallback  stm32f7xx_hal_tim.o
    0x080028d0   0x080028d0   0x00000060   Code   RO           13    i.HAL_TIM_PeriodElapsedCallback  command.o
    0x08002930   0x08002930   0x00000056   Code   RO         2134    i.HAL_TIM_SlaveConfigSynchro  stm32f7xx_hal_tim.o
    0x08002986   0x08002986   0x00000002   Code   RO         2136    i.HAL_TIM_TriggerCallback  stm32f7xx_hal_tim.o
    0x08002988   0x08002988   0x00000002   Code   RO         3020    i.HAL_UART_ErrorCallback  stm32f7xx_hal_uart.o
    0x0800298a   0x0800298a   0x00000002   PAD
    0x0800298c   0x0800298c   0x00000128   Code   RO         3023    i.HAL_UART_IRQHandler  stm32f7xx_hal_uart.o
    0x08002ab4   0x08002ab4   0x00000066   Code   RO         3024    i.HAL_UART_Init     stm32f7xx_hal_uart.o
    0x08002b1a   0x08002b1a   0x00000002   PAD
    0x08002b1c   0x08002b1c   0x000002bc   Code   RO          498    i.HAL_UART_MspInit  stm32f7xx_hal_msp.o
    0x08002dd8   0x08002dd8   0x00000002   Code   RO         3035    i.HAL_UART_TxCpltCallback  stm32f7xx_hal_uart.o
    0x08002dda   0x08002dda   0x00000002   Code   RO          340    i.HardFault_Handler  stm32f7xx_it.o
    0x08002ddc   0x08002ddc   0x00000038   Code   RO          643    i.IntToUnicode      usbd_desc.o
    0x08002e14   0x08002e14   0x0000008c   Code   RO          193    i.MX_DMA_Init       main.o
    0x08002ea0   0x08002ea0   0x00000134   Code   RO          194    i.MX_GPIO_Init      main.o
    0x08002fd4   0x08002fd4   0x00000044   Code   RO          195    i.MX_SPI1_Init      main.o
    0x08003018   0x08003018   0x00000044   Code   RO          196    i.MX_SPI2_Init      main.o
    0x0800305c   0x0800305c   0x00000044   Code   RO          197    i.MX_SPI3_Init      main.o
    0x080030a0   0x080030a0   0x000000d4   Code   RO          198    i.MX_TIM1_Init      main.o
    0x08003174   0x08003174   0x0000009c   Code   RO          199    i.MX_TIM2_Init      main.o
    0x08003210   0x08003210   0x00000058   Code   RO          200    i.MX_TIM3_Init      main.o
    0x08003268   0x08003268   0x00000058   Code   RO          201    i.MX_TIM4_Init      main.o
    0x080032c0   0x080032c0   0x00000058   Code   RO          202    i.MX_TIM5_Init      main.o
    0x08003318   0x08003318   0x000000d4   Code   RO          203    i.MX_TIM8_Init      main.o
    0x080033ec   0x080033ec   0x0000008c   Code   RO          204    i.MX_TIM9_Init      main.o
    0x08003478   0x08003478   0x00000060   Code   RO          205    i.MX_USART1_UART_Init  main.o
    0x080034d8   0x080034d8   0x00000060   Code   RO          206    i.MX_USART2_UART_Init  main.o
    0x08003538   0x08003538   0x0000005c   Code   RO          207    i.MX_USART3_UART_Init  main.o
    0x08003594   0x08003594   0x00000054   Code   RO          595    i.MX_USB_DEVICE_Init  usb_device.o
    0x080035e8   0x080035e8   0x00000002   Code   RO          341    i.MemManage_Handler  stm32f7xx_it.o
    0x080035ea   0x080035ea   0x00000002   Code   RO          342    i.NMI_Handler       stm32f7xx_it.o
    0x080035ec   0x080035ec   0x0000000c   Code   RO          343    i.OTG_FS_IRQHandler  stm32f7xx_it.o
    0x080035f8   0x080035f8   0x000000dc   Code   RO         1020    i.PCD_EP_OutXfrComplete_int  stm32f7xx_hal_pcd.o
    0x080036d4   0x080036d4   0x000000a2   Code   RO         1021    i.PCD_WriteEmptyTxFifo  stm32f7xx_hal_pcd.o
    0x08003776   0x08003776   0x00000002   Code   RO          344    i.PendSV_Handler    stm32f7xx_it.o
    0x08003778   0x08003778   0x00000002   Code   RO          345    i.SVC_Handler       stm32f7xx_it.o
    0x0800377a   0x0800377a   0x00000002   PAD
    0x0800377c   0x0800377c   0x000000b8   Code   RO          208    i.SystemClock_Config  main.o
    0x08003834   0x08003834   0x00000054   Code   RO         4915    i.SystemInit        system_stm32f7xx.o
    0x08003888   0x08003888   0x0000001c   Code   RO          346    i.TIM1_UP_TIM10_IRQHandler  stm32f7xx_it.o
    0x080038a4   0x080038a4   0x0000000c   Code   RO          347    i.TIM3_IRQHandler   stm32f7xx_it.o
    0x080038b0   0x080038b0   0x0000000c   Code   RO          348    i.TIM4_IRQHandler   stm32f7xx_it.o
    0x080038bc   0x080038bc   0x0000000c   Code   RO          349    i.TIM5_IRQHandler   stm32f7xx_it.o
    0x080038c8   0x080038c8   0x000000cc   Code   RO         2138    i.TIM_Base_SetConfig  stm32f7xx_hal_tim.o
    0x08003994   0x08003994   0x0000001a   Code   RO         2139    i.TIM_CCxChannelCmd  stm32f7xx_hal_tim.o
    0x080039ae   0x080039ae   0x00000012   Code   RO         2149    i.TIM_ETR_SetConfig  stm32f7xx_hal_tim.o
    0x080039c0   0x080039c0   0x00000010   Code   RO         2150    i.TIM_ITRx_SetConfig  stm32f7xx_hal_tim.o
    0x080039d0   0x080039d0   0x00000074   Code   RO         2151    i.TIM_OC1_SetConfig  stm32f7xx_hal_tim.o
    0x08003a44   0x08003a44   0x00000078   Code   RO         2152    i.TIM_OC2_SetConfig  stm32f7xx_hal_tim.o
    0x08003abc   0x08003abc   0x00000078   Code   RO         2153    i.TIM_OC3_SetConfig  stm32f7xx_hal_tim.o
    0x08003b34   0x08003b34   0x00000058   Code   RO         2154    i.TIM_OC4_SetConfig  stm32f7xx_hal_tim.o
    0x08003b8c   0x08003b8c   0x00000058   Code   RO         2155    i.TIM_OC5_SetConfig  stm32f7xx_hal_tim.o
    0x08003be4   0x08003be4   0x00000058   Code   RO         2156    i.TIM_OC6_SetConfig  stm32f7xx_hal_tim.o
    0x08003c3c   0x08003c3c   0x0000008c   Code   RO         2157    i.TIM_SlaveTimer_SetConfig  stm32f7xx_hal_tim.o
    0x08003cc8   0x08003cc8   0x00000022   Code   RO         2158    i.TIM_TI1_ConfigInputStage  stm32f7xx_hal_tim.o
    0x08003cea   0x08003cea   0x00000024   Code   RO         2160    i.TIM_TI2_ConfigInputStage  stm32f7xx_hal_tim.o
    0x08003d0e   0x08003d0e   0x00000002   PAD
    0x08003d10   0x08003d10   0x00000104   Code   RO          209    i.TrinityServoControlInit  main.o
    0x08003e14   0x08003e14   0x000000c8   Code   RO         3037    i.UART_AdvFeatureConfig  stm32f7xx_hal_uart.o
    0x08003edc   0x08003edc   0x0000003c   Code   RO         3038    i.UART_CheckIdleState  stm32f7xx_hal_uart.o
    0x08003f18   0x08003f18   0x00000014   Code   RO         3039    i.UART_DMAAbortOnError  stm32f7xx_hal_uart.o
    0x08003f2c   0x08003f2c   0x00000020   Code   RO         3049    i.UART_EndRxTransfer  stm32f7xx_hal_uart.o
    0x08003f4c   0x08003f4c   0x00000254   Code   RO         3053    i.UART_SetConfig    stm32f7xx_hal_uart.o
    0x080041a0   0x080041a0   0x00000060   Code   RO         3056    i.UART_WaitOnFlagUntilTimeout  stm32f7xx_hal_uart.o
    0x08004200   0x08004200   0x0000000c   Code   RO          350    i.USART1_IRQHandler  stm32f7xx_it.o
    0x0800420c   0x0800420c   0x0000000c   Code   RO          351    i.USART2_IRQHandler  stm32f7xx_it.o
    0x08004218   0x08004218   0x0000000c   Code   RO          352    i.USART3_IRQHandler  stm32f7xx_it.o
    0x08004224   0x08004224   0x0000004a   Code   RO         5215    i.USBD_CDC_DataIn   usbd_cdc.o
    0x0800426e   0x0800426e   0x0000002e   Code   RO         5216    i.USBD_CDC_DataOut  usbd_cdc.o
    0x0800429c   0x0800429c   0x00000044   Code   RO         5217    i.USBD_CDC_DeInit   usbd_cdc.o
    0x080042e0   0x080042e0   0x00000024   Code   RO         5218    i.USBD_CDC_EP0_RxReady  usbd_cdc.o
    0x08004304   0x08004304   0x0000000c   Code   RO         5219    i.USBD_CDC_GetDeviceQualifierDescriptor  usbd_cdc.o
    0x08004310   0x08004310   0x0000000c   Code   RO         5220    i.USBD_CDC_GetFSCfgDesc  usbd_cdc.o
    0x0800431c   0x0800431c   0x0000000c   Code   RO         5221    i.USBD_CDC_GetHSCfgDesc  usbd_cdc.o
    0x08004328   0x08004328   0x0000000c   Code   RO         5222    i.USBD_CDC_GetOtherSpeedCfgDesc  usbd_cdc.o
    0x08004334   0x08004334   0x00000094   Code   RO         5223    i.USBD_CDC_Init     usbd_cdc.o
    0x080043c8   0x080043c8   0x00000028   Code   RO         5224    i.USBD_CDC_ReceivePacket  usbd_cdc.o
    0x080043f0   0x080043f0   0x00000014   Code   RO         5225    i.USBD_CDC_RegisterInterface  usbd_cdc.o
    0x08004404   0x08004404   0x0000000c   Code   RO         5226    i.USBD_CDC_SetRxBuffer  usbd_cdc.o
    0x08004410   0x08004410   0x00000010   Code   RO         5227    i.USBD_CDC_SetTxBuffer  usbd_cdc.o
    0x08004420   0x08004420   0x000000ae   Code   RO         5228    i.USBD_CDC_Setup    usbd_cdc.o
    0x080044ce   0x080044ce   0x0000000e   Code   RO         4952    i.USBD_ClrClassConfig  usbd_core.o
    0x080044dc   0x080044dc   0x00000010   Code   RO         5155    i.USBD_CtlContinueRx  usbd_ioreq.o
    0x080044ec   0x080044ec   0x00000010   Code   RO         5156    i.USBD_CtlContinueSendData  usbd_ioreq.o
    0x080044fc   0x080044fc   0x00000016   Code   RO         5090    i.USBD_CtlError     usbd_ctlreq.o
    0x08004512   0x08004512   0x0000001e   Code   RO         5157    i.USBD_CtlPrepareRx  usbd_ioreq.o
    0x08004530   0x08004530   0x00000016   Code   RO         5158    i.USBD_CtlReceiveStatus  usbd_ioreq.o
    0x08004546   0x08004546   0x0000001a   Code   RO         5159    i.USBD_CtlSendData  usbd_ioreq.o
    0x08004560   0x08004560   0x00000016   Code   RO         5160    i.USBD_CtlSendStatus  usbd_ioreq.o
    0x08004576   0x08004576   0x00000002   PAD
    0x08004578   0x08004578   0x00000020   Code   RO          644    i.USBD_FS_ConfigStrDescriptor  usbd_desc.o
    0x08004598   0x08004598   0x0000000c   Code   RO          645    i.USBD_FS_DeviceDescriptor  usbd_desc.o
    0x080045a4   0x080045a4   0x00000024   Code   RO          646    i.USBD_FS_InterfaceStrDescriptor  usbd_desc.o
    0x080045c8   0x080045c8   0x0000000c   Code   RO          647    i.USBD_FS_LangIDStrDescriptor  usbd_desc.o
    0x080045d4   0x080045d4   0x00000028   Code   RO          648    i.USBD_FS_ManufacturerStrDescriptor  usbd_desc.o
    0x080045fc   0x080045fc   0x0000002c   Code   RO          649    i.USBD_FS_ProductStrDescriptor  usbd_desc.o
    0x08004628   0x08004628   0x0000003c   Code   RO          650    i.USBD_FS_SerialStrDescriptor  usbd_desc.o
    0x08004664   0x08004664   0x0000000c   Code   RO          651    i.USBD_FS_USR_BOSDescriptor  usbd_desc.o
    0x08004670   0x08004670   0x000000fe   Code   RO         5091    i.USBD_GetDescriptor  usbd_ctlreq.o
    0x0800476e   0x0800476e   0x0000004a   Code   RO         5092    i.USBD_GetString    usbd_ctlreq.o
    0x080047b8   0x080047b8   0x00000018   Code   RO          801    i.USBD_Get_USB_Status  usbd_conf.o
    0x080047d0   0x080047d0   0x0000002a   Code   RO         4954    i.USBD_Init         usbd_core.o
    0x080047fa   0x080047fa   0x00000012   Code   RO          802    i.USBD_LL_ClearStallEP  usbd_conf.o
    0x0800480c   0x0800480c   0x00000012   Code   RO          803    i.USBD_LL_CloseEP   usbd_conf.o
    0x0800481e   0x0800481e   0x000000c2   Code   RO         4955    i.USBD_LL_DataInStage  usbd_core.o
    0x080048e0   0x080048e0   0x00000082   Code   RO         4956    i.USBD_LL_DataOutStage  usbd_core.o
    0x08004962   0x08004962   0x00000004   Code   RO         4957    i.USBD_LL_DevConnected  usbd_core.o
    0x08004966   0x08004966   0x00000016   Code   RO         4958    i.USBD_LL_DevDisconnected  usbd_core.o
    0x0800497c   0x0800497c   0x00000008   Code   RO          807    i.USBD_LL_GetRxDataSize  usbd_conf.o
    0x08004984   0x08004984   0x00000060   Code   RO          808    i.USBD_LL_Init      usbd_conf.o
    0x080049e4   0x080049e4   0x00000020   Code   RO          809    i.USBD_LL_IsStallEP  usbd_conf.o
    0x08004a04   0x08004a04   0x00000004   Code   RO         4959    i.USBD_LL_IsoINIncomplete  usbd_core.o
    0x08004a08   0x08004a08   0x00000004   Code   RO         4960    i.USBD_LL_IsoOUTIncomplete  usbd_core.o
    0x08004a0c   0x08004a0c   0x00000018   Code   RO          810    i.USBD_LL_OpenEP    usbd_conf.o
    0x08004a24   0x08004a24   0x00000012   Code   RO          811    i.USBD_LL_PrepareReceive  usbd_conf.o
    0x08004a36   0x08004a36   0x00000050   Code   RO         4961    i.USBD_LL_Reset     usbd_core.o
    0x08004a86   0x08004a86   0x0000000c   Code   RO         4962    i.USBD_LL_Resume    usbd_core.o
    0x08004a92   0x08004a92   0x00000018   Code   RO         4963    i.USBD_LL_SOF       usbd_core.o
    0x08004aaa   0x08004aaa   0x00000006   Code   RO         4964    i.USBD_LL_SetSpeed  usbd_core.o
    0x08004ab0   0x08004ab0   0x00000012   Code   RO          812    i.USBD_LL_SetUSBAddress  usbd_conf.o
    0x08004ac2   0x08004ac2   0x00000056   Code   RO         4965    i.USBD_LL_SetupStage  usbd_core.o
    0x08004b18   0x08004b18   0x00000012   Code   RO          813    i.USBD_LL_StallEP   usbd_conf.o
    0x08004b2a   0x08004b2a   0x00000012   Code   RO          814    i.USBD_LL_Start     usbd_conf.o
    0x08004b3c   0x08004b3c   0x00000012   Code   RO         4966    i.USBD_LL_Suspend   usbd_core.o
    0x08004b4e   0x08004b4e   0x00000012   Code   RO          816    i.USBD_LL_Transmit  usbd_conf.o
    0x08004b60   0x08004b60   0x00000028   Code   RO         5093    i.USBD_ParseSetupRequest  usbd_ctlreq.o
    0x08004b88   0x08004b88   0x00000012   Code   RO         4967    i.USBD_RegisterClass  usbd_core.o
    0x08004b9a   0x08004b9a   0x00000016   Code   RO         4969    i.USBD_SetClassConfig  usbd_core.o
    0x08004bb0   0x08004bb0   0x00000088   Code   RO         5094    i.USBD_SetConfig    usbd_ctlreq.o
    0x08004c38   0x08004c38   0x0000000a   Code   RO         4970    i.USBD_Start        usbd_core.o
    0x08004c42   0x08004c42   0x00000114   Code   RO         5095    i.USBD_StdDevReq    usbd_ctlreq.o
    0x08004d56   0x08004d56   0x00000150   Code   RO         5096    i.USBD_StdEPReq     usbd_ctlreq.o
    0x08004ea6   0x08004ea6   0x0000004e   Code   RO         5097    i.USBD_StdItfReq    usbd_ctlreq.o
    0x08004ef4   0x08004ef4   0x00000080   Code   RO         1263    i.USB_ActivateEndpoint  stm32f7xx_ll_usb.o
    0x08004f74   0x08004f74   0x00000034   Code   RO         1265    i.USB_ActivateSetup  stm32f7xx_ll_usb.o
    0x08004fa8   0x08004fa8   0x0000006c   Code   RO         1267    i.USB_CoreInit      stm32f7xx_ll_usb.o
    0x08005014   0x08005014   0x00000038   Code   RO         1268    i.USB_CoreReset     stm32f7xx_ll_usb.o
    0x0800504c   0x0800504c   0x00000080   Code   RO         1271    i.USB_DeactivateEndpoint  stm32f7xx_ll_usb.o
    0x080050cc   0x080050cc   0x00000018   Code   RO         1272    i.USB_DevConnect    stm32f7xx_ll_usb.o
    0x080050e4   0x080050e4   0x00000018   Code   RO         1273    i.USB_DevDisconnect  stm32f7xx_ll_usb.o
    0x080050fc   0x080050fc   0x00000194   Code   RO         1274    i.USB_DevInit       stm32f7xx_ll_usb.o
    0x08005290   0x08005290   0x0000000c   Code   RO         1275    i.USB_DisableGlobalInt  stm32f7xx_ll_usb.o
    0x0800529c   0x0800529c   0x00000110   Code   RO         1278    i.USB_EP0StartXfer  stm32f7xx_ll_usb.o
    0x080053ac   0x080053ac   0x00000058   Code   RO         1279    i.USB_EP0_OutStart  stm32f7xx_ll_usb.o
    0x08005404   0x08005404   0x00000058   Code   RO         1280    i.USB_EPClearStall  stm32f7xx_ll_usb.o
    0x0800545c   0x0800545c   0x00000058   Code   RO         1281    i.USB_EPSetStall    stm32f7xx_ll_usb.o
    0x080054b4   0x080054b4   0x000001c8   Code   RO         1282    i.USB_EPStartXfer   stm32f7xx_ll_usb.o
    0x0800567c   0x0800567c   0x0000000c   Code   RO         1283    i.USB_EnableGlobalInt  stm32f7xx_ll_usb.o
    0x08005688   0x08005688   0x00000020   Code   RO         1284    i.USB_FlushRxFifo   stm32f7xx_ll_usb.o
    0x080056a8   0x080056a8   0x00000024   Code   RO         1285    i.USB_FlushTxFifo   stm32f7xx_ll_usb.o
    0x080056cc   0x080056cc   0x0000001a   Code   RO         1287    i.USB_GetDevSpeed   stm32f7xx_ll_usb.o
    0x080056e6   0x080056e6   0x00000008   Code   RO         1289    i.USB_GetMode       stm32f7xx_ll_usb.o
    0x080056ee   0x080056ee   0x0000000e   Code   RO         1296    i.USB_ReadDevAllInEpInterrupt  stm32f7xx_ll_usb.o
    0x080056fc   0x080056fc   0x0000000e   Code   RO         1297    i.USB_ReadDevAllOutEpInterrupt  stm32f7xx_ll_usb.o
    0x0800570a   0x0800570a   0x00000024   Code   RO         1298    i.USB_ReadDevInEPInterrupt  stm32f7xx_ll_usb.o
    0x0800572e   0x0800572e   0x00000010   Code   RO         1299    i.USB_ReadDevOutEPInterrupt  stm32f7xx_ll_usb.o
    0x0800573e   0x0800573e   0x00000008   Code   RO         1300    i.USB_ReadInterrupts  stm32f7xx_ll_usb.o
    0x08005746   0x08005746   0x0000001c   Code   RO         1301    i.USB_ReadPacket    stm32f7xx_ll_usb.o
    0x08005762   0x08005762   0x0000002e   Code   RO         1303    i.USB_SetCurrentMode  stm32f7xx_ll_usb.o
    0x08005790   0x08005790   0x00000022   Code   RO         1304    i.USB_SetDevAddress  stm32f7xx_ll_usb.o
    0x080057b2   0x080057b2   0x00000002   PAD
    0x080057b4   0x080057b4   0x000000e8   Code   RO         1306    i.USB_SetTurnaroundTime  stm32f7xx_ll_usb.o
    0x0800589c   0x0800589c   0x00000024   Code   RO         1309    i.USB_WritePacket   stm32f7xx_ll_usb.o
    0x080058c0   0x080058c0   0x00000002   Code   RO          353    i.UsageFault_Handler  stm32f7xx_it.o
    0x080058c2   0x080058c2   0x00000022   Code   RO         1580    i.__NVIC_SetPriority  stm32f7xx_hal_cortex.o
    0x080058e4   0x080058e4   0x0000000e   Code   RO         5383    i.__scatterload_copy  mc_w.l(handlers.o)
    0x080058f2   0x080058f2   0x00000002   Code   RO         5384    i.__scatterload_null  mc_w.l(handlers.o)
    0x080058f4   0x080058f4   0x0000000e   Code   RO         5385    i.__scatterload_zeroinit  mc_w.l(handlers.o)
    0x08005902   0x08005902   0x00000002   PAD
    0x08005904   0x08005904   0x00000050   Code   RO         5329    i.free              mc_w.l(malloc.o)
    0x08005954   0x08005954   0x00000078   Code   RO          210    i.main              main.o
    0x080059cc   0x080059cc   0x0000006c   Code   RO         5330    i.malloc            mc_w.l(malloc.o)
    0x08005a38   0x08005a38   0x00000008   Data   RO         3809    .constdata          stm32f7xx_hal_dma.o
    0x08005a40   0x08005a40   0x00000010   Data   RO         4916    .constdata          system_stm32f7xx.o
    0x08005a50   0x08005a50   0x00000008   Data   RO         4917    .constdata          system_stm32f7xx.o
    0x08005a58   0x08005a58   0x00000020   Data   RO         5381    Region$$Table       anon$$obj.o


    Execution Region RW_IRAM1 (Exec base: 0x20000000, Load base: 0x08005a78, Size: 0x00002748, Max: 0x00050000, ABSOLUTE, COMPRESSED[0x000000e0])

    Exec Addr    Load Addr    Size         Type   Attr      Idx    E Section Name        Object

    0x20000000   COMPRESSED   0x00000008   Data   RW           21    .data               command.o
    0x20000008   COMPRESSED   0x00000012   Data   RW          218    .data               main.o
    0x2000001a   COMPRESSED   0x00000002   PAD
    0x2000001c   COMPRESSED   0x00000020   Data   RW          653    .data               usbd_desc.o
    0x2000003c   COMPRESSED   0x0000003e   Data   RW          654    .data               usbd_desc.o
    0x2000007a   COMPRESSED   0x00000002   PAD
    0x2000007c   COMPRESSED   0x00000010   Data   RW          741    .data               usbd_cdc_if.o
    0x2000008c   COMPRESSED   0x0000000c   Data   RW         4186    .data               stm32f7xx_hal.o
    0x20000098   COMPRESSED   0x00000004   Data   RW         4918    .data               system_stm32f7xx.o
    0x2000009c   COMPRESSED   0x00000001   Data   RW         5098    .data               usbd_ctlreq.o
    0x2000009d   COMPRESSED   0x00000003   PAD
    0x200000a0   COMPRESSED   0x000000d7   Data   RW         5230    .data               usbd_cdc.o
    0x20000177   COMPRESSED   0x00000001   PAD
    0x20000178   COMPRESSED   0x00000038   Data   RW         5231    .data               usbd_cdc.o
    0x200001b0   COMPRESSED   0x00000004   Data   RW         5377    .data               mc_w.l(mvars.o)
    0x200001b4   COMPRESSED   0x00000004   Data   RW         5378    .data               mc_w.l(mvars.o)
    0x200001b8        -       0x000004ac   Zero   RW          211    .bss                main.o
    0x20000664        -       0x00000060   Zero   RW          212    .bss                main.o
    0x200006c4        -       0x00000060   Zero   RW          213    .bss                main.o
    0x20000724        -       0x00000060   Zero   RW          214    .bss                main.o
    0x20000784        -       0x00000060   Zero   RW          215    .bss                main.o
    0x200007e4        -       0x00000060   Zero   RW          216    .bss                main.o
    0x20000844        -       0x00000060   Zero   RW          217    .bss                main.o
    0x200008a4        -       0x0000029c   Zero   RW          596    .bss                usb_device.o
    0x20000b40        -       0x00000200   Zero   RW          652    .bss                usbd_desc.o
    0x20000d40        -       0x00001000   Zero   RW          740    .bss                usbd_cdc_if.o
    0x20001d40        -       0x00000404   Zero   RW          817    .bss                usbd_conf.o
    0x20002144   COMPRESSED   0x00000004   PAD
    0x20002148        -       0x00000200   Zero   RW            2    HEAP                startup_stm32f745xx.o
    0x20002348        -       0x00000400   Zero   RW            1    STACK               startup_stm32f745xx.o


==============================================================================

Image component sizes


      Code (inc. data)   RO Data    RW Data    ZI Data      Debug   Object Name

        96         22          0          8          0     816098   command.o
      2486        230          0         18       1772      17816   main.o
        36          8        456          0       1536        848   startup_stm32f745xx.o
       134         20          0         12          0       8623   stm32f7xx_hal.o
       198         12          0          0          0      39071   stm32f7xx_hal_cortex.o
       804         16          8          0          0       4891   stm32f7xx_hal_dma.o
       508         60          0          0          0       3816   stm32f7xx_hal_gpio.o
      1488        156          0          0          0       5456   stm32f7xx_hal_msp.o
      2426         16          0          0          0      13293   stm32f7xx_hal_pcd.o
       118          6          0          0          0       2552   stm32f7xx_hal_pcd_ex.o
       108          8          0          0          0       1296   stm32f7xx_hal_pwr_ex.o
      1444         88          0          0          0       6620   stm32f7xx_hal_rcc.o
      1220         16          0          0          0       2284   stm32f7xx_hal_rcc_ex.o
       196          0          0          0          0       1291   stm32f7xx_hal_spi.o
      2200        144          0          0          0      18763   stm32f7xx_hal_tim.o
       262         18          0          0          0       4052   stm32f7xx_hal_tim_ex.o
      1406         74          0          0          0       8662   stm32f7xx_hal_uart.o
       136          4          0          0          0       1335   stm32f7xx_hal_uart_ex.o
       254         88          0          0          0      11236   stm32f7xx_it.o
      2506        138          0          0          0      23131   stm32f7xx_ll_usb.o
        84         16         24          4          0       1295   system_stm32f7xx.o
        84         18          0          0        668       2591   usb_device.o
       682         16          0        271          0      12960   usbd_cdc.o
        68         16          0         16       4096       2862   usbd_cdc_if.o
       730         22          0          0       1028      16841   usbd_conf.o
       690          0          0          0          0      12533   usbd_core.o
      1216         22          0          1          0       8328   usbd_ctlreq.o
       304        110          0         94        512       7005   usbd_desc.o
       132          0          0          0          0       4628   usbd_ioreq.o

    ----------------------------------------------------------------------
     22046       1344        520        432       9616    1060177   Object Totals
         0          0         32          0          0          0   (incl. Generated)
        30          0          0          8          4          0   (incl. Padding)

    ----------------------------------------------------------------------

      Code (inc. data)   RO Data    RW Data    ZI Data      Debug   Library Member Name

        86          0          0          0          0          0   __dczerorl2.o
         0          0          0          0          0          0   entry.o
         0          0          0          0          0          0   entry10a.o
         0          0          0          0          0          0   entry11a.o
         8          4          0          0          0          0   entry2.o
         4          0          0          0          0          0   entry5.o
         0          0          0          0          0          0   entry7b.o
         0          0          0          0          0          0   entry8b.o
         8          4          0          0          0          0   entry9a.o
        30          0          0          0          0          0   handlers.o
        36          8          0          0          0         68   init.o
        30          0          0          0          0         68   llshl.o
        32          0          0          0          0         68   llushr.o
       188         20          0          0          0        160   malloc.o
        36          0          0          0          0         68   memcpya.o
        36          0          0          0          0        108   memseta.o
         0          0          0          8          0          0   mvars.o
        98          0          0          0          0         92   uldiv.o

    ----------------------------------------------------------------------
       594         36          0          8          0        632   Library Totals
         2          0          0          0          0          0   (incl. Padding)

    ----------------------------------------------------------------------

      Code (inc. data)   RO Data    RW Data    ZI Data      Debug   Library Name

       592         36          0          8          0        632   mc_w.l

    ----------------------------------------------------------------------
       594         36          0          8          0        632   Library Totals

    ----------------------------------------------------------------------

==============================================================================


      Code (inc. data)   RO Data    RW Data    ZI Data      Debug   

     22640       1380        520        440       9616    1037033   Grand Totals
     22640       1380        520        224       9616    1037033   ELF Image Totals (compressed)
     22640       1380        520        224          0          0   ROM Totals

==============================================================================

    Total RO  Size (Code + RO Data)                23160 (  22.62kB)
    Total RW  Size (RW Data + ZI Data)             10056 (   9.82kB)
    Total ROM Size (Code + RO Data + RW Data)      23384 (  22.84kB)

==============================================================================

