<html>
<body>
<pre>
<h1>µVision Build Log</h1>
<h2>Tool Versions:</h2>
IDE-Version: µVision V5.27.1.0
Copyright (C) 2019 ARM Ltd and ARM Germany GmbH. All rights reserved.
License Information: Sergey Rotanov, Intellect Industries, LIC=Z3CWF-65EPJ-YBEE9-4HNM6-MZ3P2-GZWLS
 
Tool Versions:
Toolchain:       MDK-ARM Professional  Version: 5.27.1.0
Toolchain Path:  C:\Keil_v5\ARM\ARMCC\Bin
C Compiler:      Armcc.exe V5.06 update 6 (build 750)
Assembler:       Armasm.exe V5.06 update 6 (build 750)
Linker/Locator:  ArmLink.exe V5.06 update 6 (build 750)
Library Manager: ArmAr.exe V5.06 update 6 (build 750)
Hex Converter:   FromElf.exe V5.06 update 6 (build 750)
CPU DLL:         SARMCM3.DLL V5.27.1.0
Dialog DLL:      DCM.DLL V1.17.2.0
Target DLL:      STLink\ST-LINKIII-KEIL_SWO.dll V3.0.6.0
Dialog DLL:      TCM.DLL V1.36.1.0
 
<h2>Project:</h2>
C:\Users\h_wil\Projects\embedded\trinity\board\cpu\MDK-ARM\cpu.uvprojx
Project File Date:  10/08/2019

<h2>Output:</h2>
*** Using Compiler 'V5.06 update 6 (build 750)', folder: 'C:\Keil_v5\ARM\ARMCC\Bin'
Build target 'cpu'
compiling memory.c...
../Core/Inc/memory.h(13): warning:  #1-D: last line of file ends without a newline
  #endif
..\Core\Src\memory.c: 1 warning, 0 errors
compiling main.c...
compiling command.c...
..\Core\Src\command.c(53): warning:  #177-D: function "TrinityCommandParser"  was declared but never referenced
  void TrinityCommandParser(char* command) {
..\Core\Src\command.c(12): warning:  #550-D: variable "device_command"  was set but never used
  static char* device_command;
..\Core\Src\command.c(14): warning:  #550-D: variable "op_complete_X"  was set but never used
  static bool op_complete_X = false;
..\Core\Src\command.c(15): warning:  #550-D: variable "op_complete_Y"  was set but never used
  static bool op_complete_Y = false;
..\Core\Src\command.c(16): warning:  #550-D: variable "op_complete_Z"  was set but never used
  static bool op_complete_Z = false;
..\Core\Src\command.c(17): warning:  #550-D: variable "op_complete_A"  was set but never used
  static bool op_complete_A = false;
..\Core\Src\command.c(19): warning:  #177-D: variable "ts_state"  was declared but never referenced
  static uint16_t ts_state     = 0x0000;
..\Core\Src\command.c(20): warning:  #177-D: variable "sensor_state"  was declared but never referenced
  static uint16_t sensor_state = 0x0000;
..\Core\Src\command.c(23): warning:  #177-D: variable "control_struct"  was declared but never referenced
  static SERVO_CONTROL_STRUCTURE control_struct;
..\Core\Src\command.c(24): warning:  #177-D: variable "controller_state"  was declared but never referenced
  static TRINITY_STATE controller_state       = INIT;
..\Core\Src\command.c(25): warning:  #177-D: variable "SERVO_SETTINGS_EXISTS"  was declared but never referenced
  static const uint8_t SERVO_SETTINGS_EXISTS  = 0xae;
..\Core\Src\command.c(26): warning:  #177-D: variable "controller_settings"  was declared but never referenced
  static TRINITY_SETTINGS controller_settings;
..\Core\Src\command.c(31): warning:  #177-D: variable "SETTINGS_BLOCK"  was declared but never referenced
  static const uint8_t SETTINGS_BLOCK         = 0;
..\Core\Src\command.c(32): warning:  #177-D: variable "SETTINGS_SECTOR"  was declared but never referenced
  static const uint8_t SETTINGS_SECTOR        = 0;
..\Core\Src\command.c(33): warning:  #177-D: variable "SERVO_SGS_EXISTS_PAGE"  was declared but never referenced
  static const uint8_t SERVO_SGS_EXISTS_PAGE  = 0;
..\Core\Src\command.c(34): warning:  #177-D: variable "SETTINGS_PAGE"  was declared but never referenced
  static const uint8_t SETTINGS_PAGE          = 1;
..\Core\Src\command.c(36): warning:  #177-D: variable "PROGRAMM_BLOCK"  was declared but never referenced
  static const uint8_t PROGRAMM_BLOCK         = 1;
..\Core\Src\command.c(37): warning:  #177-D: variable "PROGRAMM_SECTOR"  was declared but never referenced
  static const uint8_t PROGRAMM_SECTOR        = 0;
..\Core\Src\command.c(38): warning:  #177-D: variable "PROGRAMM_PAGE"  was declared but never referenced
  static const uint8_t PROGRAMM_PAGE          = 0;                             
..\Core\Src\command.c: 19 warnings, 0 errors
compiling usbd_cdc_if.c...
compiling stm32f7xx_it.c...
compiling usb_device.c...
compiling usbd_desc.c...
compiling stm32f7xx_hal_msp.c...
compiling usbd_conf.c...
compiling usbd_ioreq.c...
compiling usbd_ctlreq.c...
compiling usbd_cdc.c...
compiling usbd_core.c...
linking...
Program Size: Code=22640 RO-data=520 RW-data=440 ZI-data=9616  
FromELF: creating hex file...
"cpu\cpu.axf" - 0 Error(s), 20 Warning(s).

<h2>Software Packages used:</h2>

Package Vendor: ARM
                http://www.keil.com/pack/ARM.CMSIS.5.5.1.pack
                ARM.CMSIS.5.5.1
                CMSIS (Cortex Microcontroller Software Interface Standard)
   * Component: CORE Version: 5.2.0

Package Vendor: Keil
                http://www.keil.com/pack/Keil.STM32F7xx_DFP.2.11.0.pack
                Keil.STM32F7xx_DFP.2.11.0
                STMicroelectronics STM32F7 Series Device Support, Drivers and Examples

<h2>Collection of Component include folders:</h2>
  .\RTE\_cpu
  C:\Keil_v5\ARM\PACK\ARM\CMSIS\5.5.1\CMSIS\Core\Include
  C:\Keil_v5\ARM\PACK\Keil\STM32F7xx_DFP\2.11.0\Drivers\CMSIS\Device\ST\STM32F7xx\Include

<h2>Collection of Component Files used:</h2>

   * Component: ARM::CMSIS:CORE:5.2.0
Build Time Elapsed:  00:00:16
</pre>
</body>
</html>
