<html>
<body>
<pre>
<h1>µVision Build Log</h1>
<h2>Tool Versions:</h2>
IDE-Version: µVision V5.27.1.0
Copyright (C) 2019 ARM Ltd and ARM Germany GmbH. All rights reserved.
License Information: Sergey Rotanov, Intellect Industries, LIC=Z3CWF-65EPJ-YBEE9-4HNM6-MZ3P2-GZWLS
 
Tool Versions:
Toolchain:       MDK-ARM Professional  Version: 5.27.1.0
Toolchain Path:  C:\Keil_v5\ARM\ARMCC\Bin
C Compiler:      Armcc.exe V5.06 update 6 (build 750)
Assembler:       Armasm.exe V5.06 update 6 (build 750)
Linker/Locator:  ArmLink.exe V5.06 update 6 (build 750)
Library Manager: ArmAr.exe V5.06 update 6 (build 750)
Hex Converter:   FromElf.exe V5.06 update 6 (build 750)
CPU DLL:         SARMCM3.DLL V5.27.1.0
Dialog DLL:      DCM.DLL V1.17.2.0
Target DLL:      STLink\ST-LINKIII-KEIL_SWO.dll V3.0.6.0
Dialog DLL:      TCM.DLL V1.36.1.0
 
<h2>Project:</h2>
C:\Users\h_wil\Projects\embedded\trinity\board\cpu\MDK-ARM\cpu.uvprojx
Project File Date:  09/25/2019

<h2>Output:</h2>
*** Using Compiler 'V5.06 update 6 (build 750)', folder: 'C:\Keil_v5\ARM\ARMCC\Bin'
Build target 'cpu'
compiling command.c...
..\Core\Src\command.c(34): warning:  #177-D: function "TrinityGetCommandCode"  was declared but never referenced
  void TrinityGetCommandCode(char* command) {
..\Core\Src\command.c(38): warning:  #177-D: function "TrinityGetCommandArgs"  was declared but never referenced
  void TrinityGetCommandArgs(char* command) {
..\Core\Src\command.c(12): warning:  #177-D: variable "distance_x"  was declared but never referenced
  static double  distance_x, distance_y, distance_z, distance_a;
..\Core\Src\command.c(12): warning:  #177-D: variable "distance_y"  was declared but never referenced
  static double  distance_x, distance_y, distance_z, distance_a;
..\Core\Src\command.c(12): warning:  #177-D: variable "distance_z"  was declared but never referenced
  static double  distance_x, distance_y, distance_z, distance_a;
..\Core\Src\command.c(12): warning:  #177-D: variable "distance_a"  was declared but never referenced
  static double  distance_x, distance_y, distance_z, distance_a;
..\Core\Src\command.c(13): warning:  #177-D: variable "dir_x"  was declared but never referenced
  static uint8_t dir_x, dir_y, dir_z, dir_a;
..\Core\Src\command.c(13): warning:  #177-D: variable "dir_y"  was declared but never referenced
  static uint8_t dir_x, dir_y, dir_z, dir_a;
..\Core\Src\command.c(13): warning:  #177-D: variable "dir_z"  was declared but never referenced
  static uint8_t dir_x, dir_y, dir_z, dir_a;
..\Core\Src\command.c(13): warning:  #177-D: variable "dir_a"  was declared but never referenced
  static uint8_t dir_x, dir_y, dir_z, dir_a;
..\Core\Src\command.c(15): warning:  #177-D: variable "ts_state"  was declared but never referenced
  static uint16_t ts_state     = 0x0000;
..\Core\Src\command.c(16): warning:  #177-D: variable "sensor_state"  was declared but never referenced
  static uint16_t sensor_state = 0x0000;
..\Core\Src\command.c(18): warning:  #177-D: variable "device_addr"  was declared but never referenced
  static uint16_t device_addr;
..\Core\Src\command.c(19): warning:  #550-D: variable "device_command"  was set but never used
  static uint8_t* device_command;
..\Core\Src\command.c(20): warning:  #177-D: variable "program_start_addr"  was declared but never referenced
  static uint32_t program_start_addr;
..\Core\Src\command.c(21): warning:  #550-D: variable "program_command"  was set but never used
  static uint8_t* program_command;
..\Core\Src\command.c: 16 warnings, 0 errors
compiling usbd_conf.c...
compiling stm32f7xx_hal_msp.c...
compiling stm32f7xx_it.c...
compiling usbd_cdc_if.c...
compiling usbd_desc.c...
compiling usb_device.c...
compiling main.c...
../Core/Src/main.c(102): warning:  #177-D: function "TrinityServoControlInit"  was declared but never referenced
  static void TrinityServoControlInit(void) {
../Core/Src/main.c: 1 warning, 0 errors
compiling usbd_core.c...
compiling usbd_ctlreq.c...
compiling usbd_ioreq.c...
compiling usbd_cdc.c...
linking...
Program Size: Code=22256 RO-data=520 RW-data=432 ZI-data=9616  
FromELF: creating hex file...
"cpu\cpu.axf" - 0 Error(s), 17 Warning(s).

<h2>Software Packages used:</h2>

Package Vendor: ARM
                http://www.keil.com/pack/ARM.CMSIS.5.5.1.pack
                ARM.CMSIS.5.5.1
                CMSIS (Cortex Microcontroller Software Interface Standard)
   * Component: CORE Version: 5.2.0

Package Vendor: Keil
                http://www.keil.com/pack/Keil.STM32F7xx_DFP.2.11.0.pack
                Keil.STM32F7xx_DFP.2.11.0
                STMicroelectronics STM32F7 Series Device Support, Drivers and Examples

<h2>Collection of Component include folders:</h2>
  .\RTE\_cpu
  C:\Keil_v5\ARM\PACK\ARM\CMSIS\5.5.1\CMSIS\Core\Include
  C:\Keil_v5\ARM\PACK\Keil\STM32F7xx_DFP\2.11.0\Drivers\CMSIS\Device\ST\STM32F7xx\Include

<h2>Collection of Component Files used:</h2>

   * Component: ARM::CMSIS:CORE:5.2.0
Build Time Elapsed:  00:00:13
</pre>
</body>
</html>
