Component: ARM Compiler 5.06 update 6 (build 750) Tool: armlink [4d35ed]

==============================================================================

Section Cross References

    startup_stm32f745xx.o(RESET) refers to startup_stm32f745xx.o(STACK) for __initial_sp
    startup_stm32f745xx.o(RESET) refers to startup_stm32f745xx.o(.text) for Reset_Handler
    startup_stm32f745xx.o(RESET) refers to stm32f7xx_it.o(i.NMI_Handler) for NMI_Handler
    startup_stm32f745xx.o(RESET) refers to stm32f7xx_it.o(i.HardFault_Handler) for HardFault_Handler
    startup_stm32f745xx.o(RESET) refers to stm32f7xx_it.o(i.MemManage_Handler) for MemManage_Handler
    startup_stm32f745xx.o(RESET) refers to stm32f7xx_it.o(i.BusFault_Handler) for BusFault_Handler
    startup_stm32f745xx.o(RESET) refers to stm32f7xx_it.o(i.UsageFault_Handler) for UsageFault_Handler
    startup_stm32f745xx.o(RESET) refers to stm32f7xx_it.o(i.SVC_Handler) for SVC_Handler
    startup_stm32f745xx.o(RESET) refers to stm32f7xx_it.o(i.DebugMon_Handler) for DebugMon_Handler
    startup_stm32f745xx.o(RESET) refers to stm32f7xx_it.o(i.PendSV_Handler) for PendSV_Handler
    startup_stm32f745xx.o(RESET) refers to stm32f7xx_it.o(i.DMA1_Stream1_IRQHandler) for DMA1_Stream1_IRQHandler
    startup_stm32f745xx.o(RESET) refers to stm32f7xx_it.o(i.DMA1_Stream3_IRQHandler) for DMA1_Stream3_IRQHandler
    startup_stm32f745xx.o(RESET) refers to stm32f7xx_it.o(i.DMA1_Stream5_IRQHandler) for DMA1_Stream5_IRQHandler
    startup_stm32f745xx.o(RESET) refers to stm32f7xx_it.o(i.DMA1_Stream6_IRQHandler) for DMA1_Stream6_IRQHandler
    startup_stm32f745xx.o(RESET) refers to stm32f7xx_it.o(i.TIM1_UP_TIM10_IRQHandler) for TIM1_UP_TIM10_IRQHandler
    startup_stm32f745xx.o(RESET) refers to stm32f7xx_it.o(i.TIM3_IRQHandler) for TIM3_IRQHandler
    startup_stm32f745xx.o(RESET) refers to stm32f7xx_it.o(i.TIM4_IRQHandler) for TIM4_IRQHandler
    startup_stm32f745xx.o(RESET) refers to stm32f7xx_it.o(i.USART1_IRQHandler) for USART1_IRQHandler
    startup_stm32f745xx.o(RESET) refers to stm32f7xx_it.o(i.USART2_IRQHandler) for USART2_IRQHandler
    startup_stm32f745xx.o(RESET) refers to stm32f7xx_it.o(i.USART3_IRQHandler) for USART3_IRQHandler
    startup_stm32f745xx.o(RESET) refers to stm32f7xx_it.o(i.EXTI15_10_IRQHandler) for EXTI15_10_IRQHandler
    startup_stm32f745xx.o(RESET) refers to stm32f7xx_it.o(i.TIM5_IRQHandler) for TIM5_IRQHandler
    startup_stm32f745xx.o(RESET) refers to stm32f7xx_it.o(i.DMA2_Stream2_IRQHandler) for DMA2_Stream2_IRQHandler
    startup_stm32f745xx.o(RESET) refers to stm32f7xx_it.o(i.OTG_FS_IRQHandler) for OTG_FS_IRQHandler
    startup_stm32f745xx.o(RESET) refers to stm32f7xx_it.o(i.DMA2_Stream7_IRQHandler) for DMA2_Stream7_IRQHandler
    startup_stm32f745xx.o(.text) refers to system_stm32f7xx.o(i.SystemInit) for SystemInit
    startup_stm32f745xx.o(.text) refers to entry.o(.ARM.Collect$$$$00000000) for __main
    command.o(i.TrinityCPInit) refers to calloc.o(.text) for calloc
    command.o(i.TrinityCPInit) refers to command.o(.data) for .data
    command.o(.data) refers to main.o(.bss) for huart1
    command.o(.data) refers to main.o(.bss) for huart2
    command.o(.data) refers to main.o(.bss) for hspi1
    command.o(.data) refers to main.o(.bss) for hspi2
    command.o(.data) refers to main.o(.bss) for hspi3
    command.o(.data) refers to command.o(i.G0000) for G0000
    command.o(.data) refers to command.o(i.G0001) for G0001
    command.o(.data) refers to command.o(i.G0002) for G0002
    command.o(.data) refers to command.o(i.G0003) for G0003
    command.o(.data) refers to command.o(i.G0004) for G0004
    command.o(.data) refers to command.o(i.G0005) for G0005
    command.o(.data) refers to command.o(i.G0006) for G0006
    command.o(.data) refers to command.o(i.G0007) for G0007
    command.o(.data) refers to command.o(i.G0008) for G0008
    command.o(.data) refers to command.o(i.G0009) for G0009
    command.o(.data) refers to command.o(i.G0010) for G0010
    command.o(.data) refers to command.o(i.G0011) for G0011
    command.o(.data) refers to command.o(i.G0012) for G0012
    command.o(.data) refers to command.o(i.G0013) for G0013
    command.o(.data) refers to command.o(i.G0014) for G0014
    command.o(.data) refers to command.o(i.G0015) for G0015
    command.o(.data) refers to command.o(i.G0016) for G0016
    command.o(.data) refers to command.o(i.G0017) for G0017
    command.o(.data) refers to command.o(i.G0018) for G0018
    command.o(.data) refers to command.o(i.G0019) for G0019
    command.o(.data) refers to command.o(i.G0020) for G0020
    command.o(.data) refers to command.o(i.G0021) for G0021
    command.o(.data) refers to command.o(i.G0022) for G0022
    main.o(i.MX_DMA_Init) refers to stm32f7xx_hal_cortex.o(i.HAL_NVIC_SetPriority) for HAL_NVIC_SetPriority
    main.o(i.MX_DMA_Init) refers to stm32f7xx_hal_cortex.o(i.HAL_NVIC_EnableIRQ) for HAL_NVIC_EnableIRQ
    main.o(i.MX_GPIO_Init) refers to memseta.o(.text) for __aeabi_memclr4
[...]
    i.USBD_CDC_GetOtherSpeedCfgDesc          0x080041ac   Section        0  usbd_cdc.o(i.USBD_CDC_GetOtherSpeedCfgDesc)
    USBD_CDC_GetOtherSpeedCfgDesc            0x080041ad   Thumb Code     8  usbd_cdc.o(i.USBD_CDC_GetOtherSpeedCfgDesc)
    i.USBD_CDC_Init                          0x080041b8   Section        0  usbd_cdc.o(i.USBD_CDC_Init)
    USBD_CDC_Init                            0x080041b9   Thumb Code   148  usbd_cdc.o(i.USBD_CDC_Init)
    i.USBD_CDC_ReceivePacket                 0x0800424c   Section        0  usbd_cdc.o(i.USBD_CDC_ReceivePacket)
    i.USBD_CDC_RegisterInterface             0x08004274   Section        0  usbd_cdc.o(i.USBD_CDC_RegisterInterface)
    i.USBD_CDC_SetRxBuffer                   0x08004288   Section        0  usbd_cdc.o(i.USBD_CDC_SetRxBuffer)
    i.USBD_CDC_SetTxBuffer                   0x08004294   Section        0  usbd_cdc.o(i.USBD_CDC_SetTxBuffer)
    i.USBD_CDC_Setup                         0x080042a4   Section        0  usbd_cdc.o(i.USBD_CDC_Setup)
    USBD_CDC_Setup                           0x080042a5   Thumb Code   174  usbd_cdc.o(i.USBD_CDC_Setup)
    i.USBD_ClrClassConfig                    0x08004352   Section        0  usbd_core.o(i.USBD_ClrClassConfig)
    i.USBD_CtlContinueRx                     0x08004360   Section        0  usbd_ioreq.o(i.USBD_CtlContinueRx)
    i.USBD_CtlContinueSendData               0x08004370   Section        0  usbd_ioreq.o(i.USBD_CtlContinueSendData)
    i.USBD_CtlError                          0x08004380   Section        0  usbd_ctlreq.o(i.USBD_CtlError)
    i.USBD_CtlPrepareRx                      0x08004396   Section        0  usbd_ioreq.o(i.USBD_CtlPrepareRx)
    i.USBD_CtlReceiveStatus                  0x080043b4   Section        0  usbd_ioreq.o(i.USBD_CtlReceiveStatus)
    i.USBD_CtlSendData                       0x080043ca   Section        0  usbd_ioreq.o(i.USBD_CtlSendData)
    i.USBD_CtlSendStatus                     0x080043e4   Section        0  usbd_ioreq.o(i.USBD_CtlSendStatus)
    i.USBD_FS_ConfigStrDescriptor            0x080043fc   Section        0  usbd_desc.o(i.USBD_FS_ConfigStrDescriptor)
    i.USBD_FS_DeviceDescriptor               0x0800441c   Section        0  usbd_desc.o(i.USBD_FS_DeviceDescriptor)
    i.USBD_FS_InterfaceStrDescriptor         0x08004428   Section        0  usbd_desc.o(i.USBD_FS_InterfaceStrDescriptor)
    i.USBD_FS_LangIDStrDescriptor            0x0800444c   Section        0  usbd_desc.o(i.USBD_FS_LangIDStrDescriptor)
    i.USBD_FS_ManufacturerStrDescriptor      0x08004458   Section        0  usbd_desc.o(i.USBD_FS_ManufacturerStrDescriptor)
    i.USBD_FS_ProductStrDescriptor           0x08004480   Section        0  usbd_desc.o(i.USBD_FS_ProductStrDescriptor)
    i.USBD_FS_SerialStrDescriptor            0x080044ac   Section        0  usbd_desc.o(i.USBD_FS_SerialStrDescriptor)
    i.USBD_FS_USR_BOSDescriptor              0x080044e8   Section        0  usbd_desc.o(i.USBD_FS_USR_BOSDescriptor)
    i.USBD_GetDescriptor                     0x080044f4   Section        0  usbd_ctlreq.o(i.USBD_GetDescriptor)
    USBD_GetDescriptor                       0x080044f5   Thumb Code   254  usbd_ctlreq.o(i.USBD_GetDescriptor)
    i.USBD_GetString                         0x080045f2   Section        0  usbd_ctlreq.o(i.USBD_GetString)
    i.USBD_Get_USB_Status                    0x0800463c   Section        0  usbd_conf.o(i.USBD_Get_USB_Status)
    i.USBD_Init                              0x08004654   Section        0  usbd_core.o(i.USBD_Init)
    i.USBD_LL_ClearStallEP                   0x0800467e   Section        0  usbd_conf.o(i.USBD_LL_ClearStallEP)
    i.USBD_LL_CloseEP                        0x08004690   Section        0  usbd_conf.o(i.USBD_LL_CloseEP)
    i.USBD_LL_DataInStage                    0x080046a2   Section        0  usbd_core.o(i.USBD_LL_DataInStage)
    i.USBD_LL_DataOutStage                   0x08004764   Section        0  usbd_core.o(i.USBD_LL_DataOutStage)
    i.USBD_LL_DevConnected                   0x080047e6   Section        0  usbd_core.o(i.USBD_LL_DevConnected)
    i.USBD_LL_DevDisconnected                0x080047ea   Section        0  usbd_core.o(i.USBD_LL_DevDisconnected)
    i.USBD_LL_GetRxDataSize                  0x08004800   Section        0  usbd_conf.o(i.USBD_LL_GetRxDataSize)
    i.USBD_LL_Init                           0x08004808   Section        0  usbd_conf.o(i.USBD_LL_Init)
    i.USBD_LL_IsStallEP                      0x08004868   Section        0  usbd_conf.o(i.USBD_LL_IsStallEP)
    i.USBD_LL_IsoINIncomplete                0x08004888   Section        0  usbd_core.o(i.USBD_LL_IsoINIncomplete)
    i.USBD_LL_IsoOUTIncomplete               0x0800488c   Section        0  usbd_core.o(i.USBD_LL_IsoOUTIncomplete)
    i.USBD_LL_OpenEP                         0x08004890   Section        0  usbd_conf.o(i.USBD_LL_OpenEP)
    i.USBD_LL_PrepareReceive                 0x080048a8   Section        0  usbd_conf.o(i.USBD_LL_PrepareReceive)
    i.USBD_LL_Reset                          0x080048ba   Section        0  usbd_core.o(i.USBD_LL_Reset)
    i.USBD_LL_Resume                         0x0800490a   Section        0  usbd_core.o(i.USBD_LL_Resume)
    i.USBD_LL_SOF                            0x08004916   Section        0  usbd_core.o(i.USBD_LL_SOF)
    i.USBD_LL_SetSpeed                       0x0800492e   Section        0  usbd_core.o(i.USBD_LL_SetSpeed)
    i.USBD_LL_SetUSBAddress                  0x08004934   Section        0  usbd_conf.o(i.USBD_LL_SetUSBAddress)
    i.USBD_LL_SetupStage                     0x08004946   Section        0  usbd_core.o(i.USBD_LL_SetupStage)
    i.USBD_LL_StallEP                        0x0800499c   Section        0  usbd_conf.o(i.USBD_LL_StallEP)
    i.USBD_LL_Start                          0x080049ae   Section        0  usbd_conf.o(i.USBD_LL_Start)
    i.USBD_LL_Suspend                        0x080049c0   Section        0  usbd_core.o(i.USBD_LL_Suspend)
    i.USBD_LL_Transmit                       0x080049d2   Section        0  usbd_conf.o(i.USBD_LL_Transmit)
    i.USBD_ParseSetupRequest                 0x080049e4   Section        0  usbd_ctlreq.o(i.USBD_ParseSetupRequest)
    i.USBD_RegisterClass                     0x08004a0c   Section        0  usbd_core.o(i.USBD_RegisterClass)
    i.USBD_SetClassConfig                    0x08004a1e   Section        0  usbd_core.o(i.USBD_SetClassConfig)
    i.USBD_SetConfig                         0x08004a34   Section        0  usbd_ctlreq.o(i.USBD_SetConfig)
    USBD_SetConfig                           0x08004a35   Thumb Code   130  usbd_ctlreq.o(i.USBD_SetConfig)
    i.USBD_Start                             0x08004abc   Section        0  usbd_core.o(i.USBD_Start)
    i.USBD_StdDevReq                         0x08004ac6   Section        0  usbd_ctlreq.o(i.USBD_StdDevReq)
    i.USBD_StdEPReq                          0x08004bda   Section        0  usbd_ctlreq.o(i.USBD_StdEPReq)
    i.USBD_StdItfReq                         0x08004d2a   Section        0  usbd_ctlreq.o(i.USBD_StdItfReq)
    i.USB_ActivateEndpoint                   0x08004d78   Section        0  stm32f7xx_ll_usb.o(i.USB_ActivateEndpoint)
    i.USB_ActivateSetup                      0x08004df8   Section        0  stm32f7xx_ll_usb.o(i.USB_ActivateSetup)
    i.USB_CoreInit                           0x08004e2c   Section        0  stm32f7xx_ll_usb.o(i.USB_CoreInit)
    i.USB_CoreReset                          0x08004e98   Section        0  stm32f7xx_ll_usb.o(i.USB_CoreReset)
    USB_CoreReset                            0x08004e99   Thumb Code    50  stm32f7xx_ll_usb.o(i.USB_CoreReset)
    i.USB_DeactivateEndpoint                 0x08004ed0   Section        0  stm32f7xx_ll_usb.o(i.USB_DeactivateEndpoint)
    i.USB_DevConnect                         0x08004f50   Section        0  stm32f7xx_ll_usb.o(i.USB_DevConnect)
    i.USB_DevDisconnect                      0x08004f68   Section        0  stm32f7xx_ll_usb.o(i.USB_DevDisconnect)
    i.USB_DevInit                            0x08004f80   Section        0  stm32f7xx_ll_usb.o(i.USB_DevInit)
    i.USB_DisableGlobalInt                   0x08005114   Section        0  stm32f7xx_ll_usb.o(i.USB_DisableGlobalInt)
    i.USB_EP0StartXfer                       0x08005120   Section        0  stm32f7xx_ll_usb.o(i.USB_EP0StartXfer)
    i.USB_EP0_OutStart                       0x08005230   Section        0  stm32f7xx_ll_usb.o(i.USB_EP0_OutStart)
    i.USB_EPClearStall                       0x08005288   Section        0  stm32f7xx_ll_usb.o(i.USB_EPClearStall)
    i.USB_EPSetStall                         0x080052e0   Section        0  stm32f7xx_ll_usb.o(i.USB_EPSetStall)
    i.USB_EPStartXfer                        0x08005338   Section        0  stm32f7xx_ll_usb.o(i.USB_EPStartXfer)
    i.USB_EnableGlobalInt                    0x08005500   Section        0  stm32f7xx_ll_usb.o(i.USB_EnableGlobalInt)
    i.USB_FlushRxFifo                        0x0800550c   Section        0  stm32f7xx_ll_usb.o(i.USB_FlushRxFifo)
    i.USB_FlushTxFifo                        0x0800552c   Section        0  stm32f7xx_ll_usb.o(i.USB_FlushTxFifo)
    i.USB_GetDevSpeed                        0x08005550   Section        0  stm32f7xx_ll_usb.o(i.USB_GetDevSpeed)
    i.USB_GetMode                            0x0800556a   Section        0  stm32f7xx_ll_usb.o(i.USB_GetMode)
    i.USB_ReadDevAllInEpInterrupt            0x08005572   Section        0  stm32f7xx_ll_usb.o(i.USB_ReadDevAllInEpInterrupt)
    i.USB_ReadDevAllOutEpInterrupt           0x08005580   Section        0  stm32f7xx_ll_usb.o(i.USB_ReadDevAllOutEpInterrupt)
    i.USB_ReadDevInEPInterrupt               0x0800558e   Section        0  stm32f7xx_ll_usb.o(i.USB_ReadDevInEPInterrupt)
    i.USB_ReadDevOutEPInterrupt              0x080055b2   Section        0  stm32f7xx_ll_usb.o(i.USB_ReadDevOutEPInterrupt)
    i.USB_ReadInterrupts                     0x080055c2   Section        0  stm32f7xx_ll_usb.o(i.USB_ReadInterrupts)
    i.USB_ReadPacket                         0x080055ca   Section        0  stm32f7xx_ll_usb.o(i.USB_ReadPacket)
    i.USB_SetCurrentMode                     0x080055e6   Section        0  stm32f7xx_ll_usb.o(i.USB_SetCurrentMode)
    i.USB_SetDevAddress                      0x08005614   Section        0  stm32f7xx_ll_usb.o(i.USB_SetDevAddress)
    i.USB_SetTurnaroundTime                  0x08005638   Section        0  stm32f7xx_ll_usb.o(i.USB_SetTurnaroundTime)
    i.USB_WritePacket                        0x08005720   Section        0  stm32f7xx_ll_usb.o(i.USB_WritePacket)
    i.UsageFault_Handler                     0x08005744   Section        0  stm32f7xx_it.o(i.UsageFault_Handler)
    i.__NVIC_SetPriority                     0x08005746   Section        0  stm32f7xx_hal_cortex.o(i.__NVIC_SetPriority)
    __NVIC_SetPriority                       0x08005747   Thumb Code    34  stm32f7xx_hal_cortex.o(i.__NVIC_SetPriority)
    i.__scatterload_copy                     0x08005768   Section       14  handlers.o(i.__scatterload_copy)
    i.__scatterload_null                     0x08005776   Section        2  handlers.o(i.__scatterload_null)
    i.__scatterload_zeroinit                 0x08005778   Section       14  handlers.o(i.__scatterload_zeroinit)
    i.free                                   0x08005788   Section        0  malloc.o(i.free)
    i.main                                   0x080057d8   Section        0  main.o(i.main)
    i.malloc                                 0x0800584c   Section        0  malloc.o(i.malloc)
    .constdata                               0x080058b8   Section        8  stm32f7xx_hal_dma.o(.constdata)
    flagBitshiftOffset                       0x080058b8   Data           8  stm32f7xx_hal_dma.o(.constdata)
    .constdata                               0x080058c0   Section       16  system_stm32f7xx.o(.constdata)
    .constdata                               0x080058d0   Section        8  system_stm32f7xx.o(.constdata)
    .data                                    0x20000000   Section       18  main.o(.data)
    SERVO_X_CTL_PRESCALER                    0x20000000   Data           2  main.o(.data)
    SERVO_Y_CTL_PRESCALER                    0x20000002   Data           2  main.o(.data)
    SERVO_Z_CTL_PRESCALER                    0x20000004   Data           2  main.o(.data)
    SERVO_A_CTL_PRESCALER                    0x20000006   Data           2  main.o(.data)
    SERVO_X_TRG_PRESCALER                    0x20000008   Data           2  main.o(.data)
    SERVO_Y_TRG_PRESCALER                    0x2000000a   Data           2  main.o(.data)
    SERVO_Z_TRG_PRESCALER                    0x2000000c   Data           2  main.o(.data)
    SERVO_A_TRG_PRESCALER                    0x2000000e   Data           2  main.o(.data)
    SERVO_PULSE_PERIOD                       0x20000010   Data           2  main.o(.data)
    .data                                    0x20000014   Section       32  usbd_desc.o(.data)
    .data                                    0x20000034   Section       62  usbd_desc.o(.data)
    .data                                    0x20000074   Section       16  usbd_cdc_if.o(.data)
    .data                                    0x20000084   Section       12  stm32f7xx_hal.o(.data)
    .data                                    0x20000090   Section        4  system_stm32f7xx.o(.data)
    .data                                    0x20000094   Section        1  usbd_ctlreq.o(.data)
    cfgidx                                   0x20000094   Data           1  usbd_ctlreq.o(.data)
    .data                                    0x20000098   Section      215  usbd_cdc.o(.data)
    USBD_CDC_DeviceQualifierDesc             0x20000098   Data          10  usbd_cdc.o(.data)
    .data                                    0x20000170   Section       56  usbd_cdc.o(.data)
    .data                                    0x200001a8   Section        4  mvars.o(.data)
    .data                                    0x200001ac   Section        4  mvars.o(.data)
    .bss                                     0x200001b0   Section     1196  main.o(.bss)
    .bss                                     0x2000065c   Section       96  main.o(.bss)
    .bss                                     0x200006bc   Section       96  main.o(.bss)
    .bss                                     0x2000071c   Section       96  main.o(.bss)
    .bss                                     0x2000077c   Section       96  main.o(.bss)
    .bss                                     0x200007dc   Section       96  main.o(.bss)
    .bss                                     0x2000083c   Section       96  main.o(.bss)
    .bss                                     0x2000089c   Section      668  usb_device.o(.bss)
    .bss                                     0x20000b38   Section      512  usbd_desc.o(.bss)
    .bss                                     0x20000d38   Section     4096  usbd_cdc_if.o(.bss)
    .bss                                     0x20001d38   Section     1028  usbd_conf.o(.bss)
    HEAP                                     0x20002140   Section      512  startup_stm32f745xx.o(HEAP)
    STACK                                    0x20002340   Section     1024  startup_stm32f745xx.o(STACK)

    Global Symbols

    Symbol Name                              Value     Ov Type        Size  Object(Section)

    BuildAttributes$$THM_ISAv4$E$P$D$K$B$S$7EM$VFPi5$EXTD16$VFPS$VFMA$PE$PLD8$A:L22UL41UL21$X:L11$S22US41US21$IEEE1$IW$USESV6$~STKCKD$USESV7$~SHL$OSPACE$EBA8$MICROLIB$REQ8$PRES8$EABIv2 0x00000000   Number         0  anon$$obj.o ABSOLUTE
    __ARM_use_no_argv                        0x00000000   Number         0  main.o ABSOLUTE
    __cpp_initialize__aeabi_                  - Undefined Weak Reference
    __cxa_finalize                            - Undefined Weak Reference
    _clock_init                               - Undefined Weak Reference
    _microlib_exit                            - Undefined Weak Reference
    __Vectors_Size                           0x000001c8   Number         0  startup_stm32f745xx.o ABSOLUTE
    __Vectors                                0x08000000   Data           4  startup_stm32f745xx.o(RESET)
    __Vectors_End                            0x080001c8   Data           0  startup_stm32f745xx.o(RESET)
    __main                                   0x080001c9   Thumb Code     0  entry.o(.ARM.Collect$$$$00000000)
    _main_stk                                0x080001c9   Thumb Code     0  entry2.o(.ARM.Collect$$$$00000001)
    _main_scatterload                        0x080001cd   Thumb Code     0  entry5.o(.ARM.Collect$$$$00000004)
    __main_after_scatterload                 0x080001d1   Thumb Code     0  entry5.o(.ARM.Collect$$$$00000004)
    _main_clock                              0x080001d1   Thumb Code     0  entry7b.o(.ARM.Collect$$$$00000008)
    _main_cpp_init                           0x080001d1   Thumb Code     0  entry8b.o(.ARM.Collect$$$$0000000A)
    _main_init                               0x080001d1   Thumb Code     0  entry9a.o(.ARM.Collect$$$$0000000B)
    __rt_final_cpp                           0x080001d9   Thumb Code     0  entry10a.o(.ARM.Collect$$$$0000000D)
    __rt_final_exit                          0x080001d9   Thumb Code     0  entry11a.o(.ARM.Collect$$$$0000000F)
    Reset_Handler                            0x080001dd   Thumb Code     8  startup_stm32f745xx.o(.text)
    SysTick_Handler                          0x080001f5   Thumb Code     2  startup_stm32f745xx.o(.text)
    ADC_IRQHandler                           0x080001f7   Thumb Code     0  startup_stm32f745xx.o(.text)
    CAN1_RX0_IRQHandler                      0x080001f7   Thumb Code     0  startup_stm32f745xx.o(.text)
    CAN1_RX1_IRQHandler                      0x080001f7   Thumb Code     0  startup_stm32f745xx.o(.text)
    CAN1_SCE_IRQHandler                      0x080001f7   Thumb Code     0  startup_stm32f745xx.o(.text)
    CAN1_TX_IRQHandler                       0x080001f7   Thumb Code     0  startup_stm32f745xx.o(.text)
    CAN2_RX0_IRQHandler                      0x080001f7   Thumb Code     0  startup_stm32f745xx.o(.text)
    CAN2_RX1_IRQHandler                      0x080001f7   Thumb Code     0  startup_stm32f745xx.o(.text)
    CAN2_SCE_IRQHandler                      0x080001f7   Thumb Code     0  startup_stm32f745xx.o(.text)
    CAN2_TX_IRQHandler                       0x080001f7   Thumb Code     0  startup_stm32f745xx.o(.text)
    CEC_IRQHandler                           0x080001f7   Thumb Code     0  startup_stm32f745xx.o(.text)
    DCMI_IRQHandler                          0x080001f7   Thumb Code     0  startup_stm32f745xx.o(.text)
    DMA1_Stream0_IRQHandler                  0x080001f7   Thumb Code     0  startup_stm32f745xx.o(.text)
    DMA1_Stream2_IRQHandler                  0x080001f7   Thumb Code     0  startup_stm32f745xx.o(.text)
    DMA1_Stream4_IRQHandler                  0x080001f7   Thumb Code     0  startup_stm32f745xx.o(.text)
    DMA1_Stream7_IRQHandler                  0x080001f7   Thumb Code     0  startup_stm32f745xx.o(.text)
    DMA2D_IRQHandler                         0x080001f7   Thumb Code     0  startup_stm32f745xx.o(.text)
    DMA2_Stream0_IRQHandler                  0x080001f7   Thumb Code     0  startup_stm32f745xx.o(.text)
    DMA2_Stream1_IRQHandler                  0x080001f7   Thumb Code     0  startup_stm32f745xx.o(.text)
    DMA2_Stream3_IRQHandler                  0x080001f7   Thumb Code     0  startup_stm32f745xx.o(.text)
    DMA2_Stream4_IRQHandler                  0x080001f7   Thumb Code     0  startup_stm32f745xx.o(.text)
    DMA2_Stream5_IRQHandler                  0x080001f7   Thumb Code     0  startup_stm32f745xx.o(.text)
    DMA2_Stream6_IRQHandler                  0x080001f7   Thumb Code     0  startup_stm32f745xx.o(.text)
    ETH_IRQHandler                           0x080001f7   Thumb Code     0  startup_stm32f745xx.o(.text)
    ETH_WKUP_IRQHandler                      0x080001f7   Thumb Code     0  startup_stm32f745xx.o(.text)
    EXTI0_IRQHandler                         0x080001f7   Thumb Code     0  startup_stm32f745xx.o(.text)
    EXTI1_IRQHandler                         0x080001f7   Thumb Code     0  startup_stm32f745xx.o(.text)
    EXTI2_IRQHandler                         0x080001f7   Thumb Code     0  startup_stm32f745xx.o(.text)
    EXTI3_IRQHandler                         0x080001f7   Thumb Code     0  startup_stm32f745xx.o(.text)
    EXTI4_IRQHandler                         0x080001f7   Thumb Code     0  startup_stm32f745xx.o(.text)
    EXTI9_5_IRQHandler                       0x080001f7   Thumb Code     0  startup_stm32f745xx.o(.text)
    FLASH_IRQHandler                         0x080001f7   Thumb Code     0  startup_stm32f745xx.o(.text)
    FMC_IRQHandler                           0x080001f7   Thumb Code     0  startup_stm32f745xx.o(.text)
    FPU_IRQHandler                           0x080001f7   Thumb Code     0  startup_stm32f745xx.o(.text)
    I2C1_ER_IRQHandler                       0x080001f7   Thumb Code     0  startup_stm32f745xx.o(.text)
    I2C1_EV_IRQHandler                       0x080001f7   Thumb Code     0  startup_stm32f745xx.o(.text)
    I2C2_ER_IRQHandler                       0x080001f7   Thumb Code     0  startup_stm32f745xx.o(.text)
    I2C2_EV_IRQHandler                       0x080001f7   Thumb Code     0  startup_stm32f745xx.o(.text)
    I2C3_ER_IRQHandler                       0x080001f7   Thumb Code     0  startup_stm32f745xx.o(.text)
    I2C3_EV_IRQHandler                       0x080001f7   Thumb Code     0  startup_stm32f745xx.o(.text)
    I2C4_ER_IRQHandler                       0x080001f7   Thumb Code     0  startup_stm32f745xx.o(.text)
    I2C4_EV_IRQHandler                       0x080001f7   Thumb Code     0  startup_stm32f745xx.o(.text)
    LPTIM1_IRQHandler                        0x080001f7   Thumb Code     0  startup_stm32f745xx.o(.text)
    OTG_FS_WKUP_IRQHandler                   0x080001f7   Thumb Code     0  startup_stm32f745xx.o(.text)
    OTG_HS_EP1_IN_IRQHandler                 0x080001f7   Thumb Code     0  startup_stm32f745xx.o(.text)
    OTG_HS_EP1_OUT_IRQHandler                0x080001f7   Thumb Code     0  startup_stm32f745xx.o(.text)
    OTG_HS_IRQHandler                        0x080001f7   Thumb Code     0  startup_stm32f745xx.o(.text)
    OTG_HS_WKUP_IRQHandler                   0x080001f7   Thumb Code     0  startup_stm32f745xx.o(.text)
    PVD_IRQHandler                           0x080001f7   Thumb Code     0  startup_stm32f745xx.o(.text)
    QUADSPI_IRQHandler                       0x080001f7   Thumb Code     0  startup_stm32f745xx.o(.text)
    RCC_IRQHandler                           0x080001f7   Thumb Code     0  startup_stm32f745xx.o(.text)
    RNG_IRQHandler                           0x080001f7   Thumb Code     0  startup_stm32f745xx.o(.text)
    RTC_Alarm_IRQHandler                     0x080001f7   Thumb Code     0  startup_stm32f745xx.o(.text)
    RTC_WKUP_IRQHandler                      0x080001f7   Thumb Code     0  startup_stm32f745xx.o(.text)
    SAI1_IRQHandler                          0x080001f7   Thumb Code     0  startup_stm32f745xx.o(.text)
    SAI2_IRQHandler                          0x080001f7   Thumb Code     0  startup_stm32f745xx.o(.text)
    SDMMC1_IRQHandler                        0x080001f7   Thumb Code     0  startup_stm32f745xx.o(.text)
    SPDIF_RX_IRQHandler                      0x080001f7   Thumb Code     0  startup_stm32f745xx.o(.text)
    SPI1_IRQHandler                          0x080001f7   Thumb Code     0  startup_stm32f745xx.o(.text)
    SPI2_IRQHandler                          0x080001f7   Thumb Code     0  startup_stm32f745xx.o(.text)
    SPI3_IRQHandler                          0x080001f7   Thumb Code     0  startup_stm32f745xx.o(.text)
    SPI4_IRQHandler                          0x080001f7   Thumb Code     0  startup_stm32f745xx.o(.text)
    SPI5_IRQHandler                          0x080001f7   Thumb Code     0  startup_stm32f745xx.o(.text)
    SPI6_IRQHandler                          0x080001f7   Thumb Code     0  startup_stm32f745xx.o(.text)
    TAMP_STAMP_IRQHandler                    0x080001f7   Thumb Code     0  startup_stm32f745xx.o(.text)
    TIM1_BRK_TIM9_IRQHandler                 0x080001f7   Thumb Code     0  startup_stm32f745xx.o(.text)
    TIM1_CC_IRQHandler                       0x080001f7   Thumb Code     0  startup_stm32f745xx.o(.text)
    TIM1_TRG_COM_TIM11_IRQHandler            0x080001f7   Thumb Code     0  startup_stm32f745xx.o(.text)
    TIM2_IRQHandler                          0x080001f7   Thumb Code     0  startup_stm32f745xx.o(.text)
    TIM6_DAC_IRQHandler                      0x080001f7   Thumb Code     0  startup_stm32f745xx.o(.text)
    TIM7_IRQHandler                          0x080001f7   Thumb Code     0  startup_stm32f745xx.o(.text)
    TIM8_BRK_TIM12_IRQHandler                0x080001f7   Thumb Code     0  startup_stm32f745xx.o(.text)
    TIM8_CC_IRQHandler                       0x080001f7   Thumb Code     0  startup_stm32f745xx.o(.text)
    TIM8_TRG_COM_TIM14_IRQHandler            0x080001f7   Thumb Code     0  startup_stm32f745xx.o(.text)
    TIM8_UP_TIM13_IRQHandler                 0x080001f7   Thumb Code     0  startup_stm32f745xx.o(.text)
    UART4_IRQHandler                         0x080001f7   Thumb Code     0  startup_stm32f745xx.o(.text)
    UART5_IRQHandler                         0x080001f7   Thumb Code     0  startup_stm32f745xx.o(.text)
    UART7_IRQHandler                         0x080001f7   Thumb Code     0  startup_stm32f745xx.o(.text)
    UART8_IRQHandler                         0x080001f7   Thumb Code     0  startup_stm32f745xx.o(.text)
    USART6_IRQHandler                        0x080001f7   Thumb Code     0  startup_stm32f745xx.o(.text)
    WWDG_IRQHandler                          0x080001f7   Thumb Code     0  startup_stm32f745xx.o(.text)
    __aeabi_uldivmod                         0x08000201   Thumb Code    98  uldiv.o(.text)
    __aeabi_memcpy                           0x08000263   Thumb Code    36  memcpya.o(.text)
    __aeabi_memcpy4                          0x08000263   Thumb Code     0  memcpya.o(.text)
    __aeabi_memcpy8                          0x08000263   Thumb Code     0  memcpya.o(.text)
    __aeabi_memset                           0x08000287   Thumb Code    14  memseta.o(.text)
    __aeabi_memset4                          0x08000287   Thumb Code     0  memseta.o(.text)
    __aeabi_memset8                          0x08000287   Thumb Code     0  memseta.o(.text)
    __aeabi_memclr                           0x08000295   Thumb Code     4  memseta.o(.text)
    __aeabi_memclr4                          0x08000295   Thumb Code     0  memseta.o(.text)
    __aeabi_memclr8                          0x08000295   Thumb Code     0  memseta.o(.text)
    _memset$wrapper                          0x08000299   Thumb Code    18  memseta.o(.text)
    __aeabi_llsl                             0x080002ab   Thumb Code    30  llshl.o(.text)
    _ll_shift_l                              0x080002ab   Thumb Code     0  llshl.o(.text)
    __aeabi_llsr                             0x080002c9   Thumb Code    32  llushr.o(.text)
    _ll_ushift_r                             0x080002c9   Thumb Code     0  llushr.o(.text)
    __scatterload                            0x080002e9   Thumb Code    28  init.o(.text)
    __scatterload_rt2                        0x080002e9   Thumb Code     0  init.o(.text)
    __decompress                             0x0800030d   Thumb Code     0  __dczerorl2.o(.text)
    __decompress1                            0x0800030d   Thumb Code    86  __dczerorl2.o(.text)
    BusFault_Handler                         0x08000363   Thumb Code     2  stm32f7xx_it.o(i.BusFault_Handler)
    DMA1_Stream1_IRQHandler                  0x080003a9   Thumb Code     6  stm32f7xx_it.o(i.DMA1_Stream1_IRQHandler)
    DMA1_Stream3_IRQHandler                  0x080003b5   Thumb Code     6  stm32f7xx_it.o(i.DMA1_Stream3_IRQHandler)
    DMA1_Stream5_IRQHandler                  0x080003c1   Thumb Code     6  stm32f7xx_it.o(i.DMA1_Stream5_IRQHandler)
    DMA1_Stream6_IRQHandler                  0x080003cd   Thumb Code     6  stm32f7xx_it.o(i.DMA1_Stream6_IRQHandler)
    DMA2_Stream2_IRQHandler                  0x080003d9   Thumb Code     6  stm32f7xx_it.o(i.DMA2_Stream2_IRQHandler)
    DMA2_Stream7_IRQHandler                  0x080003e5   Thumb Code     6  stm32f7xx_it.o(i.DMA2_Stream7_IRQHandler)
    DebugMon_Handler                         0x0800046d   Thumb Code     2  stm32f7xx_it.o(i.DebugMon_Handler)
    EXTI15_10_IRQHandler                     0x0800046f   Thumb Code    54  stm32f7xx_it.o(i.EXTI15_10_IRQHandler)
    Error_Handler                            0x080004a5   Thumb Code     2  main.o(i.Error_Handler)
    HAL_DMA_Abort_IT                         0x080004a7   Thumb Code    36  stm32f7xx_hal_dma.o(i.HAL_DMA_Abort_IT)
    HAL_DMA_IRQHandler                       0x080004cd   Thumb Code   412  stm32f7xx_hal_dma.o(i.HAL_DMA_IRQHandler)
    HAL_DMA_Init                             0x0800066d   Thumb Code   222  stm32f7xx_hal_dma.o(i.HAL_DMA_Init)
    HAL_Delay                                0x08000751   Thumb Code    32  stm32f7xx_hal.o(i.HAL_Delay)
    HAL_GPIO_EXTI_Callback                   0x08000775   Thumb Code     2  stm32f7xx_hal_gpio.o(i.HAL_GPIO_EXTI_Callback)
    HAL_GPIO_EXTI_IRQHandler                 0x08000779   Thumb Code    18  stm32f7xx_hal_gpio.o(i.HAL_GPIO_EXTI_IRQHandler)
    HAL_GPIO_Init                            0x08000791   Thumb Code   418  stm32f7xx_hal_gpio.o(i.HAL_GPIO_Init)
    HAL_GPIO_WritePin                        0x08000969   Thumb Code    10  stm32f7xx_hal_gpio.o(i.HAL_GPIO_WritePin)
    HAL_GetTick                              0x08000975   Thumb Code     6  stm32f7xx_hal.o(i.HAL_GetTick)
    HAL_Init                                 0x08000981   Thumb Code    22  stm32f7xx_hal.o(i.HAL_Init)
    HAL_InitTick                             0x08000999   Thumb Code    54  stm32f7xx_hal.o(i.HAL_InitTick)
    HAL_MspInit                              0x080009d9   Thumb Code    42  stm32f7xx_hal_msp.o(i.HAL_MspInit)
    HAL_NVIC_EnableIRQ                       0x08000a09   Thumb Code    26  stm32f7xx_hal_cortex.o(i.HAL_NVIC_EnableIRQ)
    HAL_NVIC_SetPriority                     0x08000a25   Thumb Code    60  stm32f7xx_hal_cortex.o(i.HAL_NVIC_SetPriority)
    HAL_NVIC_SetPriorityGrouping             0x08000a65   Thumb Code    28  stm32f7xx_hal_cortex.o(i.HAL_NVIC_SetPriorityGrouping)
    HAL_PCDEx_ActivateLPM                    0x08000a89   Thumb Code    34  stm32f7xx_hal_pcd_ex.o(i.HAL_PCDEx_ActivateLPM)
    HAL_PCDEx_LPM_Callback                   0x08000ab1   Thumb Code    92  usbd_conf.o(i.HAL_PCDEx_LPM_Callback)
    HAL_PCDEx_SetRxFiFo                      0x08000b11   Thumb Code     8  stm32f7xx_hal_pcd_ex.o(i.HAL_PCDEx_SetRxFiFo)
    HAL_PCDEx_SetTxFiFo                      0x08000b19   Thumb Code    70  stm32f7xx_hal_pcd_ex.o(i.HAL_PCDEx_SetTxFiFo)
    HAL_PCD_ConnectCallback                  0x08000b5f   Thumb Code     8  usbd_conf.o(i.HAL_PCD_ConnectCallback)
    HAL_PCD_DataInStageCallback              0x08000b67   Thumb Code    18  usbd_conf.o(i.HAL_PCD_DataInStageCallback)
    HAL_PCD_DataOutStageCallback             0x08000b79   Thumb Code    20  usbd_conf.o(i.HAL_PCD_DataOutStageCallback)
    HAL_PCD_DisconnectCallback               0x08000b8d   Thumb Code     8  usbd_conf.o(i.HAL_PCD_DisconnectCallback)
    HAL_PCD_EP_Close                         0x08000b95   Thumb Code    76  stm32f7xx_hal_pcd.o(i.HAL_PCD_EP_Close)
    HAL_PCD_EP_ClrStall                      0x08000be1   Thumb Code    92  stm32f7xx_hal_pcd.o(i.HAL_PCD_EP_ClrStall)
    HAL_PCD_EP_GetRxCount                    0x08000c3d   Thumb Code    18  stm32f7xx_hal_pcd.o(i.HAL_PCD_EP_GetRxCount)
    HAL_PCD_EP_Open                          0x08000c4f   Thumb Code    96  stm32f7xx_hal_pcd.o(i.HAL_PCD_EP_Open)
    HAL_PCD_EP_Receive                       0x08000caf   Thumb Code    68  stm32f7xx_hal_pcd.o(i.HAL_PCD_EP_Receive)
    HAL_PCD_EP_SetStall                      0x08000cf3   Thumb Code   116  stm32f7xx_hal_pcd.o(i.HAL_PCD_EP_SetStall)
    HAL_PCD_EP_Transmit                      0x08000d67   Thumb Code    68  stm32f7xx_hal_pcd.o(i.HAL_PCD_EP_Transmit)
    HAL_PCD_IRQHandler                       0x08000dad   Thumb Code  1194  stm32f7xx_hal_pcd.o(i.HAL_PCD_IRQHandler)
    HAL_PCD_ISOINIncompleteCallback          0x08001257   Thumb Code     8  usbd_conf.o(i.HAL_PCD_ISOINIncompleteCallback)
    HAL_PCD_ISOOUTIncompleteCallback         0x0800125f   Thumb Code     8  usbd_conf.o(i.HAL_PCD_ISOOUTIncompleteCallback)
    HAL_PCD_Init                             0x08001269   Thumb Code   234  stm32f7xx_hal_pcd.o(i.HAL_PCD_Init)
    HAL_PCD_MspInit                          0x08001355   Thumb Code   124  usbd_conf.o(i.HAL_PCD_MspInit)
    HAL_PCD_ResetCallback                    0x080013d9   Thumb Code    44  usbd_conf.o(i.HAL_PCD_ResetCallback)
    HAL_PCD_ResumeCallback                   0x08001405   Thumb Code     8  usbd_conf.o(i.HAL_PCD_ResumeCallback)
    HAL_PCD_SOFCallback                      0x0800140d   Thumb Code     8  usbd_conf.o(i.HAL_PCD_SOFCallback)
    HAL_PCD_SetAddress                       0x08001415   Thumb Code    40  stm32f7xx_hal_pcd.o(i.HAL_PCD_SetAddress)
    HAL_PCD_SetupStageCallback               0x0800143d   Thumb Code    14  usbd_conf.o(i.HAL_PCD_SetupStageCallback)
    HAL_PCD_Start                            0x0800144b   Thumb Code    42  stm32f7xx_hal_pcd.o(i.HAL_PCD_Start)
    HAL_PCD_SuspendCallback                  0x08001475   Thumb Code    44  usbd_conf.o(i.HAL_PCD_SuspendCallback)
    HAL_PWREx_EnableOverDrive                0x080014a5   Thumb Code   100  stm32f7xx_hal_pwr_ex.o(i.HAL_PWREx_EnableOverDrive)
    HAL_RCCEx_PeriphCLKConfig                0x08001511   Thumb Code  1220  stm32f7xx_hal_rcc_ex.o(i.HAL_RCCEx_PeriphCLKConfig)
    HAL_RCC_ClockConfig                      0x080019d5   Thumb Code   282  stm32f7xx_hal_rcc.o(i.HAL_RCC_ClockConfig)
    HAL_RCC_GetHCLKFreq                      0x08001b01   Thumb Code     6  stm32f7xx_hal_rcc.o(i.HAL_RCC_GetHCLKFreq)
    HAL_RCC_GetPCLK1Freq                     0x08001b0d   Thumb Code    20  stm32f7xx_hal_rcc.o(i.HAL_RCC_GetPCLK1Freq)
    HAL_RCC_GetPCLK2Freq                     0x08001b2d   Thumb Code    20  stm32f7xx_hal_rcc.o(i.HAL_RCC_GetPCLK2Freq)
    HAL_RCC_GetSysClockFreq                  0x08001b4d   Thumb Code    88  stm32f7xx_hal_rcc.o(i.HAL_RCC_GetSysClockFreq)
    HAL_RCC_MCOConfig                        0x08001bad   Thumb Code   130  stm32f7xx_hal_rcc.o(i.HAL_RCC_MCOConfig)
    HAL_RCC_OscConfig                        0x08001c41   Thumb Code   810  stm32f7xx_hal_rcc.o(i.HAL_RCC_OscConfig)
    HAL_RS485Ex_Init                         0x08001f79   Thumb Code   132  stm32f7xx_hal_uart_ex.o(i.HAL_RS485Ex_Init)
    HAL_SPI_Init                             0x08002001   Thumb Code   196  stm32f7xx_hal_spi.o(i.HAL_SPI_Init)
    HAL_SPI_MspInit                          0x080020c5   Thumb Code   232  stm32f7xx_hal_msp.o(i.HAL_SPI_MspInit)
    HAL_SYSTICK_Config                       0x080021c9   Thumb Code    38  stm32f7xx_hal_cortex.o(i.HAL_SYSTICK_Config)
    HAL_TIMEx_Break2Callback                 0x080021ef   Thumb Code     2  stm32f7xx_hal_tim_ex.o(i.HAL_TIMEx_Break2Callback)
    HAL_TIMEx_BreakCallback                  0x080021f1   Thumb Code     2  stm32f7xx_hal_tim_ex.o(i.HAL_TIMEx_BreakCallback)
    HAL_TIMEx_CommutCallback                 0x080021f3   Thumb Code     2  stm32f7xx_hal_tim_ex.o(i.HAL_TIMEx_CommutCallback)
    HAL_TIMEx_ConfigBreakDeadTime            0x080021f5   Thumb Code   150  stm32f7xx_hal_tim_ex.o(i.HAL_TIMEx_ConfigBreakDeadTime)
    HAL_TIMEx_MasterConfigSynchronization    0x08002295   Thumb Code    88  stm32f7xx_hal_tim_ex.o(i.HAL_TIMEx_MasterConfigSynchronization)
    HAL_TIM_Base_Init                        0x080022f5   Thumb Code    54  stm32f7xx_hal_tim.o(i.HAL_TIM_Base_Init)
    HAL_TIM_Base_MspInit                     0x0800232d   Thumb Code   248  stm32f7xx_hal_msp.o(i.HAL_TIM_Base_MspInit)
    HAL_TIM_ConfigClockSource                0x08002449   Thumb Code   214  stm32f7xx_hal_tim.o(i.HAL_TIM_ConfigClockSource)
    HAL_TIM_IC_CaptureCallback               0x08002525   Thumb Code     2  stm32f7xx_hal_tim.o(i.HAL_TIM_IC_CaptureCallback)
    HAL_TIM_IRQHandler                       0x08002527   Thumb Code   386  stm32f7xx_hal_tim.o(i.HAL_TIM_IRQHandler)
    HAL_TIM_MspPostInit                      0x080026a9   Thumb Code   166  stm32f7xx_hal_msp.o(i.HAL_TIM_MspPostInit)
    HAL_TIM_OC_DelayElapsedCallback          0x0800276d   Thumb Code     2  stm32f7xx_hal_tim.o(i.HAL_TIM_OC_DelayElapsedCallback)
    HAL_TIM_PWM_ConfigChannel                0x0800276f   Thumb Code   296  stm32f7xx_hal_tim.o(i.HAL_TIM_PWM_ConfigChannel)
    HAL_TIM_PWM_Init                         0x08002897   Thumb Code    54  stm32f7xx_hal_tim.o(i.HAL_TIM_PWM_Init)
    HAL_TIM_PWM_MspInit                      0x080028cd   Thumb Code     2  stm32f7xx_hal_tim.o(i.HAL_TIM_PWM_MspInit)
    HAL_TIM_PWM_PulseFinishedCallback        0x080028cf   Thumb Code     2  stm32f7xx_hal_tim.o(i.HAL_TIM_PWM_PulseFinishedCallback)
    HAL_TIM_PeriodElapsedCallback            0x080028d1   Thumb Code     2  command.o(i.HAL_TIM_PeriodElapsedCallback)
    HAL_TIM_SlaveConfigSynchro               0x080028d3   Thumb Code    86  stm32f7xx_hal_tim.o(i.HAL_TIM_SlaveConfigSynchro)
    HAL_TIM_TriggerCallback                  0x08002929   Thumb Code     2  stm32f7xx_hal_tim.o(i.HAL_TIM_TriggerCallback)
    HAL_UART_ErrorCallback                   0x0800292b   Thumb Code     2  stm32f7xx_hal_uart.o(i.HAL_UART_ErrorCallback)
    HAL_UART_IRQHandler                      0x0800292d   Thumb Code   292  stm32f7xx_hal_uart.o(i.HAL_UART_IRQHandler)
    HAL_UART_Init                            0x08002a55   Thumb Code   102  stm32f7xx_hal_uart.o(i.HAL_UART_Init)
    HAL_UART_MspInit                         0x08002abd   Thumb Code   644  stm32f7xx_hal_msp.o(i.HAL_UART_MspInit)
    HAL_UART_TxCpltCallback                  0x08002d79   Thumb Code     2  stm32f7xx_hal_uart.o(i.HAL_UART_TxCpltCallback)
    HardFault_Handler                        0x08002d7b   Thumb Code     2  stm32f7xx_it.o(i.HardFault_Handler)
    MX_USB_DEVICE_Init                       0x08003535   Thumb Code    66  usb_device.o(i.MX_USB_DEVICE_Init)
    MemManage_Handler                        0x08003589   Thumb Code     2  stm32f7xx_it.o(i.MemManage_Handler)
    NMI_Handler                              0x0800358b   Thumb Code     2  stm32f7xx_it.o(i.NMI_Handler)
    OTG_FS_IRQHandler                        0x0800358d   Thumb Code     6  stm32f7xx_it.o(i.OTG_FS_IRQHandler)
    PendSV_Handler                           0x08003717   Thumb Code     2  stm32f7xx_it.o(i.PendSV_Handler)
    SVC_Handler                              0x08003719   Thumb Code     2  stm32f7xx_it.o(i.SVC_Handler)
    SystemClock_Config                       0x0800371d   Thumb Code   172  main.o(i.SystemClock_Config)
    SystemInit                               0x080037d5   Thumb Code    68  system_stm32f7xx.o(i.SystemInit)
    TIM1_UP_TIM10_IRQHandler                 0x08003829   Thumb Code    18  stm32f7xx_it.o(i.TIM1_UP_TIM10_IRQHandler)
    TIM3_IRQHandler                          0x08003845   Thumb Code     6  stm32f7xx_it.o(i.TIM3_IRQHandler)
    TIM4_IRQHandler                          0x08003851   Thumb Code     6  stm32f7xx_it.o(i.TIM4_IRQHandler)
    TIM5_IRQHandler                          0x0800385d   Thumb Code     6  stm32f7xx_it.o(i.TIM5_IRQHandler)
    TIM_Base_SetConfig                       0x08003869   Thumb Code   158  stm32f7xx_hal_tim.o(i.TIM_Base_SetConfig)
    TIM_ETR_SetConfig                        0x08003935   Thumb Code    18  stm32f7xx_hal_tim.o(i.TIM_ETR_SetConfig)
    TIM_OC2_SetConfig                        0x080039cd   Thumb Code   108  stm32f7xx_hal_tim.o(i.TIM_OC2_SetConfig)
    UART_AdvFeatureConfig                    0x08003c97   Thumb Code   200  stm32f7xx_hal_uart.o(i.UART_AdvFeatureConfig)
    UART_CheckIdleState                      0x08003d5f   Thumb Code    60  stm32f7xx_hal_uart.o(i.UART_CheckIdleState)
    UART_SetConfig                           0x08003dd1   Thumb Code   546  stm32f7xx_hal_uart.o(i.UART_SetConfig)
    UART_WaitOnFlagUntilTimeout              0x08004025   Thumb Code    96  stm32f7xx_hal_uart.o(i.UART_WaitOnFlagUntilTimeout)
    USART1_IRQHandler                        0x08004085   Thumb Code     6  stm32f7xx_it.o(i.USART1_IRQHandler)
    USART2_IRQHandler                        0x08004091   Thumb Code     6  stm32f7xx_it.o(i.USART2_IRQHandler)
    USART3_IRQHandler                        0x0800409d   Thumb Code     6  stm32f7xx_it.o(i.USART3_IRQHandler)
    USBD_CDC_GetDeviceQualifierDescriptor    0x08004189   Thumb Code     8  usbd_cdc.o(i.USBD_CDC_GetDeviceQualifierDescriptor)
    USBD_CDC_ReceivePacket                   0x0800424d   Thumb Code    40  usbd_cdc.o(i.USBD_CDC_ReceivePacket)
    USBD_CDC_RegisterInterface               0x08004275   Thumb Code    20  usbd_cdc.o(i.USBD_CDC_RegisterInterface)
    USBD_CDC_SetRxBuffer                     0x08004289   Thumb Code    12  usbd_cdc.o(i.USBD_CDC_SetRxBuffer)
    USBD_CDC_SetTxBuffer                     0x08004295   Thumb Code    16  usbd_cdc.o(i.USBD_CDC_SetTxBuffer)
    USBD_ClrClassConfig                      0x08004353   Thumb Code    14  usbd_core.o(i.USBD_ClrClassConfig)
    USBD_CtlContinueRx                       0x08004361   Thumb Code    16  usbd_ioreq.o(i.USBD_CtlContinueRx)
    USBD_CtlContinueSendData                 0x08004371   Thumb Code    16  usbd_ioreq.o(i.USBD_CtlContinueSendData)
    USBD_CtlError                            0x08004381   Thumb Code    22  usbd_ctlreq.o(i.USBD_CtlError)
    USBD_CtlPrepareRx                        0x08004397   Thumb Code    30  usbd_ioreq.o(i.USBD_CtlPrepareRx)
    USBD_CtlReceiveStatus                    0x080043b5   Thumb Code    22  usbd_ioreq.o(i.USBD_CtlReceiveStatus)
    USBD_CtlSendData                         0x080043cb   Thumb Code    26  usbd_ioreq.o(i.USBD_CtlSendData)
    USBD_CtlSendStatus                       0x080043e5   Thumb Code    22  usbd_ioreq.o(i.USBD_CtlSendStatus)
    USBD_FS_ConfigStrDescriptor              0x080043fd   Thumb Code    16  usbd_desc.o(i.USBD_FS_ConfigStrDescriptor)
    USBD_FS_DeviceDescriptor                 0x0800441d   Thumb Code     8  usbd_desc.o(i.USBD_FS_DeviceDescriptor)
    USBD_FS_InterfaceStrDescriptor           0x08004429   Thumb Code    16  usbd_desc.o(i.USBD_FS_InterfaceStrDescriptor)
    USBD_FS_LangIDStrDescriptor              0x0800444d   Thumb Code     8  usbd_desc.o(i.USBD_FS_LangIDStrDescriptor)
    USBD_FS_ManufacturerStrDescriptor        0x08004459   Thumb Code    16  usbd_desc.o(i.USBD_FS_ManufacturerStrDescriptor)
    USBD_FS_ProductStrDescriptor             0x08004481   Thumb Code    16  usbd_desc.o(i.USBD_FS_ProductStrDescriptor)
    USBD_FS_SerialStrDescriptor              0x080044ad   Thumb Code    50  usbd_desc.o(i.USBD_FS_SerialStrDescriptor)
    USBD_FS_USR_BOSDescriptor                0x080044e9   Thumb Code     8  usbd_desc.o(i.USBD_FS_USR_BOSDescriptor)
    USBD_GetString                           0x080045f3   Thumb Code    74  usbd_ctlreq.o(i.USBD_GetString)
    USBD_Get_USB_Status                      0x0800463d   Thumb Code    24  usbd_conf.o(i.USBD_Get_USB_Status)
    USBD_Init                                0x08004655   Thumb Code    42  usbd_core.o(i.USBD_Init)
    USBD_LL_ClearStallEP                     0x0800467f   Thumb Code    18  usbd_conf.o(i.USBD_LL_ClearStallEP)
    USBD_LL_CloseEP                          0x08004691   Thumb Code    18  usbd_conf.o(i.USBD_LL_CloseEP)
    USBD_LL_DataInStage                      0x080046a3   Thumb Code   194  usbd_core.o(i.USBD_LL_DataInStage)
    USBD_LL_DataOutStage                     0x08004765   Thumb Code   130  usbd_core.o(i.USBD_LL_DataOutStage)
    USBD_LL_DevConnected                     0x080047e7   Thumb Code     4  usbd_core.o(i.USBD_LL_DevConnected)
    USBD_LL_DevDisconnected                  0x080047eb   Thumb Code    22  usbd_core.o(i.USBD_LL_DevDisconnected)
    USBD_LL_GetRxDataSize                    0x08004801   Thumb Code     8  usbd_conf.o(i.USBD_LL_GetRxDataSize)
    USBD_LL_Init                             0x08004809   Thumb Code    90  usbd_conf.o(i.USBD_LL_Init)
    USBD_LL_IsStallEP                        0x08004869   Thumb Code    32  usbd_conf.o(i.USBD_LL_IsStallEP)
    USBD_LL_IsoINIncomplete                  0x08004889   Thumb Code     4  usbd_core.o(i.USBD_LL_IsoINIncomplete)
    USBD_LL_IsoOUTIncomplete                 0x0800488d   Thumb Code     4  usbd_core.o(i.USBD_LL_IsoOUTIncomplete)
    USBD_LL_OpenEP                           0x08004891   Thumb Code    24  usbd_conf.o(i.USBD_LL_OpenEP)
    USBD_LL_PrepareReceive                   0x080048a9   Thumb Code    18  usbd_conf.o(i.USBD_LL_PrepareReceive)
    USBD_LL_Reset                            0x080048bb   Thumb Code    80  usbd_core.o(i.USBD_LL_Reset)
    USBD_LL_Resume                           0x0800490b   Thumb Code    12  usbd_core.o(i.USBD_LL_Resume)
    USBD_LL_SOF                              0x08004917   Thumb Code    24  usbd_core.o(i.USBD_LL_SOF)
    USBD_LL_SetSpeed                         0x0800492f   Thumb Code     6  usbd_core.o(i.USBD_LL_SetSpeed)
    USBD_LL_SetUSBAddress                    0x08004935   Thumb Code    18  usbd_conf.o(i.USBD_LL_SetUSBAddress)
    USBD_LL_SetupStage                       0x08004947   Thumb Code    86  usbd_core.o(i.USBD_LL_SetupStage)
    USBD_LL_StallEP                          0x0800499d   Thumb Code    18  usbd_conf.o(i.USBD_LL_StallEP)
    USBD_LL_Start                            0x080049af   Thumb Code    18  usbd_conf.o(i.USBD_LL_Start)
    USBD_LL_Suspend                          0x080049c1   Thumb Code    18  usbd_core.o(i.USBD_LL_Suspend)
    USBD_LL_Transmit                         0x080049d3   Thumb Code    18  usbd_conf.o(i.USBD_LL_Transmit)
    USBD_ParseSetupRequest                   0x080049e5   Thumb Code    40  usbd_ctlreq.o(i.USBD_ParseSetupRequest)
    USBD_RegisterClass                       0x08004a0d   Thumb Code    18  usbd_core.o(i.USBD_RegisterClass)
    USBD_SetClassConfig                      0x08004a1f   Thumb Code    22  usbd_core.o(i.USBD_SetClassConfig)
    USBD_Start                               0x08004abd   Thumb Code    10  usbd_core.o(i.USBD_Start)
    USBD_StdDevReq                           0x08004ac7   Thumb Code   276  usbd_ctlreq.o(i.USBD_StdDevReq)
    USBD_StdEPReq                            0x08004bdb   Thumb Code   336  usbd_ctlreq.o(i.USBD_StdEPReq)
    USBD_StdItfReq                           0x08004d2b   Thumb Code    78  usbd_ctlreq.o(i.USBD_StdItfReq)
    USB_ActivateEndpoint                     0x08004d79   Thumb Code   124  stm32f7xx_ll_usb.o(i.USB_ActivateEndpoint)
    USB_ActivateSetup                        0x08004df9   Thumb Code    52  stm32f7xx_ll_usb.o(i.USB_ActivateSetup)
    USB_CoreInit                             0x08004e2d   Thumb Code   104  stm32f7xx_ll_usb.o(i.USB_CoreInit)
    USB_DeactivateEndpoint                   0x08004ed1   Thumb Code   118  stm32f7xx_ll_usb.o(i.USB_DeactivateEndpoint)
    USB_DevConnect                           0x08004f51   Thumb Code    24  stm32f7xx_ll_usb.o(i.USB_DevConnect)
    USB_DevDisconnect                        0x08004f69   Thumb Code    24  stm32f7xx_ll_usb.o(i.USB_DevDisconnect)
    USB_DevInit                              0x08004f81   Thumb Code   386  stm32f7xx_ll_usb.o(i.USB_DevInit)
    USB_DisableGlobalInt                     0x08005115   Thumb Code    12  stm32f7xx_ll_usb.o(i.USB_DisableGlobalInt)
    USB_EP0StartXfer                         0x08005121   Thumb Code   266  stm32f7xx_ll_usb.o(i.USB_EP0StartXfer)
    USB_EP0_OutStart                         0x08005231   Thumb Code    84  stm32f7xx_ll_usb.o(i.USB_EP0_OutStart)
    USB_EPClearStall                         0x08005289   Thumb Code    88  stm32f7xx_ll_usb.o(i.USB_EPClearStall)
    USB_EPSetStall                           0x080052e1   Thumb Code    88  stm32f7xx_ll_usb.o(i.USB_EPSetStall)
    USB_EPStartXfer                          0x08005339   Thumb Code   452  stm32f7xx_ll_usb.o(i.USB_EPStartXfer)
    USB_EnableGlobalInt                      0x08005501   Thumb Code    12  stm32f7xx_ll_usb.o(i.USB_EnableGlobalInt)
    USB_FlushRxFifo                          0x0800550d   Thumb Code    28  stm32f7xx_ll_usb.o(i.USB_FlushRxFifo)
    USB_FlushTxFifo                          0x0800552d   Thumb Code    32  stm32f7xx_ll_usb.o(i.USB_FlushTxFifo)
    USB_GetDevSpeed                          0x08005551   Thumb Code    26  stm32f7xx_ll_usb.o(i.USB_GetDevSpeed)
    USB_GetMode                              0x0800556b   Thumb Code     8  stm32f7xx_ll_usb.o(i.USB_GetMode)
    USB_ReadDevAllInEpInterrupt              0x08005573   Thumb Code    14  stm32f7xx_ll_usb.o(i.USB_ReadDevAllInEpInterrupt)
    USB_ReadDevAllOutEpInterrupt             0x08005581   Thumb Code    14  stm32f7xx_ll_usb.o(i.USB_ReadDevAllOutEpInterrupt)
    USB_ReadDevInEPInterrupt                 0x0800558f   Thumb Code    36  stm32f7xx_ll_usb.o(i.USB_ReadDevInEPInterrupt)
    USB_ReadDevOutEPInterrupt                0x080055b3   Thumb Code    16  stm32f7xx_ll_usb.o(i.USB_ReadDevOutEPInterrupt)
    USB_ReadInterrupts                       0x080055c3   Thumb Code     8  stm32f7xx_ll_usb.o(i.USB_ReadInterrupts)
    USB_ReadPacket                           0x080055cb   Thumb Code    28  stm32f7xx_ll_usb.o(i.USB_ReadPacket)
    USB_SetCurrentMode                       0x080055e7   Thumb Code    46  stm32f7xx_ll_usb.o(i.USB_SetCurrentMode)
    USB_SetDevAddress                        0x08005615   Thumb Code    34  stm32f7xx_ll_usb.o(i.USB_SetDevAddress)
    USB_SetTurnaroundTime                    0x08005639   Thumb Code   158  stm32f7xx_ll_usb.o(i.USB_SetTurnaroundTime)
    USB_WritePacket                          0x08005721   Thumb Code    36  stm32f7xx_ll_usb.o(i.USB_WritePacket)
    UsageFault_Handler                       0x08005745   Thumb Code     2  stm32f7xx_it.o(i.UsageFault_Handler)
    __scatterload_copy                       0x08005769   Thumb Code    14  handlers.o(i.__scatterload_copy)
    __scatterload_null                       0x08005777   Thumb Code     2  handlers.o(i.__scatterload_null)
    __scatterload_zeroinit                   0x08005779   Thumb Code    14  handlers.o(i.__scatterload_zeroinit)
    free                                     0x08005789   Thumb Code    76  malloc.o(i.free)
    main                                     0x080057d9   Thumb Code   102  main.o(i.main)
    malloc                                   0x0800584d   Thumb Code    92  malloc.o(i.malloc)
    AHBPrescTable                            0x080058c0   Data          16  system_stm32f7xx.o(.constdata)
    APBPrescTable                            0x080058d0   Data           8  system_stm32f7xx.o(.constdata)
    Region$$Table$$Base                      0x080058d8   Number         0  anon$$obj.o(Region$$Table)
    Region$$Table$$Limit                     0x080058f8   Number         0  anon$$obj.o(Region$$Table)
    FS_Desc                                  0x20000014   Data          32  usbd_desc.o(.data)
    USBD_LangIDDesc                          0x20000034   Data           4  usbd_desc.o(.data)
    USBD_FS_DeviceDesc                       0x20000038   Data          18  usbd_desc.o(.data)
    USBD_FS_BOSDesc                          0x2000004c   Data          12  usbd_desc.o(.data)
    USBD_StringSerial                        0x20000058   Data          26  usbd_desc.o(.data)
    USBD_Interface_fops_FS                   0x20000074   Data          16  usbd_cdc_if.o(.data)
    uwTickFreq                               0x20000084   Data           1  stm32f7xx_hal.o(.data)
    uwTickPrio                               0x20000088   Data           4  stm32f7xx_hal.o(.data)
    uwTick                                   0x2000008c   Data           4  stm32f7xx_hal.o(.data)
    SystemCoreClock                          0x20000090   Data           4  system_stm32f7xx.o(.data)
    USBD_CDC_CfgHSDesc                       0x200000a4   Data          67  usbd_cdc.o(.data)
    USBD_CDC_CfgFSDesc                       0x200000e8   Data          67  usbd_cdc.o(.data)
    USBD_CDC_OtherSpeedCfgDesc               0x2000012c   Data          67  usbd_cdc.o(.data)
    USBD_CDC                                 0x20000170   Data          56  usbd_cdc.o(.data)
    __microlib_freelist                      0x200001a8   Data           4  mvars.o(.data)
    __microlib_freelist_initialised          0x200001ac   Data           4  mvars.o(.data)
    hspi1                                    0x200001b0   Data         100  main.o(.bss)
    hspi2                                    0x20000214   Data         100  main.o(.bss)
    hspi3                                    0x20000278   Data         100  main.o(.bss)
    htim1                                    0x200002dc   Data          64  main.o(.bss)
    htim2                                    0x2000031c   Data          64  main.o(.bss)
    htim3                                    0x2000035c   Data          64  main.o(.bss)
    htim4                                    0x2000039c   Data          64  main.o(.bss)
    htim5                                    0x200003dc   Data          64  main.o(.bss)
    htim8                                    0x2000041c   Data          64  main.o(.bss)
    htim9                                    0x2000045c   Data          64  main.o(.bss)
    htim10                                   0x2000049c   Data          64  main.o(.bss)
    huart1                                   0x200004dc   Data         128  main.o(.bss)
    huart2                                   0x2000055c   Data         128  main.o(.bss)
    huart3                                   0x200005dc   Data         128  main.o(.bss)
    hdma_usart1_tx                           0x2000065c   Data          96  main.o(.bss)
    hdma_usart1_rx                           0x200006bc   Data          96  main.o(.bss)
    hdma_usart2_rx                           0x2000071c   Data          96  main.o(.bss)
    hdma_usart2_tx                           0x2000077c   Data          96  main.o(.bss)
    hdma_usart3_rx                           0x200007dc   Data          96  main.o(.bss)
    hdma_usart3_tx                           0x2000083c   Data          96  main.o(.bss)
    hUsbDeviceFS                             0x2000089c   Data         668  usb_device.o(.bss)
    USBD_StrDesc                             0x20000b38   Data         512  usbd_desc.o(.bss)
    UserRxBufferFS                           0x20000d38   Data        2048  usbd_cdc_if.o(.bss)
    UserTxBufferFS                           0x20001538   Data        2048  usbd_cdc_if.o(.bss)
    hpcd_USB_OTG_FS                          0x20001d38   Data        1028  usbd_conf.o(.bss)
    __heap_base                              0x20002140   Data           0  startup_stm32f745xx.o(HEAP)
    __heap_limit                             0x20002340   Data           0  startup_stm32f745xx.o(HEAP)
    __initial_sp                             0x20002740   Data           0  startup_stm32f745xx.o(STACK)



==============================================================================

Memory Map of the image

  Image Entry point : 0x080001c9

  Load Region LR_IROM1 (Base: 0x08000000, Size: 0x00005aa8, Max: 0x00080000, ABSOLUTE, COMPRESSED[0x000059d8])

    Execution Region ER_IROM1 (Exec base: 0x08000000, Load base: 0x08000000, Size: 0x000058f8, Max: 0x00080000, ABSOLUTE)

    Exec Addr    Load Addr    Size         Type   Attr      Idx    E Section Name        Object

    0x08000000   0x08000000   0x000001c8   Data   RO            3    RESET               startup_stm32f745xx.o
    0x080001c8   0x080001c8   0x00000000   Code   RO         5389  * .ARM.Collect$$$$00000000  mc_w.l(entry.o)
    0x080001c8   0x080001c8   0x00000004   Code   RO         5430    .ARM.Collect$$$$00000001  mc_w.l(entry2.o)
    0x080001cc   0x080001cc   0x00000004   Code   RO         5433    .ARM.Collect$$$$00000004  mc_w.l(entry5.o)
    0x080001d0   0x080001d0   0x00000000   Code   RO         5435    .ARM.Collect$$$$00000008  mc_w.l(entry7b.o)
    0x080001d0   0x080001d0   0x00000000   Code   RO         5437    .ARM.Collect$$$$0000000A  mc_w.l(entry8b.o)
    0x080001d0   0x080001d0   0x00000008   Code   RO         5438    .ARM.Collect$$$$0000000B  mc_w.l(entry9a.o)
    0x080001d8   0x080001d8   0x00000000   Code   RO         5440    .ARM.Collect$$$$0000000D  mc_w.l(entry10a.o)
    0x080001d8   0x080001d8   0x00000000   Code   RO         5442    .ARM.Collect$$$$0000000F  mc_w.l(entry11a.o)
    0x080001d8   0x080001d8   0x00000004   Code   RO         5431    .ARM.Collect$$$$00002712  mc_w.l(entry2.o)
    0x080001dc   0x080001dc   0x00000024   Code   RO            4    .text               startup_stm32f745xx.o
    0x08000200   0x08000200   0x00000062   Code   RO         5392    .text               mc_w.l(uldiv.o)
    0x08000262   0x08000262   0x00000024   Code   RO         5394    .text               mc_w.l(memcpya.o)
    0x08000286   0x08000286   0x00000024   Code   RO         5396    .text               mc_w.l(memseta.o)
    0x080002aa   0x080002aa   0x0000001e   Code   RO         5444    .text               mc_w.l(llshl.o)
    0x080002c8   0x080002c8   0x00000020   Code   RO         5446    .text               mc_w.l(llushr.o)
    0x080002e8   0x080002e8   0x00000024   Code   RO         5450    .text               mc_w.l(init.o)
    0x0800030c   0x0800030c   0x00000056   Code   RO         5460    .text               mc_w.l(__dczerorl2.o)
    0x08000362   0x08000362   0x00000002   Code   RO          439    i.BusFault_Handler  stm32f7xx_it.o
    0x08000364   0x08000364   0x00000004   Code   RO          806    i.CDC_Control_FS    usbd_cdc_if.o
    0x08000368   0x08000368   0x00000004   Code   RO          807    i.CDC_DeInit_FS     usbd_cdc_if.o
    0x0800036c   0x0800036c   0x00000024   Code   RO          808    i.CDC_Init_FS       usbd_cdc_if.o
    0x08000390   0x08000390   0x00000018   Code   RO          809    i.CDC_Receive_FS    usbd_cdc_if.o
    0x080003a8   0x080003a8   0x0000000c   Code   RO          440    i.DMA1_Stream1_IRQHandler  stm32f7xx_it.o
    0x080003b4   0x080003b4   0x0000000c   Code   RO          441    i.DMA1_Stream3_IRQHandler  stm32f7xx_it.o
    0x080003c0   0x080003c0   0x0000000c   Code   RO          442    i.DMA1_Stream5_IRQHandler  stm32f7xx_it.o
    0x080003cc   0x080003cc   0x0000000c   Code   RO          443    i.DMA1_Stream6_IRQHandler  stm32f7xx_it.o
    0x080003d8   0x080003d8   0x0000000c   Code   RO          444    i.DMA2_Stream2_IRQHandler  stm32f7xx_it.o
    0x080003e4   0x080003e4   0x0000000c   Code   RO          445    i.DMA2_Stream7_IRQHandler  stm32f7xx_it.o
    0x080003f0   0x080003f0   0x00000028   Code   RO         3865    i.DMA_CalcBaseAndBitshift  stm32f7xx_hal_dma.o
    0x08000418   0x08000418   0x00000054   Code   RO         3866    i.DMA_CheckFifoParam  stm32f7xx_hal_dma.o
    0x0800046c   0x0800046c   0x00000002   Code   RO          446    i.DebugMon_Handler  stm32f7xx_it.o
    0x0800046e   0x0800046e   0x00000036   Code   RO          447    i.EXTI15_10_IRQHandler  stm32f7xx_it.o
    0x080004a4   0x080004a4   0x00000002   Code   RO          305    i.Error_Handler     main.o
    0x080004a6   0x080004a6   0x00000024   Code   RO         3869    i.HAL_DMA_Abort_IT  stm32f7xx_hal_dma.o
    0x080004ca   0x080004ca   0x00000002   PAD
    0x080004cc   0x080004cc   0x000001a0   Code   RO         3873    i.HAL_DMA_IRQHandler  stm32f7xx_hal_dma.o
    0x0800066c   0x0800066c   0x000000e4   Code   RO         3874    i.HAL_DMA_Init      stm32f7xx_hal_dma.o
    0x08000750   0x08000750   0x00000024   Code   RO         4235    i.HAL_Delay         stm32f7xx_hal.o
    0x08000774   0x08000774   0x00000002   Code   RO         3800    i.HAL_GPIO_EXTI_Callback  stm32f7xx_hal_gpio.o
    0x08000776   0x08000776   0x00000002   PAD
    0x08000778   0x08000778   0x00000018   Code   RO         3801    i.HAL_GPIO_EXTI_IRQHandler  stm32f7xx_hal_gpio.o
    0x08000790   0x08000790   0x000001d8   Code   RO         3802    i.HAL_GPIO_Init     stm32f7xx_hal_gpio.o
    0x08000968   0x08000968   0x0000000a   Code   RO         3806    i.HAL_GPIO_WritePin  stm32f7xx_hal_gpio.o
    0x08000972   0x08000972   0x00000002   PAD
    0x08000974   0x08000974   0x0000000c   Code   RO         4243    i.HAL_GetTick       stm32f7xx_hal.o
    0x08000980   0x08000980   0x00000016   Code   RO         4250    i.HAL_Init          stm32f7xx_hal.o
    0x08000996   0x08000996   0x00000002   PAD
    0x08000998   0x08000998   0x00000040   Code   RO         4251    i.HAL_InitTick      stm32f7xx_hal.o
    0x080009d8   0x080009d8   0x00000030   Code   RO          599    i.HAL_MspInit       stm32f7xx_hal_msp.o
    0x08000a08   0x08000a08   0x0000001a   Code   RO         1638    i.HAL_NVIC_EnableIRQ  stm32f7xx_hal_cortex.o
    0x08000a22   0x08000a22   0x00000002   PAD
    0x08000a24   0x08000a24   0x00000040   Code   RO         1644    i.HAL_NVIC_SetPriority  stm32f7xx_hal_cortex.o
    0x08000a64   0x08000a64   0x00000024   Code   RO         1645    i.HAL_NVIC_SetPriorityGrouping  stm32f7xx_hal_cortex.o
    0x08000a88   0x08000a88   0x00000028   Code   RO         1279    i.HAL_PCDEx_ActivateLPM  stm32f7xx_hal_pcd_ex.o
    0x08000ab0   0x08000ab0   0x00000060   Code   RO          858    i.HAL_PCDEx_LPM_Callback  usbd_conf.o
    0x08000b10   0x08000b10   0x00000008   Code   RO         1283    i.HAL_PCDEx_SetRxFiFo  stm32f7xx_hal_pcd_ex.o
    0x08000b18   0x08000b18   0x00000046   Code   RO         1284    i.HAL_PCDEx_SetTxFiFo  stm32f7xx_hal_pcd_ex.o
    0x08000b5e   0x08000b5e   0x00000008   Code   RO          859    i.HAL_PCD_ConnectCallback  usbd_conf.o
    0x08000b66   0x08000b66   0x00000012   Code   RO          860    i.HAL_PCD_DataInStageCallback  usbd_conf.o
    0x08000b78   0x08000b78   0x00000014   Code   RO          861    i.HAL_PCD_DataOutStageCallback  usbd_conf.o
    0x08000b8c   0x08000b8c   0x00000008   Code   RO          862    i.HAL_PCD_DisconnectCallback  usbd_conf.o
    0x08000b94   0x08000b94   0x0000004c   Code   RO         1068    i.HAL_PCD_EP_Close  stm32f7xx_hal_pcd.o
    0x08000be0   0x08000be0   0x0000005c   Code   RO         1069    i.HAL_PCD_EP_ClrStall  stm32f7xx_hal_pcd.o
    0x08000c3c   0x08000c3c   0x00000012   Code   RO         1071    i.HAL_PCD_EP_GetRxCount  stm32f7xx_hal_pcd.o
    0x08000c4e   0x08000c4e   0x00000060   Code   RO         1072    i.HAL_PCD_EP_Open   stm32f7xx_hal_pcd.o
    0x08000cae   0x08000cae   0x00000044   Code   RO         1073    i.HAL_PCD_EP_Receive  stm32f7xx_hal_pcd.o
    0x08000cf2   0x08000cf2   0x00000074   Code   RO         1074    i.HAL_PCD_EP_SetStall  stm32f7xx_hal_pcd.o
    0x08000d66   0x08000d66   0x00000044   Code   RO         1075    i.HAL_PCD_EP_Transmit  stm32f7xx_hal_pcd.o
    0x08000daa   0x08000daa   0x00000002   PAD
    0x08000dac   0x08000dac   0x000004aa   Code   RO         1077    i.HAL_PCD_IRQHandler  stm32f7xx_hal_pcd.o
    0x08001256   0x08001256   0x00000008   Code   RO          863    i.HAL_PCD_ISOINIncompleteCallback  usbd_conf.o
    0x0800125e   0x0800125e   0x00000008   Code   RO          864    i.HAL_PCD_ISOOUTIncompleteCallback  usbd_conf.o
    0x08001266   0x08001266   0x00000002   PAD
    0x08001268   0x08001268   0x000000ea   Code   RO         1080    i.HAL_PCD_Init      stm32f7xx_hal_pcd.o
    0x08001352   0x08001352   0x00000002   PAD
    0x08001354   0x08001354   0x00000084   Code   RO          866    i.HAL_PCD_MspInit   usbd_conf.o
    0x080013d8   0x080013d8   0x0000002c   Code   RO          867    i.HAL_PCD_ResetCallback  usbd_conf.o
    0x08001404   0x08001404   0x00000008   Code   RO          868    i.HAL_PCD_ResumeCallback  usbd_conf.o
    0x0800140c   0x0800140c   0x00000008   Code   RO          869    i.HAL_PCD_SOFCallback  usbd_conf.o
    0x08001414   0x08001414   0x00000028   Code   RO         1086    i.HAL_PCD_SetAddress  stm32f7xx_hal_pcd.o
    0x0800143c   0x0800143c   0x0000000e   Code   RO          870    i.HAL_PCD_SetupStageCallback  usbd_conf.o
    0x0800144a   0x0800144a   0x0000002a   Code   RO         1088    i.HAL_PCD_Start     stm32f7xx_hal_pcd.o
    0x08001474   0x08001474   0x00000030   Code   RO          871    i.HAL_PCD_SuspendCallback  usbd_conf.o
    0x080014a4   0x080014a4   0x0000006c   Code   RO         4142    i.HAL_PWREx_EnableOverDrive  stm32f7xx_hal_pwr_ex.o
    0x08001510   0x08001510   0x000004c4   Code   RO         3563    i.HAL_RCCEx_PeriphCLKConfig  stm32f7xx_hal_rcc_ex.o
    0x080019d4   0x080019d4   0x0000012c   Code   RO         3456    i.HAL_RCC_ClockConfig  stm32f7xx_hal_rcc.o
    0x08001b00   0x08001b00   0x0000000c   Code   RO         3461    i.HAL_RCC_GetHCLKFreq  stm32f7xx_hal_rcc.o
    0x08001b0c   0x08001b0c   0x00000020   Code   RO         3463    i.HAL_RCC_GetPCLK1Freq  stm32f7xx_hal_rcc.o
    0x08001b2c   0x08001b2c   0x00000020   Code   RO         3464    i.HAL_RCC_GetPCLK2Freq  stm32f7xx_hal_rcc.o
    0x08001b4c   0x08001b4c   0x00000060   Code   RO         3465    i.HAL_RCC_GetSysClockFreq  stm32f7xx_hal_rcc.o
    0x08001bac   0x08001bac   0x00000094   Code   RO         3466    i.HAL_RCC_MCOConfig  stm32f7xx_hal_rcc.o
    0x08001c40   0x08001c40   0x00000338   Code   RO         3468    i.HAL_RCC_OscConfig  stm32f7xx_hal_rcc.o
    0x08001f78   0x08001f78   0x00000088   Code   RO         3426    i.HAL_RS485Ex_Init  stm32f7xx_hal_uart_ex.o
    0x08002000   0x08002000   0x000000c4   Code   RO         1779    i.HAL_SPI_Init      stm32f7xx_hal_spi.o
    0x080020c4   0x080020c4   0x00000104   Code   RO          601    i.HAL_SPI_MspInit   stm32f7xx_hal_msp.o
    0x080021c8   0x080021c8   0x00000026   Code   RO         1649    i.HAL_SYSTICK_Config  stm32f7xx_hal_cortex.o
    0x080021ee   0x080021ee   0x00000002   Code   RO         2806    i.HAL_TIMEx_Break2Callback  stm32f7xx_hal_tim_ex.o
    0x080021f0   0x080021f0   0x00000002   Code   RO         2807    i.HAL_TIMEx_BreakCallback  stm32f7xx_hal_tim_ex.o
    0x080021f2   0x080021f2   0x00000002   Code   RO         2808    i.HAL_TIMEx_CommutCallback  stm32f7xx_hal_tim_ex.o
    0x080021f4   0x080021f4   0x000000a0   Code   RO         2810    i.HAL_TIMEx_ConfigBreakDeadTime  stm32f7xx_hal_tim_ex.o
    0x08002294   0x08002294   0x00000060   Code   RO         2826    i.HAL_TIMEx_MasterConfigSynchronization  stm32f7xx_hal_tim_ex.o
    0x080022f4   0x080022f4   0x00000036   Code   RO         2121    i.HAL_TIM_Base_Init  stm32f7xx_hal_tim.o
    0x0800232a   0x0800232a   0x00000002   PAD
    0x0800232c   0x0800232c   0x0000011c   Code   RO          603    i.HAL_TIM_Base_MspInit  stm32f7xx_hal_msp.o
    0x08002448   0x08002448   0x000000dc   Code   RO         2130    i.HAL_TIM_ConfigClockSource  stm32f7xx_hal_tim.o
    0x08002524   0x08002524   0x00000002   Code   RO         2150    i.HAL_TIM_IC_CaptureCallback  stm32f7xx_hal_tim.o
    0x08002526   0x08002526   0x00000182   Code   RO         2164    i.HAL_TIM_IRQHandler  stm32f7xx_hal_tim.o
    0x080026a8   0x080026a8   0x000000c4   Code   RO          604    i.HAL_TIM_MspPostInit  stm32f7xx_hal_msp.o
    0x0800276c   0x0800276c   0x00000002   Code   RO         2167    i.HAL_TIM_OC_DelayElapsedCallback  stm32f7xx_hal_tim.o
    0x0800276e   0x0800276e   0x00000128   Code   RO         2188    i.HAL_TIM_PWM_ConfigChannel  stm32f7xx_hal_tim.o
    0x08002896   0x08002896   0x00000036   Code   RO         2191    i.HAL_TIM_PWM_Init  stm32f7xx_hal_tim.o
    0x080028cc   0x080028cc   0x00000002   Code   RO         2193    i.HAL_TIM_PWM_MspInit  stm32f7xx_hal_tim.o
    0x080028ce   0x080028ce   0x00000002   Code   RO         2194    i.HAL_TIM_PWM_PulseFinishedCallback  stm32f7xx_hal_tim.o
    0x080028d0   0x080028d0   0x00000002   Code   RO           36    i.HAL_TIM_PeriodElapsedCallback  command.o
    0x080028d2   0x080028d2   0x00000056   Code   RO         2205    i.HAL_TIM_SlaveConfigSynchro  stm32f7xx_hal_tim.o
    0x08002928   0x08002928   0x00000002   Code   RO         2207    i.HAL_TIM_TriggerCallback  stm32f7xx_hal_tim.o
    0x0800292a   0x0800292a   0x00000002   Code   RO         3091    i.HAL_UART_ErrorCallback  stm32f7xx_hal_uart.o
    0x0800292c   0x0800292c   0x00000128   Code   RO         3094    i.HAL_UART_IRQHandler  stm32f7xx_hal_uart.o
    0x08002a54   0x08002a54   0x00000066   Code   RO         3095    i.HAL_UART_Init     stm32f7xx_hal_uart.o
    0x08002aba   0x08002aba   0x00000002   PAD
    0x08002abc   0x08002abc   0x000002bc   Code   RO          606    i.HAL_UART_MspInit  stm32f7xx_hal_msp.o
    0x08002d78   0x08002d78   0x00000002   Code   RO         3106    i.HAL_UART_TxCpltCallback  stm32f7xx_hal_uart.o
    0x08002d7a   0x08002d7a   0x00000002   Code   RO          448    i.HardFault_Handler  stm32f7xx_it.o
    0x08002d7c   0x08002d7c   0x00000038   Code   RO          714    i.IntToUnicode      usbd_desc.o
    0x08002db4   0x08002db4   0x0000008c   Code   RO          306    i.MX_DMA_Init       main.o
    0x08002e40   0x08002e40   0x00000134   Code   RO          307    i.MX_GPIO_Init      main.o
    0x08002f74   0x08002f74   0x00000044   Code   RO          308    i.MX_SPI1_Init      main.o
    0x08002fb8   0x08002fb8   0x00000044   Code   RO          309    i.MX_SPI2_Init      main.o
    0x08002ffc   0x08002ffc   0x00000044   Code   RO          310    i.MX_SPI3_Init      main.o
    0x08003040   0x08003040   0x000000d4   Code   RO          311    i.MX_TIM1_Init      main.o
    0x08003114   0x08003114   0x0000009c   Code   RO          312    i.MX_TIM2_Init      main.o
    0x080031b0   0x080031b0   0x00000058   Code   RO          313    i.MX_TIM3_Init      main.o
    0x08003208   0x08003208   0x00000058   Code   RO          314    i.MX_TIM4_Init      main.o
    0x08003260   0x08003260   0x00000058   Code   RO          315    i.MX_TIM5_Init      main.o
    0x080032b8   0x080032b8   0x000000d4   Code   RO          316    i.MX_TIM8_Init      main.o
    0x0800338c   0x0800338c   0x0000008c   Code   RO          317    i.MX_TIM9_Init      main.o
    0x08003418   0x08003418   0x00000060   Code   RO          318    i.MX_USART1_UART_Init  main.o
    0x08003478   0x08003478   0x00000060   Code   RO          319    i.MX_USART2_UART_Init  main.o
    0x080034d8   0x080034d8   0x0000005c   Code   RO          320    i.MX_USART3_UART_Init  main.o
    0x08003534   0x08003534   0x00000054   Code   RO          666    i.MX_USB_DEVICE_Init  usb_device.o
    0x08003588   0x08003588   0x00000002   Code   RO          449    i.MemManage_Handler  stm32f7xx_it.o
    0x0800358a   0x0800358a   0x00000002   Code   RO          450    i.NMI_Handler       stm32f7xx_it.o
    0x0800358c   0x0800358c   0x0000000c   Code   RO          451    i.OTG_FS_IRQHandler  stm32f7xx_it.o
    0x08003598   0x08003598   0x000000dc   Code   RO         1091    i.PCD_EP_OutXfrComplete_int  stm32f7xx_hal_pcd.o
    0x08003674   0x08003674   0x000000a2   Code   RO         1092    i.PCD_WriteEmptyTxFifo  stm32f7xx_hal_pcd.o
    0x08003716   0x08003716   0x00000002   Code   RO          452    i.PendSV_Handler    stm32f7xx_it.o
    0x08003718   0x08003718   0x00000002   Code   RO          453    i.SVC_Handler       stm32f7xx_it.o
    0x0800371a   0x0800371a   0x00000002   PAD
    0x0800371c   0x0800371c   0x000000b8   Code   RO          321    i.SystemClock_Config  main.o
    0x080037d4   0x080037d4   0x00000054   Code   RO         4986    i.SystemInit        system_stm32f7xx.o
    0x08003828   0x08003828   0x0000001c   Code   RO          454    i.TIM1_UP_TIM10_IRQHandler  stm32f7xx_it.o
    0x08003844   0x08003844   0x0000000c   Code   RO          455    i.TIM3_IRQHandler   stm32f7xx_it.o
    0x08003850   0x08003850   0x0000000c   Code   RO          456    i.TIM4_IRQHandler   stm32f7xx_it.o
    0x0800385c   0x0800385c   0x0000000c   Code   RO          457    i.TIM5_IRQHandler   stm32f7xx_it.o
    0x08003868   0x08003868   0x000000cc   Code   RO         2209    i.TIM_Base_SetConfig  stm32f7xx_hal_tim.o
    0x08003934   0x08003934   0x00000012   Code   RO         2220    i.TIM_ETR_SetConfig  stm32f7xx_hal_tim.o
    0x08003946   0x08003946   0x00000010   Code   RO         2221    i.TIM_ITRx_SetConfig  stm32f7xx_hal_tim.o
    0x08003956   0x08003956   0x00000002   PAD
    0x08003958   0x08003958   0x00000074   Code   RO         2222    i.TIM_OC1_SetConfig  stm32f7xx_hal_tim.o
    0x080039cc   0x080039cc   0x00000078   Code   RO         2223    i.TIM_OC2_SetConfig  stm32f7xx_hal_tim.o
    0x08003a44   0x08003a44   0x00000078   Code   RO         2224    i.TIM_OC3_SetConfig  stm32f7xx_hal_tim.o
    0x08003abc   0x08003abc   0x00000058   Code   RO         2225    i.TIM_OC4_SetConfig  stm32f7xx_hal_tim.o
    0x08003b14   0x08003b14   0x00000058   Code   RO         2226    i.TIM_OC5_SetConfig  stm32f7xx_hal_tim.o
    0x08003b6c   0x08003b6c   0x00000058   Code   RO         2227    i.TIM_OC6_SetConfig  stm32f7xx_hal_tim.o
    0x08003bc4   0x08003bc4   0x0000008c   Code   RO         2228    i.TIM_SlaveTimer_SetConfig  stm32f7xx_hal_tim.o
    0x08003c50   0x08003c50   0x00000022   Code   RO         2229    i.TIM_TI1_ConfigInputStage  stm32f7xx_hal_tim.o
    0x08003c72   0x08003c72   0x00000024   Code   RO         2231    i.TIM_TI2_ConfigInputStage  stm32f7xx_hal_tim.o
    0x08003c96   0x08003c96   0x000000c8   Code   RO         3108    i.UART_AdvFeatureConfig  stm32f7xx_hal_uart.o
    0x08003d5e   0x08003d5e   0x0000003c   Code   RO         3109    i.UART_CheckIdleState  stm32f7xx_hal_uart.o
    0x08003d9a   0x08003d9a   0x00000014   Code   RO         3110    i.UART_DMAAbortOnError  stm32f7xx_hal_uart.o
    0x08003dae   0x08003dae   0x00000020   Code   RO         3120    i.UART_EndRxTransfer  stm32f7xx_hal_uart.o
    0x08003dce   0x08003dce   0x00000002   PAD
    0x08003dd0   0x08003dd0   0x00000254   Code   RO         3124    i.UART_SetConfig    stm32f7xx_hal_uart.o
    0x08004024   0x08004024   0x00000060   Code   RO         3127    i.UART_WaitOnFlagUntilTimeout  stm32f7xx_hal_uart.o
    0x08004084   0x08004084   0x0000000c   Code   RO          458    i.USART1_IRQHandler  stm32f7xx_it.o
    0x08004090   0x08004090   0x0000000c   Code   RO          459    i.USART2_IRQHandler  stm32f7xx_it.o
    0x0800409c   0x0800409c   0x0000000c   Code   RO          460    i.USART3_IRQHandler  stm32f7xx_it.o
    0x080040a8   0x080040a8   0x0000004a   Code   RO         5286    i.USBD_CDC_DataIn   usbd_cdc.o
    0x080040f2   0x080040f2   0x0000002e   Code   RO         5287    i.USBD_CDC_DataOut  usbd_cdc.o
    0x08004120   0x08004120   0x00000044   Code   RO         5288    i.USBD_CDC_DeInit   usbd_cdc.o
    0x08004164   0x08004164   0x00000024   Code   RO         5289    i.USBD_CDC_EP0_RxReady  usbd_cdc.o
    0x08004188   0x08004188   0x0000000c   Code   RO         5290    i.USBD_CDC_GetDeviceQualifierDescriptor  usbd_cdc.o
    0x08004194   0x08004194   0x0000000c   Code   RO         5291    i.USBD_CDC_GetFSCfgDesc  usbd_cdc.o
    0x080041a0   0x080041a0   0x0000000c   Code   RO         5292    i.USBD_CDC_GetHSCfgDesc  usbd_cdc.o
    0x080041ac   0x080041ac   0x0000000c   Code   RO         5293    i.USBD_CDC_GetOtherSpeedCfgDesc  usbd_cdc.o
    0x080041b8   0x080041b8   0x00000094   Code   RO         5294    i.USBD_CDC_Init     usbd_cdc.o
    0x0800424c   0x0800424c   0x00000028   Code   RO         5295    i.USBD_CDC_ReceivePacket  usbd_cdc.o
    0x08004274   0x08004274   0x00000014   Code   RO         5296    i.USBD_CDC_RegisterInterface  usbd_cdc.o
    0x08004288   0x08004288   0x0000000c   Code   RO         5297    i.USBD_CDC_SetRxBuffer  usbd_cdc.o
    0x08004294   0x08004294   0x00000010   Code   RO         5298    i.USBD_CDC_SetTxBuffer  usbd_cdc.o
    0x080042a4   0x080042a4   0x000000ae   Code   RO         5299    i.USBD_CDC_Setup    usbd_cdc.o
    0x08004352   0x08004352   0x0000000e   Code   RO         5023    i.USBD_ClrClassConfig  usbd_core.o
    0x08004360   0x08004360   0x00000010   Code   RO         5226    i.USBD_CtlContinueRx  usbd_ioreq.o
    0x08004370   0x08004370   0x00000010   Code   RO         5227    i.USBD_CtlContinueSendData  usbd_ioreq.o
    0x08004380   0x08004380   0x00000016   Code   RO         5161    i.USBD_CtlError     usbd_ctlreq.o
    0x08004396   0x08004396   0x0000001e   Code   RO         5228    i.USBD_CtlPrepareRx  usbd_ioreq.o
    0x080043b4   0x080043b4   0x00000016   Code   RO         5229    i.USBD_CtlReceiveStatus  usbd_ioreq.o
    0x080043ca   0x080043ca   0x0000001a   Code   RO         5230    i.USBD_CtlSendData  usbd_ioreq.o
    0x080043e4   0x080043e4   0x00000016   Code   RO         5231    i.USBD_CtlSendStatus  usbd_ioreq.o
    0x080043fa   0x080043fa   0x00000002   PAD
    0x080043fc   0x080043fc   0x00000020   Code   RO          715    i.USBD_FS_ConfigStrDescriptor  usbd_desc.o
    0x0800441c   0x0800441c   0x0000000c   Code   RO          716    i.USBD_FS_DeviceDescriptor  usbd_desc.o
    0x08004428   0x08004428   0x00000024   Code   RO          717    i.USBD_FS_InterfaceStrDescriptor  usbd_desc.o
    0x0800444c   0x0800444c   0x0000000c   Code   RO          718    i.USBD_FS_LangIDStrDescriptor  usbd_desc.o
    0x08004458   0x08004458   0x00000028   Code   RO          719    i.USBD_FS_ManufacturerStrDescriptor  usbd_desc.o
    0x08004480   0x08004480   0x0000002c   Code   RO          720    i.USBD_FS_ProductStrDescriptor  usbd_desc.o
    0x080044ac   0x080044ac   0x0000003c   Code   RO          721    i.USBD_FS_SerialStrDescriptor  usbd_desc.o
    0x080044e8   0x080044e8   0x0000000c   Code   RO          722    i.USBD_FS_USR_BOSDescriptor  usbd_desc.o
    0x080044f4   0x080044f4   0x000000fe   Code   RO         5162    i.USBD_GetDescriptor  usbd_ctlreq.o
    0x080045f2   0x080045f2   0x0000004a   Code   RO         5163    i.USBD_GetString    usbd_ctlreq.o
    0x0800463c   0x0800463c   0x00000018   Code   RO          872    i.USBD_Get_USB_Status  usbd_conf.o
    0x08004654   0x08004654   0x0000002a   Code   RO         5025    i.USBD_Init         usbd_core.o
    0x0800467e   0x0800467e   0x00000012   Code   RO          873    i.USBD_LL_ClearStallEP  usbd_conf.o
    0x08004690   0x08004690   0x00000012   Code   RO          874    i.USBD_LL_CloseEP   usbd_conf.o
    0x080046a2   0x080046a2   0x000000c2   Code   RO         5026    i.USBD_LL_DataInStage  usbd_core.o
    0x08004764   0x08004764   0x00000082   Code   RO         5027    i.USBD_LL_DataOutStage  usbd_core.o
    0x080047e6   0x080047e6   0x00000004   Code   RO         5028    i.USBD_LL_DevConnected  usbd_core.o
    0x080047ea   0x080047ea   0x00000016   Code   RO         5029    i.USBD_LL_DevDisconnected  usbd_core.o
    0x08004800   0x08004800   0x00000008   Code   RO          878    i.USBD_LL_GetRxDataSize  usbd_conf.o
    0x08004808   0x08004808   0x00000060   Code   RO          879    i.USBD_LL_Init      usbd_conf.o
    0x08004868   0x08004868   0x00000020   Code   RO          880    i.USBD_LL_IsStallEP  usbd_conf.o
    0x08004888   0x08004888   0x00000004   Code   RO         5030    i.USBD_LL_IsoINIncomplete  usbd_core.o
    0x0800488c   0x0800488c   0x00000004   Code   RO         5031    i.USBD_LL_IsoOUTIncomplete  usbd_core.o
    0x08004890   0x08004890   0x00000018   Code   RO          881    i.USBD_LL_OpenEP    usbd_conf.o
    0x080048a8   0x080048a8   0x00000012   Code   RO          882    i.USBD_LL_PrepareReceive  usbd_conf.o
    0x080048ba   0x080048ba   0x00000050   Code   RO         5032    i.USBD_LL_Reset     usbd_core.o
    0x0800490a   0x0800490a   0x0000000c   Code   RO         5033    i.USBD_LL_Resume    usbd_core.o
    0x08004916   0x08004916   0x00000018   Code   RO         5034    i.USBD_LL_SOF       usbd_core.o
    0x0800492e   0x0800492e   0x00000006   Code   RO         5035    i.USBD_LL_SetSpeed  usbd_core.o
    0x08004934   0x08004934   0x00000012   Code   RO          883    i.USBD_LL_SetUSBAddress  usbd_conf.o
    0x08004946   0x08004946   0x00000056   Code   RO         5036    i.USBD_LL_SetupStage  usbd_core.o
    0x0800499c   0x0800499c   0x00000012   Code   RO          884    i.USBD_LL_StallEP   usbd_conf.o
    0x080049ae   0x080049ae   0x00000012   Code   RO          885    i.USBD_LL_Start     usbd_conf.o
    0x080049c0   0x080049c0   0x00000012   Code   RO         5037    i.USBD_LL_Suspend   usbd_core.o
    0x080049d2   0x080049d2   0x00000012   Code   RO          887    i.USBD_LL_Transmit  usbd_conf.o
    0x080049e4   0x080049e4   0x00000028   Code   RO         5164    i.USBD_ParseSetupRequest  usbd_ctlreq.o
    0x08004a0c   0x08004a0c   0x00000012   Code   RO         5038    i.USBD_RegisterClass  usbd_core.o
    0x08004a1e   0x08004a1e   0x00000016   Code   RO         5040    i.USBD_SetClassConfig  usbd_core.o
    0x08004a34   0x08004a34   0x00000088   Code   RO         5165    i.USBD_SetConfig    usbd_ctlreq.o
    0x08004abc   0x08004abc   0x0000000a   Code   RO         5041    i.USBD_Start        usbd_core.o
    0x08004ac6   0x08004ac6   0x00000114   Code   RO         5166    i.USBD_StdDevReq    usbd_ctlreq.o
    0x08004bda   0x08004bda   0x00000150   Code   RO         5167    i.USBD_StdEPReq     usbd_ctlreq.o
    0x08004d2a   0x08004d2a   0x0000004e   Code   RO         5168    i.USBD_StdItfReq    usbd_ctlreq.o
    0x08004d78   0x08004d78   0x00000080   Code   RO         1334    i.USB_ActivateEndpoint  stm32f7xx_ll_usb.o
    0x08004df8   0x08004df8   0x00000034   Code   RO         1336    i.USB_ActivateSetup  stm32f7xx_ll_usb.o
    0x08004e2c   0x08004e2c   0x0000006c   Code   RO         1338    i.USB_CoreInit      stm32f7xx_ll_usb.o
    0x08004e98   0x08004e98   0x00000038   Code   RO         1339    i.USB_CoreReset     stm32f7xx_ll_usb.o
    0x08004ed0   0x08004ed0   0x00000080   Code   RO         1342    i.USB_DeactivateEndpoint  stm32f7xx_ll_usb.o
    0x08004f50   0x08004f50   0x00000018   Code   RO         1343    i.USB_DevConnect    stm32f7xx_ll_usb.o
    0x08004f68   0x08004f68   0x00000018   Code   RO         1344    i.USB_DevDisconnect  stm32f7xx_ll_usb.o
    0x08004f80   0x08004f80   0x00000194   Code   RO         1345    i.USB_DevInit       stm32f7xx_ll_usb.o
    0x08005114   0x08005114   0x0000000c   Code   RO         1346    i.USB_DisableGlobalInt  stm32f7xx_ll_usb.o
    0x08005120   0x08005120   0x00000110   Code   RO         1349    i.USB_EP0StartXfer  stm32f7xx_ll_usb.o
    0x08005230   0x08005230   0x00000058   Code   RO         1350    i.USB_EP0_OutStart  stm32f7xx_ll_usb.o
    0x08005288   0x08005288   0x00000058   Code   RO         1351    i.USB_EPClearStall  stm32f7xx_ll_usb.o
    0x080052e0   0x080052e0   0x00000058   Code   RO         1352    i.USB_EPSetStall    stm32f7xx_ll_usb.o
    0x08005338   0x08005338   0x000001c8   Code   RO         1353    i.USB_EPStartXfer   stm32f7xx_ll_usb.o
    0x08005500   0x08005500   0x0000000c   Code   RO         1354    i.USB_EnableGlobalInt  stm32f7xx_ll_usb.o
    0x0800550c   0x0800550c   0x00000020   Code   RO         1355    i.USB_FlushRxFifo   stm32f7xx_ll_usb.o
    0x0800552c   0x0800552c   0x00000024   Code   RO         1356    i.USB_FlushTxFifo   stm32f7xx_ll_usb.o
    0x08005550   0x08005550   0x0000001a   Code   RO         1358    i.USB_GetDevSpeed   stm32f7xx_ll_usb.o
    0x0800556a   0x0800556a   0x00000008   Code   RO         1360    i.USB_GetMode       stm32f7xx_ll_usb.o
    0x08005572   0x08005572   0x0000000e   Code   RO         1367    i.USB_ReadDevAllInEpInterrupt  stm32f7xx_ll_usb.o
    0x08005580   0x08005580   0x0000000e   Code   RO         1368    i.USB_ReadDevAllOutEpInterrupt  stm32f7xx_ll_usb.o
    0x0800558e   0x0800558e   0x00000024   Code   RO         1369    i.USB_ReadDevInEPInterrupt  stm32f7xx_ll_usb.o
    0x080055b2   0x080055b2   0x00000010   Code   RO         1370    i.USB_ReadDevOutEPInterrupt  stm32f7xx_ll_usb.o
    0x080055c2   0x080055c2   0x00000008   Code   RO         1371    i.USB_ReadInterrupts  stm32f7xx_ll_usb.o
    0x080055ca   0x080055ca   0x0000001c   Code   RO         1372    i.USB_ReadPacket    stm32f7xx_ll_usb.o
    0x080055e6   0x080055e6   0x0000002e   Code   RO         1374    i.USB_SetCurrentMode  stm32f7xx_ll_usb.o
    0x08005614   0x08005614   0x00000022   Code   RO         1375    i.USB_SetDevAddress  stm32f7xx_ll_usb.o
    0x08005636   0x08005636   0x00000002   PAD
    0x08005638   0x08005638   0x000000e8   Code   RO         1377    i.USB_SetTurnaroundTime  stm32f7xx_ll_usb.o
    0x08005720   0x08005720   0x00000024   Code   RO         1380    i.USB_WritePacket   stm32f7xx_ll_usb.o
    0x08005744   0x08005744   0x00000002   Code   RO          461    i.UsageFault_Handler  stm32f7xx_it.o
    0x08005746   0x08005746   0x00000022   Code   RO         1651    i.__NVIC_SetPriority  stm32f7xx_hal_cortex.o
    0x08005768   0x08005768   0x0000000e   Code   RO         5454    i.__scatterload_copy  mc_w.l(handlers.o)
    0x08005776   0x08005776   0x00000002   Code   RO         5455    i.__scatterload_null  mc_w.l(handlers.o)
    0x08005778   0x08005778   0x0000000e   Code   RO         5456    i.__scatterload_zeroinit  mc_w.l(handlers.o)
    0x08005786   0x08005786   0x00000002   PAD
    0x08005788   0x08005788   0x00000050   Code   RO         5400    i.free              mc_w.l(malloc.o)
    0x080057d8   0x080057d8   0x00000074   Code   RO          322    i.main              main.o
    0x0800584c   0x0800584c   0x0000006c   Code   RO         5401    i.malloc            mc_w.l(malloc.o)
    0x080058b8   0x080058b8   0x00000008   Data   RO         3880    .constdata          stm32f7xx_hal_dma.o
    0x080058c0   0x080058c0   0x00000010   Data   RO         4987    .constdata          system_stm32f7xx.o
    0x080058d0   0x080058d0   0x00000008   Data   RO         4988    .constdata          system_stm32f7xx.o
    0x080058d8   0x080058d8   0x00000020   Data   RO         5452    Region$$Table       anon$$obj.o


    Execution Region RW_IRAM1 (Exec base: 0x20000000, Load base: 0x080058f8, Size: 0x00002740, Max: 0x00050000, ABSOLUTE, COMPRESSED[0x000000e0])

    Exec Addr    Load Addr    Size         Type   Attr      Idx    E Section Name        Object

    0x20000000   COMPRESSED   0x00000012   Data   RW          330    .data               main.o
    0x20000012   COMPRESSED   0x00000002   PAD
    0x20000014   COMPRESSED   0x00000020   Data   RW          724    .data               usbd_desc.o
    0x20000034   COMPRESSED   0x0000003e   Data   RW          725    .data               usbd_desc.o
    0x20000072   COMPRESSED   0x00000002   PAD
    0x20000074   COMPRESSED   0x00000010   Data   RW          812    .data               usbd_cdc_if.o
    0x20000084   COMPRESSED   0x0000000c   Data   RW         4257    .data               stm32f7xx_hal.o
    0x20000090   COMPRESSED   0x00000004   Data   RW         4989    .data               system_stm32f7xx.o
    0x20000094   COMPRESSED   0x00000001   Data   RW         5169    .data               usbd_ctlreq.o
    0x20000095   COMPRESSED   0x00000003   PAD
    0x20000098   COMPRESSED   0x000000d7   Data   RW         5301    .data               usbd_cdc.o
    0x2000016f   COMPRESSED   0x00000001   PAD
    0x20000170   COMPRESSED   0x00000038   Data   RW         5302    .data               usbd_cdc.o
    0x200001a8   COMPRESSED   0x00000004   Data   RW         5448    .data               mc_w.l(mvars.o)
    0x200001ac   COMPRESSED   0x00000004   Data   RW         5449    .data               mc_w.l(mvars.o)
    0x200001b0        -       0x000004ac   Zero   RW          323    .bss                main.o
    0x2000065c        -       0x00000060   Zero   RW          324    .bss                main.o
    0x200006bc        -       0x00000060   Zero   RW          325    .bss                main.o
    0x2000071c        -       0x00000060   Zero   RW          326    .bss                main.o
    0x2000077c        -       0x00000060   Zero   RW          327    .bss                main.o
    0x200007dc        -       0x00000060   Zero   RW          328    .bss                main.o
    0x2000083c        -       0x00000060   Zero   RW          329    .bss                main.o
    0x2000089c        -       0x0000029c   Zero   RW          667    .bss                usb_device.o
    0x20000b38        -       0x00000200   Zero   RW          723    .bss                usbd_desc.o
    0x20000d38        -       0x00001000   Zero   RW          811    .bss                usbd_cdc_if.o
    0x20001d38        -       0x00000404   Zero   RW          888    .bss                usbd_conf.o
    0x2000213c   COMPRESSED   0x00000004   PAD
    0x20002140        -       0x00000200   Zero   RW            2    HEAP                startup_stm32f745xx.o
    0x20002340        -       0x00000400   Zero   RW            1    STACK               startup_stm32f745xx.o


==============================================================================

Image component sizes


      Code (inc. data)   RO Data    RW Data    ZI Data      Debug   Object Name

         2          0          0          0          0     813548   command.o
      2222        208          0         18       1772      17264   main.o
        36          8        456          0       1536        848   startup_stm32f745xx.o
       134         20          0         12          0       8623   stm32f7xx_hal.o
       198         12          0          0          0      39071   stm32f7xx_hal_cortex.o
       804         16          8          0          0       4891   stm32f7xx_hal_dma.o
       508         60          0          0          0       3816   stm32f7xx_hal_gpio.o
      1488        156          0          0          0       5456   stm32f7xx_hal_msp.o
      2426         16          0          0          0      13293   stm32f7xx_hal_pcd.o
       118          6          0          0          0       2552   stm32f7xx_hal_pcd_ex.o
       108          8          0          0          0       1296   stm32f7xx_hal_pwr_ex.o
      1444         88          0          0          0       6620   stm32f7xx_hal_rcc.o
      1220         16          0          0          0       2284   stm32f7xx_hal_rcc_ex.o
       196          0          0          0          0       1291   stm32f7xx_hal_spi.o
      2174        144          0          0          0      18147   stm32f7xx_hal_tim.o
       262         18          0          0          0       4052   stm32f7xx_hal_tim_ex.o
      1406         74          0          0          0       8662   stm32f7xx_hal_uart.o
       136          4          0          0          0       1335   stm32f7xx_hal_uart_ex.o
       254         88          0          0          0      11236   stm32f7xx_it.o
      2506        138          0          0          0      23131   stm32f7xx_ll_usb.o
        84         16         24          4          0       1295   system_stm32f7xx.o
        84         18          0          0        668       2591   usb_device.o
       682         16          0        271          0      12960   usbd_cdc.o
        68         16          0         16       4096       2862   usbd_cdc_if.o
       730         22          0          0       1028      16841   usbd_conf.o
       690          0          0          0          0      12533   usbd_core.o
      1216         22          0          1          0       8328   usbd_ctlreq.o
       304        110          0         94        512       7005   usbd_desc.o
       132          0          0          0          0       4628   usbd_ioreq.o

    ----------------------------------------------------------------------
     21662       1300        520        424       9616    1056459   Object Totals
         0          0         32          0          0          0   (incl. Generated)
        30          0          0          8          4          0   (incl. Padding)

    ----------------------------------------------------------------------

      Code (inc. data)   RO Data    RW Data    ZI Data      Debug   Library Member Name

        86          0          0          0          0          0   __dczerorl2.o
         0          0          0          0          0          0   entry.o
         0          0          0          0          0          0   entry10a.o
         0          0          0          0          0          0   entry11a.o
         8          4          0          0          0          0   entry2.o
         4          0          0          0          0          0   entry5.o
         0          0          0          0          0          0   entry7b.o
         0          0          0          0          0          0   entry8b.o
         8          4          0          0          0          0   entry9a.o
        30          0          0          0          0          0   handlers.o
        36          8          0          0          0         68   init.o
        30          0          0          0          0         68   llshl.o
        32          0          0          0          0         68   llushr.o
       188         20          0          0          0        160   malloc.o
        36          0          0          0          0         68   memcpya.o
        36          0          0          0          0        108   memseta.o
         0          0          0          8          0          0   mvars.o
        98          0          0          0          0         92   uldiv.o

    ----------------------------------------------------------------------
       594         36          0          8          0        632   Library Totals
         2          0          0          0          0          0   (incl. Padding)

    ----------------------------------------------------------------------

      Code (inc. data)   RO Data    RW Data    ZI Data      Debug   Library Name

       592         36          0          8          0        632   mc_w.l

    ----------------------------------------------------------------------
       594         36          0          8          0        632   Library Totals

    ----------------------------------------------------------------------

==============================================================================


      Code (inc. data)   RO Data    RW Data    ZI Data      Debug   

     22256       1336        520        432       9616    1033515   Grand Totals
     22256       1336        520        224       9616    1033515   ELF Image Totals (compressed)
     22256       1336        520        224          0          0   ROM Totals

==============================================================================

    Total RO  Size (Code + RO Data)                22776 (  22.24kB)
    Total RW  Size (RW Data + ZI Data)             10048 (   9.81kB)
    Total ROM Size (Code + RO Data + RW Data)      23000 (  22.46kB)

==============================================================================

